Archive member included to satisfy reference by file (symbol)

/opt/st/stm32cubeide_1.8.0/plugins/com.st.stm32cube.ide.mcu.externaltools.gnu-tools-for-stm32.9-2020-q2-update.linux64_2.0.0.202105311346/tools/bin/../lib/gcc/arm-none-eabi/9.3.1/../../../../arm-none-eabi/lib/thumb/v7e-m+fp/hard/libc_nano.a(lib_a-ctype_.o)
                              ./Src/usbserial.o (_ctype_)
/opt/st/stm32cubeide_1.8.0/plugins/com.st.stm32cube.ide.mcu.externaltools.gnu-tools-for-stm32.9-2020-q2-update.linux64_2.0.0.202105311346/tools/bin/../lib/gcc/arm-none-eabi/9.3.1/../../../../arm-none-eabi/lib/thumb/v7e-m+fp/hard/libc_nano.a(lib_a-errno.o)
                              ./Src/syscalls.o (__errno)
/opt/st/stm32cubeide_1.8.0/plugins/com.st.stm32cube.ide.mcu.externaltools.gnu-tools-for-stm32.9-2020-q2-update.linux64_2.0.0.202105311346/tools/bin/../lib/gcc/arm-none-eabi/9.3.1/../../../../arm-none-eabi/lib/thumb/v7e-m+fp/hard/libc_nano.a(lib_a-exit.o)
                              /opt/st/stm32cubeide_1.8.0/plugins/com.st.stm32cube.ide.mcu.externaltools.gnu-tools-for-stm32.9-2020-q2-update.linux64_2.0.0.202105311346/tools/bin/../lib/gcc/arm-none-eabi/9.3.1/../../../../arm-none-eabi/lib/thumb/v7e-m+fp/hard/crt0.o (exit)
/opt/st/stm32cubeide_1.8.0/plugins/com.st.stm32cube.ide.mcu.externaltools.gnu-tools-for-stm32.9-2020-q2-update.linux64_2.0.0.202105311346/tools/bin/../lib/gcc/arm-none-eabi/9.3.1/../../../../arm-none-eabi/lib/thumb/v7e-m+fp/hard/libc_nano.a(lib_a-findfp.o)
                              ./Middlewares/Third_Party/FreeRTOS/Source/tasks.o (__sf_fake_stderr)
/opt/st/stm32cubeide_1.8.0/plugins/com.st.stm32cube.ide.mcu.externaltools.gnu-tools-for-stm32.9-2020-q2-update.linux64_2.0.0.202105311346/tools/bin/../lib/gcc/arm-none-eabi/9.3.1/../../../../arm-none-eabi/lib/thumb/v7e-m+fp/hard/libc_nano.a(lib_a-fwalk.o)
                              /opt/st/stm32cubeide_1.8.0/plugins/com.st.stm32cube.ide.mcu.externaltools.gnu-tools-for-stm32.9-2020-q2-update.linux64_2.0.0.202105311346/tools/bin/../lib/gcc/arm-none-eabi/9.3.1/../../../../arm-none-eabi/lib/thumb/v7e-m+fp/hard/libc_nano.a(lib_a-findfp.o) (_fwalk)
/opt/st/stm32cubeide_1.8.0/plugins/com.st.stm32cube.ide.mcu.externaltools.gnu-tools-for-stm32.9-2020-q2-update.linux64_2.0.0.202105311346/tools/bin/../lib/gcc/arm-none-eabi/9.3.1/../../../../arm-none-eabi/lib/thumb/v7e-m+fp/hard/libc_nano.a(lib_a-impure.o)
                              /opt/st/stm32cubeide_1.8.0/plugins/com.st.stm32cube.ide.mcu.externaltools.gnu-tools-for-stm32.9-2020-q2-update.linux64_2.0.0.202105311346/tools/bin/../lib/gcc/arm-none-eabi/9.3.1/../../../../arm-none-eabi/lib/thumb/v7e-m+fp/hard/libc_nano.a(lib_a-exit.o) (_global_impure_ptr)
/opt/st/stm32cubeide_1.8.0/plugins/com.st.stm32cube.ide.mcu.externaltools.gnu-tools-for-stm32.9-2020-q2-update.linux64_2.0.0.202105311346/tools/bin/../lib/gcc/arm-none-eabi/9.3.1/../../../../arm-none-eabi/lib/thumb/v7e-m+fp/hard/libc_nano.a(lib_a-init.o)
                              /opt/st/stm32cubeide_1.8.0/plugins/com.st.stm32cube.ide.mcu.externaltools.gnu-tools-for-stm32.9-2020-q2-update.linux64_2.0.0.202105311346/tools/bin/../lib/gcc/arm-none-eabi/9.3.1/../../../../arm-none-eabi/lib/thumb/v7e-m+fp/hard/crt0.o (__libc_init_array)
/opt/st/stm32cubeide_1.8.0/plugins/com.st.stm32cube.ide.mcu.externaltools.gnu-tools-for-stm32.9-2020-q2-update.linux64_2.0.0.202105311346/tools/bin/../lib/gcc/arm-none-eabi/9.3.1/../../../../arm-none-eabi/lib/thumb/v7e-m+fp/hard/libc_nano.a(lib_a-lock.o)
                              /opt/st/stm32cubeide_1.8.0/plugins/com.st.stm32cube.ide.mcu.externaltools.gnu-tools-for-stm32.9-2020-q2-update.linux64_2.0.0.202105311346/tools/bin/../lib/gcc/arm-none-eabi/9.3.1/../../../../arm-none-eabi/lib/thumb/v7e-m+fp/hard/libc_nano.a(lib_a-findfp.o) (__retarget_lock_init_recursive)
/opt/st/stm32cubeide_1.8.0/plugins/com.st.stm32cube.ide.mcu.externaltools.gnu-tools-for-stm32.9-2020-q2-update.linux64_2.0.0.202105311346/tools/bin/../lib/gcc/arm-none-eabi/9.3.1/../../../../arm-none-eabi/lib/thumb/v7e-m+fp/hard/libc_nano.a(lib_a-memcpy-stub.o)
                              ./Middlewares/Third_Party/FreeRTOS/Source/CMSIS_RTOS_V2/cmsis_os2.o (memcpy)
/opt/st/stm32cubeide_1.8.0/plugins/com.st.stm32cube.ide.mcu.externaltools.gnu-tools-for-stm32.9-2020-q2-update.linux64_2.0.0.202105311346/tools/bin/../lib/gcc/arm-none-eabi/9.3.1/../../../../arm-none-eabi/lib/thumb/v7e-m+fp/hard/libc_nano.a(lib_a-memset.o)
                              /opt/st/stm32cubeide_1.8.0/plugins/com.st.stm32cube.ide.mcu.externaltools.gnu-tools-for-stm32.9-2020-q2-update.linux64_2.0.0.202105311346/tools/bin/../lib/gcc/arm-none-eabi/9.3.1/../../../../arm-none-eabi/lib/thumb/v7e-m+fp/hard/crt0.o (memset)
/opt/st/stm32cubeide_1.8.0/plugins/com.st.stm32cube.ide.mcu.externaltools.gnu-tools-for-stm32.9-2020-q2-update.linux64_2.0.0.202105311346/tools/bin/../lib/gcc/arm-none-eabi/9.3.1/../../../../arm-none-eabi/lib/thumb/v7e-m+fp/hard/libc_nano.a(lib_a-nano-mallocr.o)
[...]
Memory Configuration

Name             Origin             Length             Attributes
RAM              0x0000000020000000 0x0000000000050000 xrw
FLASH            0x0000000008000000 0x0000000000080000 xr
*default*        0x0000000000000000 0xffffffffffffffff

Linker script and memory map

LOAD /opt/st/stm32cubeide_1.8.0/plugins/com.st.stm32cube.ide.mcu.externaltools.gnu-tools-for-stm32.9-2020-q2-update.linux64_2.0.0.202105311346/tools/bin/../lib/gcc/arm-none-eabi/9.3.1/thumb/v7e-m+fp/hard/crti.o
LOAD /opt/st/stm32cubeide_1.8.0/plugins/com.st.stm32cube.ide.mcu.externaltools.gnu-tools-for-stm32.9-2020-q2-update.linux64_2.0.0.202105311346/tools/bin/../lib/gcc/arm-none-eabi/9.3.1/thumb/v7e-m+fp/hard/crtbegin.o
LOAD /opt/st/stm32cubeide_1.8.0/plugins/com.st.stm32cube.ide.mcu.externaltools.gnu-tools-for-stm32.9-2020-q2-update.linux64_2.0.0.202105311346/tools/bin/../lib/gcc/arm-none-eabi/9.3.1/../../../../arm-none-eabi/lib/thumb/v7e-m+fp/hard/crt0.o
LOAD ./Drivers/STM32L4xx_HAL_Driver/Src/stm32l4xx_hal.o
LOAD ./Drivers/STM32L4xx_HAL_Driver/Src/stm32l4xx_hal_adc.o
LOAD ./Drivers/STM32L4xx_HAL_Driver/Src/stm32l4xx_hal_adc_ex.o
LOAD ./Drivers/STM32L4xx_HAL_Driver/Src/stm32l4xx_hal_comp.o
LOAD ./Drivers/STM32L4xx_HAL_Driver/Src/stm32l4xx_hal_cortex.o
LOAD ./Drivers/STM32L4xx_HAL_Driver/Src/stm32l4xx_hal_dac.o
LOAD ./Drivers/STM32L4xx_HAL_Driver/Src/stm32l4xx_hal_dac_ex.o
LOAD ./Drivers/STM32L4xx_HAL_Driver/Src/stm32l4xx_hal_dma.o
LOAD ./Drivers/STM32L4xx_HAL_Driver/Src/stm32l4xx_hal_dma_ex.o
LOAD ./Drivers/STM32L4xx_HAL_Driver/Src/stm32l4xx_hal_exti.o
LOAD ./Drivers/STM32L4xx_HAL_Driver/Src/stm32l4xx_hal_flash.o
LOAD ./Drivers/STM32L4xx_HAL_Driver/Src/stm32l4xx_hal_flash_ex.o
LOAD ./Drivers/STM32L4xx_HAL_Driver/Src/stm32l4xx_hal_flash_ramfunc.o
LOAD ./Drivers/STM32L4xx_HAL_Driver/Src/stm32l4xx_hal_gpio.o
LOAD ./Drivers/STM32L4xx_HAL_Driver/Src/stm32l4xx_hal_i2c.o
LOAD ./Drivers/STM32L4xx_HAL_Driver/Src/stm32l4xx_hal_i2c_ex.o
LOAD ./Drivers/STM32L4xx_HAL_Driver/Src/stm32l4xx_hal_lcd.o
LOAD ./Drivers/STM32L4xx_HAL_Driver/Src/stm32l4xx_hal_opamp.o
LOAD ./Drivers/STM32L4xx_HAL_Driver/Src/stm32l4xx_hal_opamp_ex.o
LOAD ./Drivers/STM32L4xx_HAL_Driver/Src/stm32l4xx_hal_pcd.o
LOAD ./Drivers/STM32L4xx_HAL_Driver/Src/stm32l4xx_hal_pcd_ex.o
LOAD ./Drivers/STM32L4xx_HAL_Driver/Src/stm32l4xx_hal_pwr.o
LOAD ./Drivers/STM32L4xx_HAL_Driver/Src/stm32l4xx_hal_pwr_ex.o
LOAD ./Drivers/STM32L4xx_HAL_Driver/Src/stm32l4xx_hal_rcc.o
LOAD ./Drivers/STM32L4xx_HAL_Driver/Src/stm32l4xx_hal_rcc_ex.o
LOAD ./Drivers/STM32L4xx_HAL_Driver/Src/stm32l4xx_hal_tim.o
LOAD ./Drivers/STM32L4xx_HAL_Driver/Src/stm32l4xx_hal_tim_ex.o
LOAD ./Drivers/STM32L4xx_HAL_Driver/Src/stm32l4xx_ll_exti.o
LOAD ./Drivers/STM32L4xx_HAL_Driver/Src/stm32l4xx_ll_gpio.o
LOAD ./Drivers/STM32L4xx_HAL_Driver/Src/stm32l4xx_ll_usb.o
LOAD ./Drivers/STM32L4xx_HAL_Driver/Src/stm32l4xx_ll_utils.o
LOAD ./Middlewares/ST/STM32_USB_Device_Library/Class/CDC/Src/usbd_cdc.o
LOAD ./Middlewares/ST/STM32_USB_Device_Library/Core/Src/usbd_core.o
LOAD ./Middlewares/ST/STM32_USB_Device_Library/Core/Src/usbd_ctlreq.o
LOAD ./Middlewares/ST/STM32_USB_Device_Library/Core/Src/usbd_ioreq.o
LOAD ./Middlewares/Third_Party/FreeRTOS/Source/CMSIS_RTOS_V2/cmsis_os2.o
LOAD ./Middlewares/Third_Party/FreeRTOS/Source/croutine.o
LOAD ./Middlewares/Third_Party/FreeRTOS/Source/event_groups.o
LOAD ./Middlewares/Third_Party/FreeRTOS/Source/list.o
LOAD ./Middlewares/Third_Party/FreeRTOS/Source/queue.o
LOAD ./Middlewares/Third_Party/FreeRTOS/Source/stream_buffer.o
LOAD ./Middlewares/Third_Party/FreeRTOS/Source/tasks.o
LOAD ./Middlewares/Third_Party/FreeRTOS/Source/timers.o
LOAD ./Middlewares/Third_Party/FreeRTOS/Source/portable/GCC/ARM_CM4F/port.o
LOAD ./Middlewares/Third_Party/FreeRTOS/Source/portable/MemMang/heap_4.o
LOAD ./Src/application.o
LOAD ./Src/freertos.o
LOAD ./Src/io.o
LOAD ./Src/main.o
LOAD ./Src/stm32l4xx_hal_msp.o
LOAD ./Src/stm32l4xx_hal_timebase_tim.o
LOAD ./Src/stm32l4xx_it.o
LOAD ./Src/syscalls.o
LOAD ./Src/sysmem.o
LOAD ./Src/system_stm32l4xx.o
LOAD ./Src/usb_device.o
LOAD ./Src/usbd_cdc_if.o
LOAD ./Src/usbd_conf.o
LOAD ./Src/usbd_desc.o
LOAD ./Src/usbserial.o
LOAD ./Startup/startup_stm32l496vetx.o
START GROUP
LOAD /opt/st/stm32cubeide_1.8.0/plugins/com.st.stm32cube.ide.mcu.externaltools.gnu-tools-for-stm32.9-2020-q2-update.linux64_2.0.0.202105311346/tools/bin/../lib/gcc/arm-none-eabi/9.3.1/../../../../arm-none-eabi/lib/thumb/v7e-m+fp/hard/libc_nano.a
LOAD /opt/st/stm32cubeide_1.8.0/plugins/com.st.stm32cube.ide.mcu.externaltools.gnu-tools-for-stm32.9-2020-q2-update.linux64_2.0.0.202105311346/tools/bin/../lib/gcc/arm-none-eabi/9.3.1/../../../../arm-none-eabi/lib/thumb/v7e-m+fp/hard/libm.a
END GROUP
START GROUP
LOAD /opt/st/stm32cubeide_1.8.0/plugins/com.st.stm32cube.ide.mcu.externaltools.gnu-tools-for-stm32.9-2020-q2-update.linux64_2.0.0.202105311346/tools/bin/../lib/gcc/arm-none-eabi/9.3.1/thumb/v7e-m+fp/hard/libgcc.a
LOAD /opt/st/stm32cubeide_1.8.0/plugins/com.st.stm32cube.ide.mcu.externaltools.gnu-tools-for-stm32.9-2020-q2-update.linux64_2.0.0.202105311346/tools/bin/../lib/gcc/arm-none-eabi/9.3.1/../../../../arm-none-eabi/lib/thumb/v7e-m+fp/hard/libc_nano.a
END GROUP
START GROUP
LOAD /opt/st/stm32cubeide_1.8.0/plugins/com.st.stm32cube.ide.mcu.externaltools.gnu-tools-for-stm32.9-2020-q2-update.linux64_2.0.0.202105311346/tools/bin/../lib/gcc/arm-none-eabi/9.3.1/thumb/v7e-m+fp/hard/libgcc.a
LOAD /opt/st/stm32cubeide_1.8.0/plugins/com.st.stm32cube.ide.mcu.externaltools.gnu-tools-for-stm32.9-2020-q2-update.linux64_2.0.0.202105311346/tools/bin/../lib/gcc/arm-none-eabi/9.3.1/../../../../arm-none-eabi/lib/thumb/v7e-m+fp/hard/libc_nano.a
LOAD /opt/st/stm32cubeide_1.8.0/plugins/com.st.stm32cube.ide.mcu.externaltools.gnu-tools-for-stm32.9-2020-q2-update.linux64_2.0.0.202105311346/tools/bin/../lib/gcc/arm-none-eabi/9.3.1/../../../../arm-none-eabi/lib/thumb/v7e-m+fp/hard/libnosys.a
END GROUP
START GROUP
LOAD /opt/st/stm32cubeide_1.8.0/plugins/com.st.stm32cube.ide.mcu.externaltools.gnu-tools-for-stm32.9-2020-q2-update.linux64_2.0.0.202105311346/tools/bin/../lib/gcc/arm-none-eabi/9.3.1/thumb/v7e-m+fp/hard/libgcc.a
LOAD /opt/st/stm32cubeide_1.8.0/plugins/com.st.stm32cube.ide.mcu.externaltools.gnu-tools-for-stm32.9-2020-q2-update.linux64_2.0.0.202105311346/tools/bin/../lib/gcc/arm-none-eabi/9.3.1/../../../../arm-none-eabi/lib/thumb/v7e-m+fp/hard/libc_nano.a
LOAD /opt/st/stm32cubeide_1.8.0/plugins/com.st.stm32cube.ide.mcu.externaltools.gnu-tools-for-stm32.9-2020-q2-update.linux64_2.0.0.202105311346/tools/bin/../lib/gcc/arm-none-eabi/9.3.1/../../../../arm-none-eabi/lib/thumb/v7e-m+fp/hard/libnosys.a
END GROUP
LOAD /opt/st/stm32cubeide_1.8.0/plugins/com.st.stm32cube.ide.mcu.externaltools.gnu-tools-for-stm32.9-2020-q2-update.linux64_2.0.0.202105311346/tools/bin/../lib/gcc/arm-none-eabi/9.3.1/thumb/v7e-m+fp/hard/crtend.o
LOAD /opt/st/stm32cubeide_1.8.0/plugins/com.st.stm32cube.ide.mcu.externaltools.gnu-tools-for-stm32.9-2020-q2-update.linux64_2.0.0.202105311346/tools/bin/../lib/gcc/arm-none-eabi/9.3.1/thumb/v7e-m+fp/hard/crtn.o
                0x0000000020050000                _estack = (ORIGIN (RAM) + LENGTH (RAM))
                0x0000000000000200                _Min_Heap_Size = 0x200
                0x0000000000000400                _Min_Stack_Size = 0x400

.isr_vector     0x0000000008000000      0x1ac
                0x0000000008000000                . = ALIGN (0x4)
 *(.isr_vector)
 .isr_vector    0x0000000008000000      0x1ac ./Startup/startup_stm32l496vetx.o
                0x0000000008000000                g_pfnVectors
                0x00000000080001ac                . = ALIGN (0x4)

.text           0x00000000080001b0     0x770c
                0x00000000080001b0                . = ALIGN (0x4)
 *(.text)
 .text          0x00000000080001b0       0x40 /opt/st/stm32cubeide_1.8.0/plugins/com.st.stm32cube.ide.mcu.externaltools.gnu-tools-for-stm32.9-2020-q2-update.linux64_2.0.0.202105311346/tools/bin/../lib/gcc/arm-none-eabi/9.3.1/thumb/v7e-m+fp/hard/crtbegin.o
 *(.text*)
 .text.HAL_Init
                0x00000000080001f0       0x1e ./Drivers/STM32L4xx_HAL_Driver/Src/stm32l4xx_hal.o
                0x00000000080001f0                HAL_Init
 *fill*         0x000000000800020e        0x2 
 .text.HAL_IncTick
                0x0000000008000210       0x18 ./Drivers/STM32L4xx_HAL_Driver/Src/stm32l4xx_hal.o
                0x0000000008000210                HAL_IncTick
 .text.HAL_GetTick
                0x0000000008000228        0xc ./Drivers/STM32L4xx_HAL_Driver/Src/stm32l4xx_hal.o
                0x0000000008000228                HAL_GetTick
 .text.HAL_Delay
                0x0000000008000234       0x28 ./Drivers/STM32L4xx_HAL_Driver/Src/stm32l4xx_hal.o
                0x0000000008000234                HAL_Delay
 .text.HAL_SYSCFG_VREFBUF_VoltageScalingConfig
                0x000000000800025c       0x14 ./Drivers/STM32L4xx_HAL_Driver/Src/stm32l4xx_hal.o
                0x000000000800025c                HAL_SYSCFG_VREFBUF_VoltageScalingConfig
 .text.HAL_SYSCFG_VREFBUF_HighImpedanceConfig
                0x0000000008000270       0x14 ./Drivers/STM32L4xx_HAL_Driver/Src/stm32l4xx_hal.o
                0x0000000008000270                HAL_SYSCFG_VREFBUF_HighImpedanceConfig
 .text.HAL_SYSCFG_EnableVREFBUF
                0x0000000008000284       0x30 ./Drivers/STM32L4xx_HAL_Driver/Src/stm32l4xx_hal.o
                0x0000000008000284                HAL_SYSCFG_EnableVREFBUF
 .text.LL_ADC_SetChannelSamplingTime
                0x00000000080002b4       0x22 ./Drivers/STM32L4xx_HAL_Driver/Src/stm32l4xx_hal_adc.o
 .text.LL_ADC_REG_IsConversionOngoing
                0x00000000080002d6        0x8 ./Drivers/STM32L4xx_HAL_Driver/Src/stm32l4xx_hal_adc.o
 *fill*         0x00000000080002de        0x2 
 .text.HAL_ADC_Init
                0x00000000080002e0      0x1bc ./Drivers/STM32L4xx_HAL_Driver/Src/stm32l4xx_hal_adc.o
                0x00000000080002e0                HAL_ADC_Init
 .text.HAL_ADC_ConfigChannel
                0x000000000800049c      0x384 ./Drivers/STM32L4xx_HAL_Driver/Src/stm32l4xx_hal_adc.o
                0x000000000800049c                HAL_ADC_ConfigChannel
 .text.LL_ADC_REG_IsConversionOngoing
                0x0000000008000820        0x8 ./Drivers/STM32L4xx_HAL_Driver/Src/stm32l4xx_hal_adc_ex.o
 .text.HAL_ADCEx_MultiModeConfigChannel
                0x0000000008000828       0xd8 ./Drivers/STM32L4xx_HAL_Driver/Src/stm32l4xx_hal_adc_ex.o
                0x0000000008000828                HAL_ADCEx_MultiModeConfigChannel
 .text.HAL_COMP_Init
                0x0000000008000900      0x130 ./Drivers/STM32L4xx_HAL_Driver/Src/stm32l4xx_hal_comp.o
                0x0000000008000900                HAL_COMP_Init
 .text.HAL_NVIC_SetPriorityGrouping
                0x0000000008000a30       0x24 ./Drivers/STM32L4xx_HAL_Driver/Src/stm32l4xx_hal_cortex.o
                0x0000000008000a30                HAL_NVIC_SetPriorityGrouping
 .text.HAL_NVIC_SetPriority
                0x0000000008000a54       0x64 ./Drivers/STM32L4xx_HAL_Driver/Src/stm32l4xx_hal_cortex.o
                0x0000000008000a54                HAL_NVIC_SetPriority
 .text.HAL_NVIC_EnableIRQ
                0x0000000008000ab8       0x1c ./Drivers/STM32L4xx_HAL_Driver/Src/stm32l4xx_hal_cortex.o
                0x0000000008000ab8                HAL_NVIC_EnableIRQ
 .text.HAL_DAC_Init
                0x0000000008000ad4       0x26 ./Drivers/STM32L4xx_HAL_Driver/Src/stm32l4xx_hal_dac.o
                0x0000000008000ad4                HAL_DAC_Init
 .text.HAL_DAC_SetValue
                0x0000000008000afa       0x24 ./Drivers/STM32L4xx_HAL_Driver/Src/stm32l4xx_hal_dac.o
                0x0000000008000afa                HAL_DAC_SetValue
 .text.HAL_DAC_ConfigChannel
                0x0000000008000b1e      0x114 ./Drivers/STM32L4xx_HAL_Driver/Src/stm32l4xx_hal_dac.o
                0x0000000008000b1e                HAL_DAC_ConfigChannel
 *fill*         0x0000000008000c32        0x2 
 .text.HAL_GPIO_Init
                0x0000000008000c34      0x1b4 ./Drivers/STM32L4xx_HAL_Driver/Src/stm32l4xx_hal_gpio.o
                0x0000000008000c34                HAL_GPIO_Init
 .text.HAL_GPIO_WritePin
                0x0000000008000de8        0xa ./Drivers/STM32L4xx_HAL_Driver/Src/stm32l4xx_hal_gpio.o
                0x0000000008000de8                HAL_GPIO_WritePin
 .text.HAL_LCD_Write
                0x0000000008000df2       0x76 ./Drivers/STM32L4xx_HAL_Driver/Src/stm32l4xx_hal_lcd.o
                0x0000000008000df2                HAL_LCD_Write
 .text.HAL_LCD_UpdateDisplayRequest
                0x0000000008000e68       0x48 ./Drivers/STM32L4xx_HAL_Driver/Src/stm32l4xx_hal_lcd.o
                0x0000000008000e68                HAL_LCD_UpdateDisplayRequest
 .text.LCD_WaitForSynchro
                0x0000000008000eb0       0x2a ./Drivers/STM32L4xx_HAL_Driver/Src/stm32l4xx_hal_lcd.o
                0x0000000008000eb0                LCD_WaitForSynchro
 .text.HAL_LCD_Init
                0x0000000008000eda       0xf6 ./Drivers/STM32L4xx_HAL_Driver/Src/stm32l4xx_hal_lcd.o
                0x0000000008000eda                HAL_LCD_Init
 .text.HAL_OPAMP_Init
                0x0000000008000fd0       0xfc ./Drivers/STM32L4xx_HAL_Driver/Src/stm32l4xx_hal_opamp.o
                0x0000000008000fd0                HAL_OPAMP_Init
 .text.HAL_PCD_Init
                0x00000000080010cc      0x116 ./Drivers/STM32L4xx_HAL_Driver/Src/stm32l4xx_hal_pcd.o
                0x00000000080010cc                HAL_PCD_Init
 .text.HAL_PCD_Start
                0x00000000080011e2       0x38 ./Drivers/STM32L4xx_HAL_Driver/Src/stm32l4xx_hal_pcd.o
                0x00000000080011e2                HAL_PCD_Start
 *fill*         0x000000000800121a        0x2 
 .text.HAL_PCD_IRQHandler
                0x000000000800121c      0x4e4 ./Drivers/STM32L4xx_HAL_Driver/Src/stm32l4xx_hal_pcd.o
                0x000000000800121c                HAL_PCD_IRQHandler
 .text.HAL_PCD_SetAddress
                0x0000000008001700       0x28 ./Drivers/STM32L4xx_HAL_Driver/Src/stm32l4xx_hal_pcd.o
                0x0000000008001700                HAL_PCD_SetAddress
 .text.HAL_PCD_EP_Open
                0x0000000008001728       0x70 ./Drivers/STM32L4xx_HAL_Driver/Src/stm32l4xx_hal_pcd.o
                0x0000000008001728                HAL_PCD_EP_Open
 .text.HAL_PCD_EP_Close
                0x0000000008001798       0x5e ./Drivers/STM32L4xx_HAL_Driver/Src/stm32l4xx_hal_pcd.o
                0x0000000008001798                HAL_PCD_EP_Close
 .text.HAL_PCD_EP_Receive
                0x00000000080017f6       0x3c ./Drivers/STM32L4xx_HAL_Driver/Src/stm32l4xx_hal_pcd.o
                0x00000000080017f6                HAL_PCD_EP_Receive
 .text.HAL_PCD_EP_GetRxCount
                0x0000000008001832       0x10 ./Drivers/STM32L4xx_HAL_Driver/Src/stm32l4xx_hal_pcd.o
                0x0000000008001832                HAL_PCD_EP_GetRxCount
 .text.HAL_PCD_EP_Transmit
                0x0000000008001842       0x36 ./Drivers/STM32L4xx_HAL_Driver/Src/stm32l4xx_hal_pcd.o
                0x0000000008001842                HAL_PCD_EP_Transmit
 .text.HAL_PCD_EP_SetStall
                0x0000000008001878       0x6e ./Drivers/STM32L4xx_HAL_Driver/Src/stm32l4xx_hal_pcd.o
                0x0000000008001878                HAL_PCD_EP_SetStall
 .text.HAL_PCD_EP_ClrStall
                0x00000000080018e6       0x6c ./Drivers/STM32L4xx_HAL_Driver/Src/stm32l4xx_hal_pcd.o
                0x00000000080018e6                HAL_PCD_EP_ClrStall
 .text.HAL_PCDEx_SetTxFiFo
                0x0000000008001952       0x40 ./Drivers/STM32L4xx_HAL_Driver/Src/stm32l4xx_hal_pcd_ex.o
                0x0000000008001952                HAL_PCDEx_SetTxFiFo
 .text.HAL_PCDEx_SetRxFiFo
                0x0000000008001992        0x8 ./Drivers/STM32L4xx_HAL_Driver/Src/stm32l4xx_hal_pcd_ex.o
                0x0000000008001992                HAL_PCDEx_SetRxFiFo
 .text.HAL_PCDEx_ActivateLPM
                0x000000000800199a       0x26 ./Drivers/STM32L4xx_HAL_Driver/Src/stm32l4xx_hal_pcd_ex.o
                0x000000000800199a                HAL_PCDEx_ActivateLPM
 .text.HAL_PCDEx_LPM_Callback
                0x00000000080019c0        0x2 ./Drivers/STM32L4xx_HAL_Driver/Src/stm32l4xx_hal_pcd_ex.o
                0x00000000080019c0                HAL_PCDEx_LPM_Callback
 *fill*         0x00000000080019c2        0x2 
 .text.HAL_PWREx_GetVoltageRange
                0x00000000080019c4       0x10 ./Drivers/STM32L4xx_HAL_Driver/Src/stm32l4xx_hal_pwr_ex.o
                0x00000000080019c4                HAL_PWREx_GetVoltageRange
 .text.HAL_PWREx_ControlVoltageScaling
                0x00000000080019d4       0x6c ./Drivers/STM32L4xx_HAL_Driver/Src/stm32l4xx_hal_pwr_ex.o
                0x00000000080019d4                HAL_PWREx_ControlVoltageScaling
 .text.HAL_PWREx_EnableVddUSB
                0x0000000008001a40       0x10 ./Drivers/STM32L4xx_HAL_Driver/Src/stm32l4xx_hal_pwr_ex.o
                0x0000000008001a40                HAL_PWREx_EnableVddUSB
 .text.RCC_SetFlashLatencyFromMSIRange
                0x0000000008001a50       0x84 ./Drivers/STM32L4xx_HAL_Driver/Src/stm32l4xx_hal_rcc.o
 .text.HAL_RCC_GetSysClockFreq
                0x0000000008001ad4       0x9c ./Drivers/STM32L4xx_HAL_Driver/Src/stm32l4xx_hal_rcc.o
                0x0000000008001ad4                HAL_RCC_GetSysClockFreq
 .text.HAL_RCC_OscConfig
                0x0000000008001b70      0x55c ./Drivers/STM32L4xx_HAL_Driver/Src/stm32l4xx_hal_rcc.o
                0x0000000008001b70                HAL_RCC_OscConfig
 .text.HAL_RCC_ClockConfig
                0x00000000080020cc      0x128 ./Drivers/STM32L4xx_HAL_Driver/Src/stm32l4xx_hal_rcc.o
                0x00000000080020cc                HAL_RCC_ClockConfig
 .text.HAL_RCC_GetHCLKFreq
                0x00000000080021f4        0xc ./Drivers/STM32L4xx_HAL_Driver/Src/stm32l4xx_hal_rcc.o
                0x00000000080021f4                HAL_RCC_GetHCLKFreq
 .text.HAL_RCC_GetPCLK2Freq
                0x0000000008002200       0x24 ./Drivers/STM32L4xx_HAL_Driver/Src/stm32l4xx_hal_rcc.o
                0x0000000008002200                HAL_RCC_GetPCLK2Freq
 .text.HAL_RCC_GetClockConfig
                0x0000000008002224       0x3c ./Drivers/STM32L4xx_HAL_Driver/Src/stm32l4xx_hal_rcc.o
                0x0000000008002224                HAL_RCC_GetClockConfig
 .text.RCCEx_PLLSAI1_Config
                0x0000000008002260      0x114 ./Drivers/STM32L4xx_HAL_Driver/Src/stm32l4xx_hal_rcc_ex.o
 .text.RCCEx_PLLSAI2_Config
                0x0000000008002374       0xf8 ./Drivers/STM32L4xx_HAL_Driver/Src/stm32l4xx_hal_rcc_ex.o
 .text.HAL_RCCEx_PeriphCLKConfig
                0x000000000800246c      0x3ec ./Drivers/STM32L4xx_HAL_Driver/Src/stm32l4xx_hal_rcc_ex.o
                0x000000000800246c                HAL_RCCEx_PeriphCLKConfig
 .text.HAL_TIM_Base_MspInit
                0x0000000008002858        0x2 ./Drivers/STM32L4xx_HAL_Driver/Src/stm32l4xx_hal_tim.o
                0x0000000008002858                HAL_TIM_Base_MspInit
 *fill*         0x000000000800285a        0x2 
 .text.HAL_TIM_Base_Start_IT
                0x000000000800285c       0x74 ./Drivers/STM32L4xx_HAL_Driver/Src/stm32l4xx_hal_tim.o
                0x000000000800285c                HAL_TIM_Base_Start_IT
 .text.HAL_TIM_OC_DelayElapsedCallback
                0x00000000080028d0        0x2 ./Drivers/STM32L4xx_HAL_Driver/Src/stm32l4xx_hal_tim.o
                0x00000000080028d0                HAL_TIM_OC_DelayElapsedCallback
 .text.HAL_TIM_IC_CaptureCallback
                0x00000000080028d2        0x2 ./Drivers/STM32L4xx_HAL_Driver/Src/stm32l4xx_hal_tim.o
                0x00000000080028d2                HAL_TIM_IC_CaptureCallback
 .text.HAL_TIM_PWM_PulseFinishedCallback
                0x00000000080028d4        0x2 ./Drivers/STM32L4xx_HAL_Driver/Src/stm32l4xx_hal_tim.o
                0x00000000080028d4                HAL_TIM_PWM_PulseFinishedCallback
 .text.HAL_TIM_TriggerCallback
                0x00000000080028d6        0x2 ./Drivers/STM32L4xx_HAL_Driver/Src/stm32l4xx_hal_tim.o
                0x00000000080028d6                HAL_TIM_TriggerCallback
 .text.HAL_TIM_IRQHandler
                0x00000000080028d8      0x160 ./Drivers/STM32L4xx_HAL_Driver/Src/stm32l4xx_hal_tim.o
                0x00000000080028d8                HAL_TIM_IRQHandler
 .text.TIM_Base_SetConfig
                0x0000000008002a38       0xcc ./Drivers/STM32L4xx_HAL_Driver/Src/stm32l4xx_hal_tim.o
                0x0000000008002a38                TIM_Base_SetConfig
 .text.HAL_TIM_Base_Init
                0x0000000008002b04       0x60 ./Drivers/STM32L4xx_HAL_Driver/Src/stm32l4xx_hal_tim.o
                0x0000000008002b04                HAL_TIM_Base_Init
 .text.HAL_TIMEx_CommutCallback
                0x0000000008002b64        0x2 ./Drivers/STM32L4xx_HAL_Driver/Src/stm32l4xx_hal_tim_ex.o
                0x0000000008002b64                HAL_TIMEx_CommutCallback
 .text.HAL_TIMEx_BreakCallback
                0x0000000008002b66        0x2 ./Drivers/STM32L4xx_HAL_Driver/Src/stm32l4xx_hal_tim_ex.o
                0x0000000008002b66                HAL_TIMEx_BreakCallback
 .text.HAL_TIMEx_Break2Callback
                0x0000000008002b68        0x2 ./Drivers/STM32L4xx_HAL_Driver/Src/stm32l4xx_hal_tim_ex.o
                0x0000000008002b68                HAL_TIMEx_Break2Callback
 .text.LL_GPIO_Init
                0x0000000008002b6a      0x136 ./Drivers/STM32L4xx_HAL_Driver/Src/stm32l4xx_ll_gpio.o
                0x0000000008002b6a                LL_GPIO_Init
 .text.USB_CoreInit
                0x0000000008002ca0       0x70 ./Drivers/STM32L4xx_HAL_Driver/Src/stm32l4xx_ll_usb.o
                0x0000000008002ca0                USB_CoreInit
 .text.USB_SetTurnaroundTime
                0x0000000008002d10       0xe0 ./Drivers/STM32L4xx_HAL_Driver/Src/stm32l4xx_ll_usb.o
                0x0000000008002d10                USB_SetTurnaroundTime
 .text.USB_EnableGlobalInt
                0x0000000008002df0        0xc ./Drivers/STM32L4xx_HAL_Driver/Src/stm32l4xx_ll_usb.o
                0x0000000008002df0                USB_EnableGlobalInt
 .text.USB_DisableGlobalInt
                0x0000000008002dfc        0xc ./Drivers/STM32L4xx_HAL_Driver/Src/stm32l4xx_ll_usb.o
                0x0000000008002dfc                USB_DisableGlobalInt
 .text.USB_SetCurrentMode
                0x0000000008002e08       0x60 ./Drivers/STM32L4xx_HAL_Driver/Src/stm32l4xx_ll_usb.o
                0x0000000008002e08                USB_SetCurrentMode
 .text.USB_FlushTxFifo
                0x0000000008002e68       0x48 ./Drivers/STM32L4xx_HAL_Driver/Src/stm32l4xx_ll_usb.o
                0x0000000008002e68                USB_FlushTxFifo
 .text.USB_FlushRxFifo
                0x0000000008002eb0       0x44 ./Drivers/STM32L4xx_HAL_Driver/Src/stm32l4xx_ll_usb.o
                0x0000000008002eb0                USB_FlushRxFifo
 .text.USB_SetDevSpeed
                0x0000000008002ef4        0xe ./Drivers/STM32L4xx_HAL_Driver/Src/stm32l4xx_ll_usb.o
                0x0000000008002ef4                USB_SetDevSpeed
 *fill*         0x0000000008002f02        0x2 
 .text.USB_DevInit
                0x0000000008002f04      0x150 ./Drivers/STM32L4xx_HAL_Driver/Src/stm32l4xx_ll_usb.o
                0x0000000008002f04                USB_DevInit
 .text.USB_GetDevSpeed
                0x0000000008003054       0x14 ./Drivers/STM32L4xx_HAL_Driver/Src/stm32l4xx_ll_usb.o
                0x0000000008003054                USB_GetDevSpeed
 .text.USB_ActivateEndpoint
                0x0000000008003068       0x7c ./Drivers/STM32L4xx_HAL_Driver/Src/stm32l4xx_ll_usb.o
                0x0000000008003068                USB_ActivateEndpoint
 .text.USB_DeactivateEndpoint
                0x00000000080030e4       0xac ./Drivers/STM32L4xx_HAL_Driver/Src/stm32l4xx_ll_usb.o
                0x00000000080030e4                USB_DeactivateEndpoint
 .text.USB_EP0StartXfer
                0x0000000008003190       0xc8 ./Drivers/STM32L4xx_HAL_Driver/Src/stm32l4xx_ll_usb.o
                0x0000000008003190                USB_EP0StartXfer
 .text.USB_WritePacket
                0x0000000008003258       0x1e ./Drivers/STM32L4xx_HAL_Driver/Src/stm32l4xx_ll_usb.o
                0x0000000008003258                USB_WritePacket
 *fill*         0x0000000008003276        0x2 
 .text.USB_EPStartXfer
                0x0000000008003278      0x160 ./Drivers/STM32L4xx_HAL_Driver/Src/stm32l4xx_ll_usb.o
                0x0000000008003278                USB_EPStartXfer
 .text.USB_ReadPacket
                0x00000000080033d8       0x46 ./Drivers/STM32L4xx_HAL_Driver/Src/stm32l4xx_ll_usb.o
                0x00000000080033d8                USB_ReadPacket
 .text.USB_EPSetStall
                0x000000000800341e       0x56 ./Drivers/STM32L4xx_HAL_Driver/Src/stm32l4xx_ll_usb.o
                0x000000000800341e                USB_EPSetStall
 .text.USB_EPClearStall
                0x0000000008003474       0x52 ./Drivers/STM32L4xx_HAL_Driver/Src/stm32l4xx_ll_usb.o
                0x0000000008003474                USB_EPClearStall
 .text.USB_SetDevAddress
                0x00000000080034c6       0x20 ./Drivers/STM32L4xx_HAL_Driver/Src/stm32l4xx_ll_usb.o
                0x00000000080034c6                USB_SetDevAddress
 .text.USB_DevConnect
                0x00000000080034e6       0x1c ./Drivers/STM32L4xx_HAL_Driver/Src/stm32l4xx_ll_usb.o
                0x00000000080034e6                USB_DevConnect
 .text.USB_DevDisconnect
                0x0000000008003502       0x1c ./Drivers/STM32L4xx_HAL_Driver/Src/stm32l4xx_ll_usb.o
                0x0000000008003502                USB_DevDisconnect
 .text.USB_ReadInterrupts
                0x000000000800351e        0x8 ./Drivers/STM32L4xx_HAL_Driver/Src/stm32l4xx_ll_usb.o
                0x000000000800351e                USB_ReadInterrupts
 .text.USB_ReadDevAllOutEpInterrupt
                0x0000000008003526       0x10 ./Drivers/STM32L4xx_HAL_Driver/Src/stm32l4xx_ll_usb.o
                0x0000000008003526                USB_ReadDevAllOutEpInterrupt
 .text.USB_ReadDevAllInEpInterrupt
                0x0000000008003536       0x10 ./Drivers/STM32L4xx_HAL_Driver/Src/stm32l4xx_ll_usb.o
                0x0000000008003536                USB_ReadDevAllInEpInterrupt
 .text.USB_ReadDevOutEPInterrupt
                0x0000000008003546       0x12 ./Drivers/STM32L4xx_HAL_Driver/Src/stm32l4xx_ll_usb.o
                0x0000000008003546                USB_ReadDevOutEPInterrupt
 .text.USB_ReadDevInEPInterrupt
                0x0000000008003558       0x24 ./Drivers/STM32L4xx_HAL_Driver/Src/stm32l4xx_ll_usb.o
                0x0000000008003558                USB_ReadDevInEPInterrupt
 .text.USB_GetMode
                0x000000000800357c        0x8 ./Drivers/STM32L4xx_HAL_Driver/Src/stm32l4xx_ll_usb.o
                0x000000000800357c                USB_GetMode
 .text.USB_ActivateSetup
                0x0000000008003584       0x20 ./Drivers/STM32L4xx_HAL_Driver/Src/stm32l4xx_ll_usb.o
                0x0000000008003584                USB_ActivateSetup
 .text.USB_EP0_OutStart
                0x00000000080035a4       0x38 ./Drivers/STM32L4xx_HAL_Driver/Src/stm32l4xx_ll_usb.o
                0x00000000080035a4                USB_EP0_OutStart
 .text.USBD_CDC_EP0_RxReady
                0x00000000080035dc       0x2e ./Middlewares/ST/STM32_USB_Device_Library/Class/CDC/Src/usbd_cdc.o
 *fill*         0x000000000800360a        0x2 
 .text.USBD_CDC_GetFSCfgDesc
                0x000000000800360c        0xc ./Middlewares/ST/STM32_USB_Device_Library/Class/CDC/Src/usbd_cdc.o
 .text.USBD_CDC_GetHSCfgDesc
                0x0000000008003618        0xc ./Middlewares/ST/STM32_USB_Device_Library/Class/CDC/Src/usbd_cdc.o
 .text.USBD_CDC_GetOtherSpeedCfgDesc
                0x0000000008003624        0xc ./Middlewares/ST/STM32_USB_Device_Library/Class/CDC/Src/usbd_cdc.o
 .text.USBD_CDC_GetDeviceQualifierDescriptor
                0x0000000008003630        0xc ./Middlewares/ST/STM32_USB_Device_Library/Class/CDC/Src/usbd_cdc.o
                0x0000000008003630                USBD_CDC_GetDeviceQualifierDescriptor
 .text.USBD_CDC_DataOut
                0x000000000800363c       0x2a ./Middlewares/ST/STM32_USB_Device_Library/Class/CDC/Src/usbd_cdc.o
 .text.USBD_CDC_DataIn
                0x0000000008003666       0x60 ./Middlewares/ST/STM32_USB_Device_Library/Class/CDC/Src/usbd_cdc.o
 *fill*         0x00000000080036c6        0x2 
 .text.USBD_CDC_Setup
                0x00000000080036c8       0xf8 ./Middlewares/ST/STM32_USB_Device_Library/Class/CDC/Src/usbd_cdc.o
 .text.USBD_CDC_DeInit
                0x00000000080037c0       0x42 ./Middlewares/ST/STM32_USB_Device_Library/Class/CDC/Src/usbd_cdc.o
 .text.USBD_CDC_Init
                0x0000000008003802       0xa6 ./Middlewares/ST/STM32_USB_Device_Library/Class/CDC/Src/usbd_cdc.o
 .text.USBD_CDC_RegisterInterface
                0x00000000080038a8        0xe ./Middlewares/ST/STM32_USB_Device_Library/Class/CDC/Src/usbd_cdc.o
                0x00000000080038a8                USBD_CDC_RegisterInterface
 .text.USBD_CDC_SetTxBuffer
                0x00000000080038b6       0x16 ./Middlewares/ST/STM32_USB_Device_Library/Class/CDC/Src/usbd_cdc.o
                0x00000000080038b6                USBD_CDC_SetTxBuffer
 .text.USBD_CDC_SetRxBuffer
                0x00000000080038cc       0x12 ./Middlewares/ST/STM32_USB_Device_Library/Class/CDC/Src/usbd_cdc.o
                0x00000000080038cc                USBD_CDC_SetRxBuffer
 .text.USBD_CDC_TransmitPacket
                0x00000000080038de       0x30 ./Middlewares/ST/STM32_USB_Device_Library/Class/CDC/Src/usbd_cdc.o
                0x00000000080038de                USBD_CDC_TransmitPacket
 .text.USBD_CDC_ReceivePacket
                0x000000000800390e       0x2e ./Middlewares/ST/STM32_USB_Device_Library/Class/CDC/Src/usbd_cdc.o
                0x000000000800390e                USBD_CDC_ReceivePacket
 .text.USBD_Init
                0x000000000800393c       0x26 ./Middlewares/ST/STM32_USB_Device_Library/Core/Src/usbd_core.o
                0x000000000800393c                USBD_Init
 .text.USBD_RegisterClass
                0x0000000008003962       0x2c ./Middlewares/ST/STM32_USB_Device_Library/Core/Src/usbd_core.o
                0x0000000008003962                USBD_RegisterClass
 .text.USBD_Start
                0x000000000800398e        0x4 ./Middlewares/ST/STM32_USB_Device_Library/Core/Src/usbd_core.o
                0x000000000800398e                USBD_Start
 .text.USBD_SetClassConfig
                0x0000000008003992        0xe ./Middlewares/ST/STM32_USB_Device_Library/Core/Src/usbd_core.o
                0x0000000008003992                USBD_SetClassConfig
 .text.USBD_ClrClassConfig
                0x00000000080039a0       0x10 ./Middlewares/ST/STM32_USB_Device_Library/Core/Src/usbd_core.o
                0x00000000080039a0                USBD_ClrClassConfig
 .text.USBD_LL_SetupStage
                0x00000000080039b0       0x60 ./Middlewares/ST/STM32_USB_Device_Library/Core/Src/usbd_core.o
                0x00000000080039b0                USBD_LL_SetupStage
 .text.USBD_LL_DataOutStage
                0x0000000008003a10       0x60 ./Middlewares/ST/STM32_USB_Device_Library/Core/Src/usbd_core.o
                0x0000000008003a10                USBD_LL_DataOutStage
 .text.USBD_LL_DataInStage
                0x0000000008003a70       0xa4 ./Middlewares/ST/STM32_USB_Device_Library/Core/Src/usbd_core.o
                0x0000000008003a70                USBD_LL_DataInStage
 .text.USBD_LL_Reset
                0x0000000008003b14       0x58 ./Middlewares/ST/STM32_USB_Device_Library/Core/Src/usbd_core.o
                0x0000000008003b14                USBD_LL_Reset
 .text.USBD_LL_SetSpeed
                0x0000000008003b6c        0x6 ./Middlewares/ST/STM32_USB_Device_Library/Core/Src/usbd_core.o
                0x0000000008003b6c                USBD_LL_SetSpeed
 .text.USBD_LL_Suspend
                0x0000000008003b72       0x14 ./Middlewares/ST/STM32_USB_Device_Library/Core/Src/usbd_core.o
                0x0000000008003b72                USBD_LL_Suspend
 .text.USBD_LL_Resume
                0x0000000008003b86       0x16 ./Middlewares/ST/STM32_USB_Device_Library/Core/Src/usbd_core.o
                0x0000000008003b86                USBD_LL_Resume
 .text.USBD_LL_SOF
                0x0000000008003b9c       0x22 ./Middlewares/ST/STM32_USB_Device_Library/Core/Src/usbd_core.o
                0x0000000008003b9c                USBD_LL_SOF
 .text.USBD_LL_IsoINIncomplete
                0x0000000008003bbe       0x22 ./Middlewares/ST/STM32_USB_Device_Library/Core/Src/usbd_core.o
                0x0000000008003bbe                USBD_LL_IsoINIncomplete
 .text.USBD_LL_IsoOUTIncomplete
                0x0000000008003be0       0x22 ./Middlewares/ST/STM32_USB_Device_Library/Core/Src/usbd_core.o
                0x0000000008003be0                USBD_LL_IsoOUTIncomplete
 .text.USBD_LL_DevConnected
                0x0000000008003c02        0x4 ./Middlewares/ST/STM32_USB_Device_Library/Core/Src/usbd_core.o
                0x0000000008003c02                USBD_LL_DevConnected
 .text.USBD_LL_DevDisconnected
                0x0000000008003c06       0x18 ./Middlewares/ST/STM32_USB_Device_Library/Core/Src/usbd_core.o
                0x0000000008003c06                USBD_LL_DevDisconnected
 .text.USBD_CtlError.constprop.0
                0x0000000008003c1e       0x16 ./Middlewares/ST/STM32_USB_Device_Library/Core/Src/usbd_ctlreq.o
 .text.USBD_StdDevReq
                0x0000000008003c34      0x280 ./Middlewares/ST/STM32_USB_Device_Library/Core/Src/usbd_ctlreq.o
                0x0000000008003c34                USBD_StdDevReq
 .text.USBD_StdItfReq
                0x0000000008003eb4       0x4c ./Middlewares/ST/STM32_USB_Device_Library/Core/Src/usbd_ctlreq.o
                0x0000000008003eb4                USBD_StdItfReq
 .text.USBD_StdEPReq
                0x0000000008003f00      0x11e ./Middlewares/ST/STM32_USB_Device_Library/Core/Src/usbd_ctlreq.o
                0x0000000008003f00                USBD_StdEPReq
 .text.USBD_ParseSetupRequest
                0x000000000800401e       0x28 ./Middlewares/ST/STM32_USB_Device_Library/Core/Src/usbd_ctlreq.o
                0x000000000800401e                USBD_ParseSetupRequest
 .text.USBD_CtlError
                0x0000000008004046       0x16 ./Middlewares/ST/STM32_USB_Device_Library/Core/Src/usbd_ctlreq.o
                0x0000000008004046                USBD_CtlError
 .text.USBD_GetString
                0x000000000800405c       0x38 ./Middlewares/ST/STM32_USB_Device_Library/Core/Src/usbd_ctlreq.o
                0x000000000800405c                USBD_GetString
 .text.USBD_CtlSendData
                0x0000000008004094       0x1a ./Middlewares/ST/STM32_USB_Device_Library/Core/Src/usbd_ioreq.o
                0x0000000008004094                USBD_CtlSendData
 .text.USBD_CtlContinueSendData
                0x00000000080040ae       0x10 ./Middlewares/ST/STM32_USB_Device_Library/Core/Src/usbd_ioreq.o
                0x00000000080040ae                USBD_CtlContinueSendData
 .text.USBD_CtlPrepareRx
                0x00000000080040be       0x1a ./Middlewares/ST/STM32_USB_Device_Library/Core/Src/usbd_ioreq.o
                0x00000000080040be                USBD_CtlPrepareRx
 .text.USBD_CtlContinueRx
                0x00000000080040d8       0x10 ./Middlewares/ST/STM32_USB_Device_Library/Core/Src/usbd_ioreq.o
                0x00000000080040d8                USBD_CtlContinueRx
 .text.USBD_CtlSendStatus
                0x00000000080040e8       0x16 ./Middlewares/ST/STM32_USB_Device_Library/Core/Src/usbd_ioreq.o
                0x00000000080040e8                USBD_CtlSendStatus
 .text.USBD_CtlReceiveStatus
                0x00000000080040fe       0x16 ./Middlewares/ST/STM32_USB_Device_Library/Core/Src/usbd_ioreq.o
                0x00000000080040fe                USBD_CtlReceiveStatus
 .text.SysTick_Handler
                0x0000000008004114       0x1c ./Middlewares/Third_Party/FreeRTOS/Source/CMSIS_RTOS_V2/cmsis_os2.o
                0x0000000008004114                SysTick_Handler
 .text.osKernelInitialize
                0x0000000008004130       0x24 ./Middlewares/Third_Party/FreeRTOS/Source/CMSIS_RTOS_V2/cmsis_os2.o
                0x0000000008004130                osKernelInitialize
 .text.osKernelStart
                0x0000000008004154       0x34 ./Middlewares/Third_Party/FreeRTOS/Source/CMSIS_RTOS_V2/cmsis_os2.o
                0x0000000008004154                osKernelStart
 .text.osThreadNew
                0x0000000008004188       0x92 ./Middlewares/Third_Party/FreeRTOS/Source/CMSIS_RTOS_V2/cmsis_os2.o
                0x0000000008004188                osThreadNew
 *fill*         0x000000000800421a        0x2 
 .text.osThreadFlagsSet
                0x000000000800421c       0x74 ./Middlewares/Third_Party/FreeRTOS/Source/CMSIS_RTOS_V2/cmsis_os2.o
                0x000000000800421c                osThreadFlagsSet
 .text.osThreadFlagsWait
                0x0000000008004290       0x98 ./Middlewares/Third_Party/FreeRTOS/Source/CMSIS_RTOS_V2/cmsis_os2.o
                0x0000000008004290                osThreadFlagsWait
 .text.osDelay  0x0000000008004328       0x18 ./Middlewares/Third_Party/FreeRTOS/Source/CMSIS_RTOS_V2/cmsis_os2.o
                0x0000000008004328                osDelay
 .text.vApplicationGetIdleTaskMemory
                0x0000000008004340       0x18 ./Middlewares/Third_Party/FreeRTOS/Source/CMSIS_RTOS_V2/cmsis_os2.o
                0x0000000008004340                vApplicationGetIdleTaskMemory
 .text.vApplicationGetTimerTaskMemory
                0x0000000008004358       0x18 ./Middlewares/Third_Party/FreeRTOS/Source/CMSIS_RTOS_V2/cmsis_os2.o
                0x0000000008004358                vApplicationGetTimerTaskMemory
 .text.vListInitialise
                0x0000000008004370       0x16 ./Middlewares/Third_Party/FreeRTOS/Source/list.o
                0x0000000008004370                vListInitialise
 .text.vListInitialiseItem
                0x0000000008004386        0x6 ./Middlewares/Third_Party/FreeRTOS/Source/list.o
                0x0000000008004386                vListInitialiseItem
 .text.vListInsertEnd
                0x000000000800438c       0x18 ./Middlewares/Third_Party/FreeRTOS/Source/list.o
                0x000000000800438c                vListInsertEnd
 .text.vListInsert
                0x00000000080043a4       0x2e ./Middlewares/Third_Party/FreeRTOS/Source/list.o
                0x00000000080043a4                vListInsert
 .text.uxListRemove
                0x00000000080043d2       0x20 ./Middlewares/Third_Party/FreeRTOS/Source/list.o
                0x00000000080043d2                uxListRemove
 .text.prvIsQueueEmpty
                0x00000000080043f2       0x16 ./Middlewares/Third_Party/FreeRTOS/Source/queue.o
 .text.prvCopyDataToQueue
                0x0000000008004408       0x6a ./Middlewares/Third_Party/FreeRTOS/Source/queue.o
 .text.prvCopyDataFromQueue
                0x0000000008004472       0x2c ./Middlewares/Third_Party/FreeRTOS/Source/queue.o
 .text.prvUnlockQueue
                0x000000000800449e       0x70 ./Middlewares/Third_Party/FreeRTOS/Source/queue.o
 *fill*         0x000000000800450e        0x2 
 .text.xQueueGenericReset
                0x0000000008004510       0x80 ./Middlewares/Third_Party/FreeRTOS/Source/queue.o
                0x0000000008004510                xQueueGenericReset
 .text.xQueueGenericCreateStatic
                0x0000000008004590       0x9c ./Middlewares/Third_Party/FreeRTOS/Source/queue.o
                0x0000000008004590                xQueueGenericCreateStatic
 .text.xQueueGenericSend
                0x000000000800462c      0x164 ./Middlewares/Third_Party/FreeRTOS/Source/queue.o
                0x000000000800462c                xQueueGenericSend
 .text.xQueueGenericSendFromISR
                0x0000000008004790       0xc4 ./Middlewares/Third_Party/FreeRTOS/Source/queue.o
                0x0000000008004790                xQueueGenericSendFromISR
 .text.xQueueReceive
                0x0000000008004854      0x140 ./Middlewares/Third_Party/FreeRTOS/Source/queue.o
                0x0000000008004854                xQueueReceive
 .text.vQueueAddToRegistry
                0x0000000008004994       0x24 ./Middlewares/Third_Party/FreeRTOS/Source/queue.o
                0x0000000008004994                vQueueAddToRegistry
 .text.vQueueWaitForMessageRestricted
                0x00000000080049b8       0x46 ./Middlewares/Third_Party/FreeRTOS/Source/queue.o
                0x00000000080049b8                vQueueWaitForMessageRestricted
 .text.prvBytesInBuffer
                0x00000000080049fe       0x12 ./Middlewares/Third_Party/FreeRTOS/Source/stream_buffer.o
 .text.prvReadBytesFromBuffer
                0x0000000008004a10       0x94 ./Middlewares/Third_Party/FreeRTOS/Source/stream_buffer.o
 .text.prvInitialiseNewStreamBuffer
                0x0000000008004aa4       0x46 ./Middlewares/Third_Party/FreeRTOS/Source/stream_buffer.o
 .text.prvWriteBytesToBuffer.part.0
                0x0000000008004aea       0x72 ./Middlewares/Third_Party/FreeRTOS/Source/stream_buffer.o
 .text.prvWriteMessageToBuffer
                0x0000000008004b5c       0x54 ./Middlewares/Third_Party/FreeRTOS/Source/stream_buffer.o
 .text.xStreamBufferGenericCreateStatic
                0x0000000008004bb0       0xa2 ./Middlewares/Third_Party/FreeRTOS/Source/stream_buffer.o
                0x0000000008004bb0                xStreamBufferGenericCreateStatic
 .text.xStreamBufferSpacesAvailable
                0x0000000008004c52       0x28 ./Middlewares/Third_Party/FreeRTOS/Source/stream_buffer.o
                0x0000000008004c52                xStreamBufferSpacesAvailable
 .text.xStreamBufferSend
                0x0000000008004c7a      0x10a ./Middlewares/Third_Party/FreeRTOS/Source/stream_buffer.o
                0x0000000008004c7a                xStreamBufferSend
 .text.xStreamBufferSendFromISR
                0x0000000008004d84       0x9a ./Middlewares/Third_Party/FreeRTOS/Source/stream_buffer.o
                0x0000000008004d84                xStreamBufferSendFromISR
 .text.xStreamBufferReceive
                0x0000000008004e1e       0xfa ./Middlewares/Third_Party/FreeRTOS/Source/stream_buffer.o
                0x0000000008004e1e                xStreamBufferReceive
 .text.prvAddNewTaskToReadyList
                0x0000000008004f18      0x100 ./Middlewares/Third_Party/FreeRTOS/Source/tasks.o
 .text.prvResetNextTaskUnblockTime
                0x0000000008005018       0x24 ./Middlewares/Third_Party/FreeRTOS/Source/tasks.o
 .text.prvInitialiseNewTask.isra.0
                0x000000000800503c       0xc4 ./Middlewares/Third_Party/FreeRTOS/Source/tasks.o
 .text.prvDeleteTCB
                0x0000000008005100       0x3c ./Middlewares/Third_Party/FreeRTOS/Source/tasks.o
 .text.prvIdleTask
                0x000000000800513c       0x64 ./Middlewares/Third_Party/FreeRTOS/Source/tasks.o
 .text.prvAddCurrentTaskToDelayedList
                0x00000000080051a0       0x74 ./Middlewares/Third_Party/FreeRTOS/Source/tasks.o
 .text.xTaskCreateStatic
                0x0000000008005214       0x70 ./Middlewares/Third_Party/FreeRTOS/Source/tasks.o
                0x0000000008005214                xTaskCreateStatic
 .text.xTaskCreate
                0x0000000008005284       0x5a ./Middlewares/Third_Party/FreeRTOS/Source/tasks.o
                0x0000000008005284                xTaskCreate
 *fill*         0x00000000080052de        0x2 
 .text.vTaskStartScheduler
                0x00000000080052e0       0x98 ./Middlewares/Third_Party/FreeRTOS/Source/tasks.o
                0x00000000080052e0                vTaskStartScheduler
 .text.vTaskSuspendAll
                0x0000000008005378       0x10 ./Middlewares/Third_Party/FreeRTOS/Source/tasks.o
                0x0000000008005378                vTaskSuspendAll
 .text.xTaskGetTickCount
                0x0000000008005388        0xc ./Middlewares/Third_Party/FreeRTOS/Source/tasks.o
                0x0000000008005388                xTaskGetTickCount
 .text.xTaskIncrementTick
                0x0000000008005394      0x12c ./Middlewares/Third_Party/FreeRTOS/Source/tasks.o
                0x0000000008005394                xTaskIncrementTick
 .text.xTaskResumeAll
                0x00000000080054c0       0xe8 ./Middlewares/Third_Party/FreeRTOS/Source/tasks.o
                0x00000000080054c0                xTaskResumeAll
 .text.vTaskDelay
                0x00000000080055a8       0x48 ./Middlewares/Third_Party/FreeRTOS/Source/tasks.o
                0x00000000080055a8                vTaskDelay
 .text.vTaskSwitchContext
                0x00000000080055f0       0x84 ./Middlewares/Third_Party/FreeRTOS/Source/tasks.o
                0x00000000080055f0                vTaskSwitchContext
 .text.vTaskPlaceOnEventList
                0x0000000008005674       0x34 ./Middlewares/Third_Party/FreeRTOS/Source/tasks.o
                0x0000000008005674                vTaskPlaceOnEventList
 .text.vTaskPlaceOnEventListRestricted
                0x00000000080056a8       0x3c ./Middlewares/Third_Party/FreeRTOS/Source/tasks.o
                0x00000000080056a8                vTaskPlaceOnEventListRestricted
 .text.xTaskRemoveFromEventList
                0x00000000080056e4       0x88 ./Middlewares/Third_Party/FreeRTOS/Source/tasks.o
                0x00000000080056e4                xTaskRemoveFromEventList
 .text.vTaskSetTimeOutState
                0x000000000800576c       0x38 ./Middlewares/Third_Party/FreeRTOS/Source/tasks.o
                0x000000000800576c                vTaskSetTimeOutState
 .text.vTaskInternalSetTimeOutState
                0x00000000080057a4       0x18 ./Middlewares/Third_Party/FreeRTOS/Source/tasks.o
                0x00000000080057a4                vTaskInternalSetTimeOutState
 .text.xTaskCheckForTimeOut
                0x00000000080057bc       0x78 ./Middlewares/Third_Party/FreeRTOS/Source/tasks.o
                0x00000000080057bc                xTaskCheckForTimeOut
 .text.vTaskMissedYield
                0x0000000008005834        0xc ./Middlewares/Third_Party/FreeRTOS/Source/tasks.o
                0x0000000008005834                vTaskMissedYield
 .text.xTaskGetCurrentTaskHandle
                0x0000000008005840        0xc ./Middlewares/Third_Party/FreeRTOS/Source/tasks.o
                0x0000000008005840                xTaskGetCurrentTaskHandle
 .text.xTaskGetSchedulerState
                0x000000000800584c       0x20 ./Middlewares/Third_Party/FreeRTOS/Source/tasks.o
                0x000000000800584c                xTaskGetSchedulerState
 .text.xTaskPriorityDisinherit
                0x000000000800586c       0x88 ./Middlewares/Third_Party/FreeRTOS/Source/tasks.o
                0x000000000800586c                xTaskPriorityDisinherit
 .text.xTaskNotifyWait
                0x00000000080058f4       0x94 ./Middlewares/Third_Party/FreeRTOS/Source/tasks.o
                0x00000000080058f4                xTaskNotifyWait
 .text.xTaskGenericNotify
                0x0000000008005988       0xf4 ./Middlewares/Third_Party/FreeRTOS/Source/tasks.o
                0x0000000008005988                xTaskGenericNotify
 .text.xTaskGenericNotifyFromISR
                0x0000000008005a7c      0x124 ./Middlewares/Third_Party/FreeRTOS/Source/tasks.o
                0x0000000008005a7c                xTaskGenericNotifyFromISR
 .text.xTaskNotifyStateClear
                0x0000000008005ba0       0x2c ./Middlewares/Third_Party/FreeRTOS/Source/tasks.o
                0x0000000008005ba0                xTaskNotifyStateClear
 .text.prvCheckForValidListAndQueue
                0x0000000008005bcc       0x68 ./Middlewares/Third_Party/FreeRTOS/Source/timers.o
 .text.prvInsertTimerInActiveList
                0x0000000008005c34       0x3c ./Middlewares/Third_Party/FreeRTOS/Source/timers.o
 .text.xTimerCreateTimerTask
                0x0000000008005c70       0x64 ./Middlewares/Third_Party/FreeRTOS/Source/timers.o
                0x0000000008005c70                xTimerCreateTimerTask
 .text.xTimerGenericCommand
                0x0000000008005cd4       0x58 ./Middlewares/Third_Party/FreeRTOS/Source/timers.o
                0x0000000008005cd4                xTimerGenericCommand
 .text.prvSwitchTimerLists
                0x0000000008005d2c       0x7c ./Middlewares/Third_Party/FreeRTOS/Source/timers.o
 .text.prvTimerTask
                0x0000000008005da8      0x1f8 ./Middlewares/Third_Party/FreeRTOS/Source/timers.o
 .text.prvPortStartFirstTask
                0x0000000008005fa0       0x28 ./Middlewares/Third_Party/FreeRTOS/Source/portable/GCC/ARM_CM4F/port.o
 .text.vPortEnableVFP
                0x0000000008005fc8       0x14 ./Middlewares/Third_Party/FreeRTOS/Source/portable/GCC/ARM_CM4F/port.o
 .text.prvTaskExitError
                0x0000000008005fdc       0x40 ./Middlewares/Third_Party/FreeRTOS/Source/portable/GCC/ARM_CM4F/port.o
 .text.pxPortInitialiseStack
                0x000000000800601c       0x2c ./Middlewares/Third_Party/FreeRTOS/Source/portable/GCC/ARM_CM4F/port.o
                0x000000000800601c                pxPortInitialiseStack
 *fill*         0x0000000008006048        0x8 
 .text.SVC_Handler
                0x0000000008006050       0x24 ./Middlewares/Third_Party/FreeRTOS/Source/portable/GCC/ARM_CM4F/port.o
                0x0000000008006050                SVC_Handler
 .text.vPortEnterCritical
                0x0000000008006074       0x44 ./Middlewares/Third_Party/FreeRTOS/Source/portable/GCC/ARM_CM4F/port.o
                0x0000000008006074                vPortEnterCritical
 .text.vPortExitCritical
                0x00000000080060b8       0x28 ./Middlewares/Third_Party/FreeRTOS/Source/portable/GCC/ARM_CM4F/port.o
                0x00000000080060b8                vPortExitCritical
 .text.PendSV_Handler
                0x00000000080060e0       0x64 ./Middlewares/Third_Party/FreeRTOS/Source/portable/GCC/ARM_CM4F/port.o
                0x00000000080060e0                PendSV_Handler
 .text.xPortSysTickHandler
                0x0000000008006144       0x2c ./Middlewares/Third_Party/FreeRTOS/Source/portable/GCC/ARM_CM4F/port.o
                0x0000000008006144                xPortSysTickHandler
 .text.vPortSetupTimerInterrupt
                0x0000000008006170       0x34 ./Middlewares/Third_Party/FreeRTOS/Source/portable/GCC/ARM_CM4F/port.o
                0x0000000008006170                vPortSetupTimerInterrupt
 .text.xPortStartScheduler
                0x00000000080061a4      0x108 ./Middlewares/Third_Party/FreeRTOS/Source/portable/GCC/ARM_CM4F/port.o
                0x00000000080061a4                xPortStartScheduler
 .text.vPortValidateInterruptPriority
                0x00000000080062ac       0x5c ./Middlewares/Third_Party/FreeRTOS/Source/portable/GCC/ARM_CM4F/port.o
                0x00000000080062ac                vPortValidateInterruptPriority
 .text.prvInsertBlockIntoFreeList
                0x0000000008006308       0x48 ./Middlewares/Third_Party/FreeRTOS/Source/portable/MemMang/heap_4.o
 .text.pvPortMalloc
                0x0000000008006350      0x124 ./Middlewares/Third_Party/FreeRTOS/Source/portable/MemMang/heap_4.o
                0x0000000008006350                pvPortMalloc
 .text.vPortFree
                0x0000000008006474       0x7c ./Middlewares/Third_Party/FreeRTOS/Source/portable/MemMang/heap_4.o
                0x0000000008006474                vPortFree
 .text.StartDefaultTask
                0x00000000080064f0      0x154 ./Src/application.o
                0x00000000080064f0                StartDefaultTask
 .text.led0     0x0000000008006644       0x1c ./Src/io.o
                0x0000000008006644                led0
 .text.led1     0x0000000008006660       0x1c ./Src/io.o
                0x0000000008006660                led1
 .text.led2     0x000000000800667c       0x1c ./Src/io.o
                0x000000000800667c                led2
 .text.led3     0x0000000008006698       0x1c ./Src/io.o
                0x0000000008006698                led3
 .text.lcdWriteDigit
                0x00000000080066b4       0xa4 ./Src/io.o
                0x00000000080066b4                lcdWriteDigit
 .text.lcdUpdateDisplay
                0x0000000008006758        0xc ./Src/io.o
                0x0000000008006758                lcdUpdateDisplay
 .text.lcdWriteHexDigit
                0x0000000008006764       0x14 ./Src/io.o
                0x0000000008006764                lcdWriteHexDigit
 .text.LL_AHB2_GRP1_EnableClock
                0x0000000008006778       0x1c ./Src/main.o
 .text.SystemClock_Config
                0x0000000008006794       0x66 ./Src/main.o
                0x0000000008006794                SystemClock_Config
 .text.PeriphCommonClock_Config
                0x00000000080067fa       0x44 ./Src/main.o
                0x00000000080067fa                PeriphCommonClock_Config
 *fill*         0x000000000800683e        0x2 
 .text.startup.main
                0x0000000008006840      0x2dc ./Src/main.o
                0x0000000008006840                main
 .text.HAL_TIM_PeriodElapsedCallback
                0x0000000008006b1c       0x14 ./Src/main.o
                0x0000000008006b1c                HAL_TIM_PeriodElapsedCallback
 .text.Error_Handler
                0x0000000008006b30        0x2 ./Src/main.o
                0x0000000008006b30                Error_Handler
 *fill*         0x0000000008006b32        0x2 
 .text.HAL_MspInit
                0x0000000008006b34       0x50 ./Src/stm32l4xx_hal_msp.o
                0x0000000008006b34                HAL_MspInit
 .text.HAL_ADC_MspInit
                0x0000000008006b84       0xc4 ./Src/stm32l4xx_hal_msp.o
                0x0000000008006b84                HAL_ADC_MspInit
 .text.HAL_COMP_MspInit
                0x0000000008006c48       0x50 ./Src/stm32l4xx_hal_msp.o
                0x0000000008006c48                HAL_COMP_MspInit
 .text.HAL_DAC_MspInit
                0x0000000008006c98       0x60 ./Src/stm32l4xx_hal_msp.o
                0x0000000008006c98                HAL_DAC_MspInit
 .text.HAL_LCD_MspInit
                0x0000000008006cf8       0xe4 ./Src/stm32l4xx_hal_msp.o
                0x0000000008006cf8                HAL_LCD_MspInit
 .text.HAL_OPAMP_MspInit
                0x0000000008006ddc      0x104 ./Src/stm32l4xx_hal_msp.o
                0x0000000008006ddc                HAL_OPAMP_MspInit
 .text.HAL_InitTick
                0x0000000008006ee0       0x78 ./Src/stm32l4xx_hal_timebase_tim.o
                0x0000000008006ee0                HAL_InitTick
 .text.NMI_Handler
                0x0000000008006f58        0x2 ./Src/stm32l4xx_it.o
                0x0000000008006f58                NMI_Handler
 .text.HardFault_Handler
                0x0000000008006f5a        0x2 ./Src/stm32l4xx_it.o
                0x0000000008006f5a                HardFault_Handler
 .text.MemManage_Handler
                0x0000000008006f5c        0x2 ./Src/stm32l4xx_it.o
                0x0000000008006f5c                MemManage_Handler
 .text.BusFault_Handler
                0x0000000008006f5e        0x2 ./Src/stm32l4xx_it.o
                0x0000000008006f5e                BusFault_Handler
 .text.UsageFault_Handler
                0x0000000008006f60        0x2 ./Src/stm32l4xx_it.o
                0x0000000008006f60                UsageFault_Handler
 .text.DebugMon_Handler
                0x0000000008006f62        0x2 ./Src/stm32l4xx_it.o
                0x0000000008006f62                DebugMon_Handler
 .text.TIM1_UP_TIM16_IRQHandler
                0x0000000008006f64        0xc ./Src/stm32l4xx_it.o
                0x0000000008006f64                TIM1_UP_TIM16_IRQHandler
 .text.OTG_FS_IRQHandler
                0x0000000008006f70        0xc ./Src/stm32l4xx_it.o
                0x0000000008006f70                OTG_FS_IRQHandler
 .text.SystemInit
                0x0000000008006f7c       0x48 ./Src/system_stm32l4xx.o
                0x0000000008006f7c                SystemInit
 .text.MX_USB_DEVICE_Init
                0x0000000008006fc4       0x50 ./Src/usb_device.o
                0x0000000008006fc4                MX_USB_DEVICE_Init
 .text.CDC_DeInit_FS
                0x0000000008007014        0x4 ./Src/usbd_cdc_if.o
 .text.CDC_TransmitCplt_FS
                0x0000000008007018        0xa ./Src/usbd_cdc_if.o
 *fill*         0x0000000008007022        0x2 
 .text.CDC_Receive_FS
                0x0000000008007024       0x28 ./Src/usbd_cdc_if.o
 .text.CDC_Init_FS
                0x000000000800704c       0x28 ./Src/usbd_cdc_if.o
 .text.CDC_Control_FS
                0x0000000008007074       0x30 ./Src/usbd_cdc_if.o
 .text.CDC_Transmit_FS
                0x00000000080070a4       0x2c ./Src/usbd_cdc_if.o
                0x00000000080070a4                CDC_Transmit_FS
 .text.HAL_PCD_MspInit
                0x00000000080070d0       0xc0 ./Src/usbd_conf.o
                0x00000000080070d0                HAL_PCD_MspInit
 .text.HAL_PCD_SetupStageCallback
                0x0000000008007190        0xc ./Src/usbd_conf.o
                0x0000000008007190                HAL_PCD_SetupStageCallback
 .text.HAL_PCD_DataOutStageCallback
                0x000000000800719c       0x12 ./Src/usbd_conf.o
                0x000000000800719c                HAL_PCD_DataOutStageCallback
 .text.HAL_PCD_DataInStageCallback
                0x00000000080071ae       0x10 ./Src/usbd_conf.o
                0x00000000080071ae                HAL_PCD_DataInStageCallback
 .text.HAL_PCD_SOFCallback
                0x00000000080071be        0x8 ./Src/usbd_conf.o
                0x00000000080071be                HAL_PCD_SOFCallback
 .text.HAL_PCD_ResetCallback
                0x00000000080071c6       0x24 ./Src/usbd_conf.o
                0x00000000080071c6                HAL_PCD_ResetCallback
 *fill*         0x00000000080071ea        0x2 
 .text.HAL_PCD_SuspendCallback
                0x00000000080071ec       0x30 ./Src/usbd_conf.o
                0x00000000080071ec                HAL_PCD_SuspendCallback
 .text.HAL_PCD_ResumeCallback
                0x000000000800721c       0x34 ./Src/usbd_conf.o
                0x000000000800721c                HAL_PCD_ResumeCallback
 .text.HAL_PCD_ISOOUTIncompleteCallback
                0x0000000008007250        0x8 ./Src/usbd_conf.o
                0x0000000008007250                HAL_PCD_ISOOUTIncompleteCallback
 .text.HAL_PCD_ISOINIncompleteCallback
                0x0000000008007258        0x8 ./Src/usbd_conf.o
                0x0000000008007258                HAL_PCD_ISOINIncompleteCallback
 .text.HAL_PCD_ConnectCallback
                0x0000000008007260        0x8 ./Src/usbd_conf.o
                0x0000000008007260                HAL_PCD_ConnectCallback
 .text.HAL_PCD_DisconnectCallback
                0x0000000008007268        0x8 ./Src/usbd_conf.o
                0x0000000008007268                HAL_PCD_DisconnectCallback
 .text.USBD_LL_Init
                0x0000000008007270       0x5c ./Src/usbd_conf.o
                0x0000000008007270                USBD_LL_Init
 .text.USBD_LL_Start
                0x00000000080072cc       0x1c ./Src/usbd_conf.o
                0x00000000080072cc                USBD_LL_Start
 .text.USBD_LL_OpenEP
                0x00000000080072e8       0x20 ./Src/usbd_conf.o
                0x00000000080072e8                USBD_LL_OpenEP
 .text.USBD_LL_CloseEP
                0x0000000008007308       0x1c ./Src/usbd_conf.o
                0x0000000008007308                USBD_LL_CloseEP
 .text.USBD_LL_StallEP
                0x0000000008007324       0x1c ./Src/usbd_conf.o
                0x0000000008007324                USBD_LL_StallEP
 .text.USBD_LL_ClearStallEP
                0x0000000008007340       0x1c ./Src/usbd_conf.o
                0x0000000008007340                USBD_LL_ClearStallEP
 .text.USBD_LL_IsStallEP
                0x000000000800735c       0x26 ./Src/usbd_conf.o
                0x000000000800735c                USBD_LL_IsStallEP
 *fill*         0x0000000008007382        0x2 
 .text.USBD_LL_SetUSBAddress
                0x0000000008007384       0x1c ./Src/usbd_conf.o
                0x0000000008007384                USBD_LL_SetUSBAddress
 .text.USBD_LL_Transmit
                0x00000000080073a0       0x1c ./Src/usbd_conf.o
                0x00000000080073a0                USBD_LL_Transmit
 .text.USBD_LL_PrepareReceive
                0x00000000080073bc       0x1c ./Src/usbd_conf.o
                0x00000000080073bc                USBD_LL_PrepareReceive
 .text.USBD_LL_GetRxDataSize
                0x00000000080073d8        0x8 ./Src/usbd_conf.o
                0x00000000080073d8                USBD_LL_GetRxDataSize
 .text.USBD_static_malloc
                0x00000000080073e0        0x8 ./Src/usbd_conf.o
                0x00000000080073e0                USBD_static_malloc
 .text.USBD_static_free
                0x00000000080073e8        0x2 ./Src/usbd_conf.o
                0x00000000080073e8                USBD_static_free
 *fill*         0x00000000080073ea        0x2 
 .text.USBD_FS_DeviceDescriptor
                0x00000000080073ec        0xc ./Src/usbd_desc.o
                0x00000000080073ec                USBD_FS_DeviceDescriptor
 .text.USBD_FS_LangIDStrDescriptor
                0x00000000080073f8        0xc ./Src/usbd_desc.o
                0x00000000080073f8                USBD_FS_LangIDStrDescriptor
 .text.IntToUnicode
                0x0000000008007404       0x2a ./Src/usbd_desc.o
 *fill*         0x000000000800742e        0x2 
 .text.USBD_FS_SerialStrDescriptor
                0x0000000008007430       0x40 ./Src/usbd_desc.o
                0x0000000008007430                USBD_FS_SerialStrDescriptor
 .text.USBD_FS_ManufacturerStrDescriptor
                0x0000000008007470       0x1c ./Src/usbd_desc.o
                0x0000000008007470                USBD_FS_ManufacturerStrDescriptor
 .text.USBD_FS_ProductStrDescriptor
                0x000000000800748c       0x1c ./Src/usbd_desc.o
                0x000000000800748c                USBD_FS_ProductStrDescriptor
 .text.USBD_FS_ConfigStrDescriptor
                0x00000000080074a8       0x1c ./Src/usbd_desc.o
                0x00000000080074a8                USBD_FS_ConfigStrDescriptor
 .text.USBD_FS_InterfaceStrDescriptor
                0x00000000080074c4       0x1c ./Src/usbd_desc.o
                0x00000000080074c4                USBD_FS_InterfaceStrDescriptor
 .text.usbserialInit
                0x00000000080074e0       0x58 ./Src/usbserial.o
                0x00000000080074e0                usbserialInit
 .text.usbserialQueue
                0x0000000008007538       0x3c ./Src/usbserial.o
                0x0000000008007538                usbserialQueue
 .text.usbserialGetByte
                0x0000000008007574       0x40 ./Src/usbserial.o
                0x0000000008007574                usbserialGetByte
 .text.usbserialPutByte
                0x00000000080075b4       0x24 ./Src/usbserial.o
                0x00000000080075b4                usbserialPutByte
 .text.usbserialWriteChar
                0x00000000080075d8        0x4 ./Src/usbserial.o
                0x00000000080075d8                usbserialWriteChar
 .text.usbserialReadChar
                0x00000000080075dc       0x1c ./Src/usbserial.o
                0x00000000080075dc                usbserialReadChar
 .text.usbserialTxWakeup
                0x00000000080075f8       0x10 ./Src/usbserial.o
                0x00000000080075f8                usbserialTxWakeup
 .text.StartUsbTxTask
                0x0000000008007608       0x44 ./Src/usbserial.o
                0x0000000008007608                StartUsbTxTask
 .text.Reset_Handler
                0x000000000800764c       0x50 ./Startup/startup_stm32l496vetx.o
                0x000000000800764c                Reset_Handler
 .text.Default_Handler
                0x000000000800769c        0x2 ./Startup/startup_stm32l496vetx.o
                0x000000000800769c                RTC_Alarm_IRQHandler
                0x000000000800769c                EXTI2_IRQHandler
                0x000000000800769c                TIM8_TRG_COM_IRQHandler
                0x000000000800769c                TIM8_CC_IRQHandler
                0x000000000800769c                TIM1_CC_IRQHandler
                0x000000000800769c                TSC_IRQHandler
                0x000000000800769c                TAMP_STAMP_IRQHandler
                0x000000000800769c                CAN2_RX1_IRQHandler
                0x000000000800769c                EXTI3_IRQHandler
                0x000000000800769c                LPTIM2_IRQHandler
                0x000000000800769c                DFSDM1_FLT1_IRQHandler
                0x000000000800769c                I2C3_ER_IRQHandler
                0x000000000800769c                DFSDM1_FLT2_IRQHandler
                0x000000000800769c                EXTI0_IRQHandler
                0x000000000800769c                I2C2_EV_IRQHandler
                0x000000000800769c                CAN1_RX0_IRQHandler
                0x000000000800769c                FPU_IRQHandler
                0x000000000800769c                CAN2_SCE_IRQHandler
                0x000000000800769c                ADC1_2_IRQHandler
                0x000000000800769c                SPI1_IRQHandler
                0x000000000800769c                TIM6_DAC_IRQHandler
                0x000000000800769c                DCMI_IRQHandler
                0x000000000800769c                CAN2_RX0_IRQHandler
                0x000000000800769c                TIM8_UP_IRQHandler
                0x000000000800769c                DMA2_Channel2_IRQHandler
                0x000000000800769c                DMA1_Channel4_IRQHandler
                0x000000000800769c                SAI2_IRQHandler
                0x000000000800769c                DFSDM1_FLT3_IRQHandler
                0x000000000800769c                USART3_IRQHandler
                0x000000000800769c                DMA1_Channel7_IRQHandler
                0x000000000800769c                CAN1_RX1_IRQHandler
                0x000000000800769c                LCD_IRQHandler
                0x000000000800769c                UART5_IRQHandler
                0x000000000800769c                ADC3_IRQHandler
                0x000000000800769c                TIM4_IRQHandler
                0x000000000800769c                DMA2_Channel1_IRQHandler
                0x000000000800769c                QUADSPI_IRQHandler
                0x000000000800769c                I2C1_EV_IRQHandler
                0x000000000800769c                DMA1_Channel6_IRQHandler
                0x000000000800769c                UART4_IRQHandler
                0x000000000800769c                DMA2_Channel4_IRQHandler
                0x000000000800769c                TIM3_IRQHandler
                0x000000000800769c                RCC_IRQHandler
                0x000000000800769c                DMA1_Channel1_IRQHandler
                0x000000000800769c                Default_Handler
                0x000000000800769c                DMA2_Channel7_IRQHandler
                0x000000000800769c                EXTI15_10_IRQHandler
                0x000000000800769c                TIM7_IRQHandler
                0x000000000800769c                SDMMC1_IRQHandler
                0x000000000800769c                CAN2_TX_IRQHandler
                0x000000000800769c                TIM5_IRQHandler
                0x000000000800769c                I2C3_EV_IRQHandler
                0x000000000800769c                EXTI9_5_IRQHandler
                0x000000000800769c                RTC_WKUP_IRQHandler
                0x000000000800769c                PVD_PVM_IRQHandler
                0x000000000800769c                SPI2_IRQHandler
                0x000000000800769c                CAN1_TX_IRQHandler
                0x000000000800769c                DMA2_Channel5_IRQHandler
                0x000000000800769c                CRS_IRQHandler
                0x000000000800769c                DMA1_Channel5_IRQHandler
                0x000000000800769c                EXTI4_IRQHandler
                0x000000000800769c                RNG_IRQHandler
                0x000000000800769c                TIM1_TRG_COM_TIM17_IRQHandler
                0x000000000800769c                DMA1_Channel3_IRQHandler
                0x000000000800769c                COMP_IRQHandler
                0x000000000800769c                WWDG_IRQHandler
                0x000000000800769c                I2C4_EV_IRQHandler
                0x000000000800769c                LPUART1_IRQHandler
                0x000000000800769c                DMA2_Channel6_IRQHandler
                0x000000000800769c                TIM2_IRQHandler
                0x000000000800769c                EXTI1_IRQHandler
                0x000000000800769c                USART2_IRQHandler
                0x000000000800769c                DFSDM1_FLT0_IRQHandler
                0x000000000800769c                I2C2_ER_IRQHandler
                0x000000000800769c                DMA1_Channel2_IRQHandler
                0x000000000800769c                TIM8_BRK_IRQHandler
                0x000000000800769c                CAN1_SCE_IRQHandler
                0x000000000800769c                FLASH_IRQHandler
                0x000000000800769c                USART1_IRQHandler
                0x000000000800769c                SPI3_IRQHandler
                0x000000000800769c                I2C1_ER_IRQHandler
                0x000000000800769c                FMC_IRQHandler
                0x000000000800769c                SWPMI1_IRQHandler
                0x000000000800769c                LPTIM1_IRQHandler
                0x000000000800769c                I2C4_ER_IRQHandler
                0x000000000800769c                SAI1_IRQHandler
                0x000000000800769c                DMA2_Channel3_IRQHandler
                0x000000000800769c                TIM1_BRK_TIM15_IRQHandler
 *fill*         0x000000000800769e        0x2 
 .text.__libc_init_array
                0x00000000080076a0       0x48 /opt/st/stm32cubeide_1.8.0/plugins/com.st.stm32cube.ide.mcu.externaltools.gnu-tools-for-stm32.9-2020-q2-update.linux64_2.0.0.202105311346/tools/bin/../lib/gcc/arm-none-eabi/9.3.1/../../../../arm-none-eabi/lib/thumb/v7e-m+fp/hard/libc_nano.a(lib_a-init.o)
                0x00000000080076a0                __libc_init_array
 .text.__retarget_lock_acquire_recursive
                0x00000000080076e8        0x2 /opt/st/stm32cubeide_1.8.0/plugins/com.st.stm32cube.ide.mcu.externaltools.gnu-tools-for-stm32.9-2020-q2-update.linux64_2.0.0.202105311346/tools/bin/../lib/gcc/arm-none-eabi/9.3.1/../../../../arm-none-eabi/lib/thumb/v7e-m+fp/hard/libc_nano.a(lib_a-lock.o)
                0x00000000080076e8                __retarget_lock_acquire_recursive
 .text.__retarget_lock_release_recursive
                0x00000000080076ea        0x2 /opt/st/stm32cubeide_1.8.0/plugins/com.st.stm32cube.ide.mcu.externaltools.gnu-tools-for-stm32.9-2020-q2-update.linux64_2.0.0.202105311346/tools/bin/../lib/gcc/arm-none-eabi/9.3.1/../../../../arm-none-eabi/lib/thumb/v7e-m+fp/hard/libc_nano.a(lib_a-lock.o)
                0x00000000080076ea                __retarget_lock_release_recursive
 .text.memcpy   0x00000000080076ec       0x1c /opt/st/stm32cubeide_1.8.0/plugins/com.st.stm32cube.ide.mcu.externaltools.gnu-tools-for-stm32.9-2020-q2-update.linux64_2.0.0.202105311346/tools/bin/../lib/gcc/arm-none-eabi/9.3.1/../../../../arm-none-eabi/lib/thumb/v7e-m+fp/hard/libc_nano.a(lib_a-memcpy-stub.o)
                0x00000000080076ec                memcpy
 .text.memset   0x0000000008007708       0x10 /opt/st/stm32cubeide_1.8.0/plugins/com.st.stm32cube.ide.mcu.externaltools.gnu-tools-for-stm32.9-2020-q2-update.linux64_2.0.0.202105311346/tools/bin/../lib/gcc/arm-none-eabi/9.3.1/../../../../arm-none-eabi/lib/thumb/v7e-m+fp/hard/libc_nano.a(lib_a-memset.o)
                0x0000000008007708                memset
 .text.cleanup_glue
                0x0000000008007718       0x1a /opt/st/stm32cubeide_1.8.0/plugins/com.st.stm32cube.ide.mcu.externaltools.gnu-tools-for-stm32.9-2020-q2-update.linux64_2.0.0.202105311346/tools/bin/../lib/gcc/arm-none-eabi/9.3.1/../../../../arm-none-eabi/lib/thumb/v7e-m+fp/hard/libc_nano.a(lib_a-reent.o)
                0x0000000008007718                cleanup_glue
 *fill*         0x0000000008007732        0x2 
 .text._reclaim_reent
                0x0000000008007734       0xb8 /opt/st/stm32cubeide_1.8.0/plugins/com.st.stm32cube.ide.mcu.externaltools.gnu-tools-for-stm32.9-2020-q2-update.linux64_2.0.0.202105311346/tools/bin/../lib/gcc/arm-none-eabi/9.3.1/../../../../arm-none-eabi/lib/thumb/v7e-m+fp/hard/libc_nano.a(lib_a-reent.o)
                0x0000000008007734                _reclaim_reent
 .text.__malloc_lock
                0x00000000080077ec        0xc /opt/st/stm32cubeide_1.8.0/plugins/com.st.stm32cube.ide.mcu.externaltools.gnu-tools-for-stm32.9-2020-q2-update.linux64_2.0.0.202105311346/tools/bin/../lib/gcc/arm-none-eabi/9.3.1/../../../../arm-none-eabi/lib/thumb/v7e-m+fp/hard/libc_nano.a(lib_a-mlock.o)
                0x00000000080077ec                __malloc_lock
 .text.__malloc_unlock
                0x00000000080077f8        0xc /opt/st/stm32cubeide_1.8.0/plugins/com.st.stm32cube.ide.mcu.externaltools.gnu-tools-for-stm32.9-2020-q2-update.linux64_2.0.0.202105311346/tools/bin/../lib/gcc/arm-none-eabi/9.3.1/../../../../arm-none-eabi/lib/thumb/v7e-m+fp/hard/libc_nano.a(lib_a-mlock.o)
                0x00000000080077f8                __malloc_unlock
 .text._free_r  0x0000000008007804       0xa0 /opt/st/stm32cubeide_1.8.0/plugins/com.st.stm32cube.ide.mcu.externaltools.gnu-tools-for-stm32.9-2020-q2-update.linux64_2.0.0.202105311346/tools/bin/../lib/gcc/arm-none-eabi/9.3.1/../../../../arm-none-eabi/lib/thumb/v7e-m+fp/hard/libc_nano.a(lib_a-nano-freer.o)
                0x0000000008007804                _free_r
 *(.glue_7)
 .glue_7        0x00000000080078a4        0x0 linker stubs
 *(.glue_7t)
 .glue_7t       0x00000000080078a4        0x0 linker stubs
 *(.eh_frame)
 .eh_frame      0x00000000080078a4        0x0 /opt/st/stm32cubeide_1.8.0/plugins/com.st.stm32cube.ide.mcu.externaltools.gnu-tools-for-stm32.9-2020-q2-update.linux64_2.0.0.202105311346/tools/bin/../lib/gcc/arm-none-eabi/9.3.1/thumb/v7e-m+fp/hard/crtbegin.o
 *(.init)
 .init          0x00000000080078a4        0x4 /opt/st/stm32cubeide_1.8.0/plugins/com.st.stm32cube.ide.mcu.externaltools.gnu-tools-for-stm32.9-2020-q2-update.linux64_2.0.0.202105311346/tools/bin/../lib/gcc/arm-none-eabi/9.3.1/thumb/v7e-m+fp/hard/crti.o
                0x00000000080078a4                _init
 .init          0x00000000080078a8        0x8 /opt/st/stm32cubeide_1.8.0/plugins/com.st.stm32cube.ide.mcu.externaltools.gnu-tools-for-stm32.9-2020-q2-update.linux64_2.0.0.202105311346/tools/bin/../lib/gcc/arm-none-eabi/9.3.1/thumb/v7e-m+fp/hard/crtn.o
 *(.fini)
 .fini          0x00000000080078b0        0x4 /opt/st/stm32cubeide_1.8.0/plugins/com.st.stm32cube.ide.mcu.externaltools.gnu-tools-for-stm32.9-2020-q2-update.linux64_2.0.0.202105311346/tools/bin/../lib/gcc/arm-none-eabi/9.3.1/thumb/v7e-m+fp/hard/crti.o
                0x00000000080078b0                _fini
 .fini          0x00000000080078b4        0x8 /opt/st/stm32cubeide_1.8.0/plugins/com.st.stm32cube.ide.mcu.externaltools.gnu-tools-for-stm32.9-2020-q2-update.linux64_2.0.0.202105311346/tools/bin/../lib/gcc/arm-none-eabi/9.3.1/thumb/v7e-m+fp/hard/crtn.o
                0x00000000080078bc                . = ALIGN (0x4)
                0x00000000080078bc                _etext = .

.vfp11_veneer   0x00000000080078bc        0x0
 .vfp11_veneer  0x00000000080078bc        0x0 linker stubs

.v4_bx          0x00000000080078bc        0x0
 .v4_bx         0x00000000080078bc        0x0 linker stubs

.iplt           0x00000000080078bc        0x0
 .iplt          0x00000000080078bc        0x0 /opt/st/stm32cubeide_1.8.0/plugins/com.st.stm32cube.ide.mcu.externaltools.gnu-tools-for-stm32.9-2020-q2-update.linux64_2.0.0.202105311346/tools/bin/../lib/gcc/arm-none-eabi/9.3.1/thumb/v7e-m+fp/hard/crtbegin.o

.rodata         0x00000000080078bc      0x250
                0x00000000080078bc                . = ALIGN (0x4)
 *(.rodata)
 *(.rodata*)
 .rodata.vTaskStartScheduler.str1.1
                0x00000000080078bc        0x5 ./Middlewares/Third_Party/FreeRTOS/Source/tasks.o
 .rodata.prvCheckForValidListAndQueue.str1.1
                0x00000000080078c1        0x5 ./Middlewares/Third_Party/FreeRTOS/Source/timers.o
 .rodata.xTimerCreateTimerTask.str1.1
                0x00000000080078c6        0x8 ./Middlewares/Third_Party/FreeRTOS/Source/timers.o
 *fill*         0x00000000080078ce        0x2 
 .rodata.CSWTCH.19
                0x00000000080078d0       0xb4 ./Src/io.o
 .rodata.lcdPattern0
                0x0000000008007984        0x4 ./Src/io.o
 .rodata.lcdPattern1
                0x0000000008007988        0x4 ./Src/io.o
 .rodata.lcdPattern2
                0x000000000800798c        0x4 ./Src/io.o
 .rodata.lcdPattern3
                0x0000000008007990        0x4 ./Src/io.o
 .rodata.lcdPattern4
                0x0000000008007994        0x4 ./Src/io.o
 .rodata.lcdPattern5
                0x0000000008007998        0x4 ./Src/io.o
 .rodata.lcdPattern6
                0x000000000800799c        0x4 ./Src/io.o
 .rodata.lcdPattern7
                0x00000000080079a0        0x4 ./Src/io.o
 .rodata.lcdPattern8
                0x00000000080079a4        0x4 ./Src/io.o
 .rodata.lcdPattern9
                0x00000000080079a8        0x4 ./Src/io.o
 .rodata.lcdPatternA
                0x00000000080079ac        0x4 ./Src/io.o
 .rodata.lcdPatternB
                0x00000000080079b0        0x4 ./Src/io.o
 .rodata.lcdPatternC
                0x00000000080079b4        0x4 ./Src/io.o
 .rodata.lcdPatternD
                0x00000000080079b8        0x4 ./Src/io.o
 .rodata.lcdPatternE
                0x00000000080079bc        0x4 ./Src/io.o
 .rodata.lcdPatternEmpty
                0x00000000080079c0        0x4 ./Src/io.o
 .rodata.lcdPatternF
                0x00000000080079c4        0x4 ./Src/io.o
 .rodata.lcdPatternL
                0x00000000080079c8        0x4 ./Src/io.o
 .rodata.lcdPatternMinus
                0x00000000080079cc        0x4 ./Src/io.o
 .rodata.str1.1
                0x00000000080079d0       0x16 ./Src/main.o
 *fill*         0x00000000080079e6        0x2 
 .rodata.defaultTask_attributes
                0x00000000080079e8       0x24 ./Src/main.o
                0x00000000080079e8                defaultTask_attributes
 .rodata.usbTxTask_attributes
                0x0000000008007a0c       0x24 ./Src/main.o
                0x0000000008007a0c                usbTxTask_attributes
 .rodata.AHBPrescTable
                0x0000000008007a30       0x10 ./Src/system_stm32l4xx.o
                0x0000000008007a30                AHBPrescTable
 .rodata.APBPrescTable
                0x0000000008007a40        0x8 ./Src/system_stm32l4xx.o
                0x0000000008007a40                APBPrescTable
 .rodata.MSIRangeTable
                0x0000000008007a48       0x30 ./Src/system_stm32l4xx.o
                0x0000000008007a48                MSIRangeTable
 .rodata.CSWTCH.21
                0x0000000008007a78        0x4 ./Src/usbd_conf.o
 .rodata.USBD_FS_ManufacturerStrDescriptor.str1.1
                0x0000000008007a7c        0x4 ./Src/usbd_desc.o
 .rodata.USBD_FS_ProductStrDescriptor.str1.1
                0x0000000008007a80       0x10 ./Src/usbd_desc.o
 .rodata.USBD_FS_ConfigStrDescriptor.str1.1
                0x0000000008007a90        0xb ./Src/usbd_desc.o
 .rodata.USBD_FS_InterfaceStrDescriptor.str1.1
                0x0000000008007a9b        0xe ./Src/usbd_desc.o
 *fill*         0x0000000008007aa9        0x3 
 .rodata.__sf_fake_stderr
                0x0000000008007aac       0x20 /opt/st/stm32cubeide_1.8.0/plugins/com.st.stm32cube.ide.mcu.externaltools.gnu-tools-for-stm32.9-2020-q2-update.linux64_2.0.0.202105311346/tools/bin/../lib/gcc/arm-none-eabi/9.3.1/../../../../arm-none-eabi/lib/thumb/v7e-m+fp/hard/libc_nano.a(lib_a-findfp.o)
                0x0000000008007aac                __sf_fake_stderr
 .rodata.__sf_fake_stdin
                0x0000000008007acc       0x20 /opt/st/stm32cubeide_1.8.0/plugins/com.st.stm32cube.ide.mcu.externaltools.gnu-tools-for-stm32.9-2020-q2-update.linux64_2.0.0.202105311346/tools/bin/../lib/gcc/arm-none-eabi/9.3.1/../../../../arm-none-eabi/lib/thumb/v7e-m+fp/hard/libc_nano.a(lib_a-findfp.o)
                0x0000000008007acc                __sf_fake_stdin
 .rodata.__sf_fake_stdout
                0x0000000008007aec       0x20 /opt/st/stm32cubeide_1.8.0/plugins/com.st.stm32cube.ide.mcu.externaltools.gnu-tools-for-stm32.9-2020-q2-update.linux64_2.0.0.202105311346/tools/bin/../lib/gcc/arm-none-eabi/9.3.1/../../../../arm-none-eabi/lib/thumb/v7e-m+fp/hard/libc_nano.a(lib_a-findfp.o)
                0x0000000008007aec                __sf_fake_stdout
                0x0000000008007b0c                . = ALIGN (0x4)

.rel.dyn        0x0000000008007b0c        0x0
 .rel.iplt      0x0000000008007b0c        0x0 /opt/st/stm32cubeide_1.8.0/plugins/com.st.stm32cube.ide.mcu.externaltools.gnu-tools-for-stm32.9-2020-q2-update.linux64_2.0.0.202105311346/tools/bin/../lib/gcc/arm-none-eabi/9.3.1/thumb/v7e-m+fp/hard/crtbegin.o

.ARM.extab      0x0000000008007b0c        0x0
                0x0000000008007b0c                . = ALIGN (0x4)
 *(.ARM.extab* .gnu.linkonce.armextab.*)
                0x0000000008007b0c                . = ALIGN (0x4)

.ARM            0x0000000008007b0c        0x0
                0x0000000008007b0c                . = ALIGN (0x4)
                0x0000000008007b0c                __exidx_start = .
 *(.ARM.exidx*)
                0x0000000008007b0c                __exidx_end = .
                0x0000000008007b0c                . = ALIGN (0x4)

.preinit_array  0x0000000008007b0c        0x0
                0x0000000008007b0c                . = ALIGN (0x4)
                0x0000000008007b0c                PROVIDE (__preinit_array_start = .)
 *(.preinit_array*)
                0x0000000008007b0c                PROVIDE (__preinit_array_end = .)
                0x0000000008007b0c                . = ALIGN (0x4)

.init_array     0x0000000008007b0c        0x4
                0x0000000008007b0c                . = ALIGN (0x4)
                0x0000000008007b0c                PROVIDE (__init_array_start = .)
 *(SORT_BY_NAME(.init_array.*))
 *(.init_array*)
 .init_array    0x0000000008007b0c        0x4 /opt/st/stm32cubeide_1.8.0/plugins/com.st.stm32cube.ide.mcu.externaltools.gnu-tools-for-stm32.9-2020-q2-update.linux64_2.0.0.202105311346/tools/bin/../lib/gcc/arm-none-eabi/9.3.1/thumb/v7e-m+fp/hard/crtbegin.o
                0x0000000008007b10                PROVIDE (__init_array_end = .)
                0x0000000008007b10                . = ALIGN (0x4)

.fini_array     0x0000000008007b10        0x4
                0x0000000008007b10                . = ALIGN (0x4)
                [!provide]                        PROVIDE (__fini_array_start = .)
 *(SORT_BY_NAME(.fini_array.*))
 *(.fini_array*)
 .fini_array    0x0000000008007b10        0x4 /opt/st/stm32cubeide_1.8.0/plugins/com.st.stm32cube.ide.mcu.externaltools.gnu-tools-for-stm32.9-2020-q2-update.linux64_2.0.0.202105311346/tools/bin/../lib/gcc/arm-none-eabi/9.3.1/thumb/v7e-m+fp/hard/crtbegin.o
                [!provide]                        PROVIDE (__fini_array_end = .)
                0x0000000008007b14                . = ALIGN (0x4)
                0x0000000008007b14                _sidata = LOADADDR (.data)

.data           0x0000000020000000      0x1f0 load address 0x0000000008007b14
                0x0000000020000000                . = ALIGN (0x4)
                0x0000000020000000                _sdata = .
 *(.data)
 *(.data*)
 .data.uwTickFreq
                0x0000000020000000        0x1 ./Drivers/STM32L4xx_HAL_Driver/Src/stm32l4xx_hal.o
                0x0000000020000000                uwTickFreq
 *fill*         0x0000000020000001        0x3 
 .data.uwTickPrio
                0x0000000020000004        0x4 ./Drivers/STM32L4xx_HAL_Driver/Src/stm32l4xx_hal.o
                0x0000000020000004                uwTickPrio
 .data.USBD_CDC
                0x0000000020000008       0x38 ./Middlewares/ST/STM32_USB_Device_Library/Class/CDC/Src/usbd_cdc.o
                0x0000000020000008                USBD_CDC
 .data.USBD_CDC_CfgFSDesc
                0x0000000020000040       0x43 ./Middlewares/ST/STM32_USB_Device_Library/Class/CDC/Src/usbd_cdc.o
 *fill*         0x0000000020000083        0x1 
 .data.USBD_CDC_CfgHSDesc
                0x0000000020000084       0x43 ./Middlewares/ST/STM32_USB_Device_Library/Class/CDC/Src/usbd_cdc.o
 *fill*         0x00000000200000c7        0x1 
 .data.USBD_CDC_DeviceQualifierDesc
                0x00000000200000c8        0xa ./Middlewares/ST/STM32_USB_Device_Library/Class/CDC/Src/usbd_cdc.o
 *fill*         0x00000000200000d2        0x2 
 .data.USBD_CDC_OtherSpeedCfgDesc
                0x00000000200000d4       0x43 ./Middlewares/ST/STM32_USB_Device_Library/Class/CDC/Src/usbd_cdc.o
 *fill*         0x0000000020000117        0x1 
 .data.uxCriticalNesting
                0x0000000020000118        0x4 ./Middlewares/Third_Party/FreeRTOS/Source/portable/GCC/ARM_CM4F/port.o
 .data.SystemCoreClock
                0x000000002000011c        0x4 ./Src/system_stm32l4xx.o
                0x000000002000011c                SystemCoreClock
 .data.USBD_Interface_fops_FS
                0x0000000020000120       0x14 ./Src/usbd_cdc_if.o
                0x0000000020000120                USBD_Interface_fops_FS
 .data.lineCoding
                0x0000000020000134        0x7 ./Src/usbd_cdc_if.o
 *fill*         0x000000002000013b        0x1 
 .data.FS_Desc  0x000000002000013c       0x1c ./Src/usbd_desc.o
                0x000000002000013c                FS_Desc
 .data.USBD_FS_DeviceDesc
                0x0000000020000158       0x12 ./Src/usbd_desc.o
                0x0000000020000158                USBD_FS_DeviceDesc
 *fill*         0x000000002000016a        0x2 
 .data.USBD_LangIDDesc
                0x000000002000016c        0x4 ./Src/usbd_desc.o
                0x000000002000016c                USBD_LangIDDesc
 .data.USBD_StringSerial
                0x0000000020000170       0x1a ./Src/usbd_desc.o
                0x0000000020000170                USBD_StringSerial
 *fill*         0x000000002000018a        0x2 
 .data._impure_ptr
                0x000000002000018c        0x4 /opt/st/stm32cubeide_1.8.0/plugins/com.st.stm32cube.ide.mcu.externaltools.gnu-tools-for-stm32.9-2020-q2-update.linux64_2.0.0.202105311346/tools/bin/../lib/gcc/arm-none-eabi/9.3.1/../../../../arm-none-eabi/lib/thumb/v7e-m+fp/hard/libc_nano.a(lib_a-impure.o)
                0x000000002000018c                _impure_ptr
 .data.impure_data
                0x0000000020000190       0x60 /opt/st/stm32cubeide_1.8.0/plugins/com.st.stm32cube.ide.mcu.externaltools.gnu-tools-for-stm32.9-2020-q2-update.linux64_2.0.0.202105311346/tools/bin/../lib/gcc/arm-none-eabi/9.3.1/../../../../arm-none-eabi/lib/thumb/v7e-m+fp/hard/libc_nano.a(lib_a-impure.o)
                0x00000000200001f0                . = ALIGN (0x4)
                0x00000000200001f0                _edata = .

.igot.plt       0x00000000200001f0        0x0 load address 0x0000000008007d04
 .igot.plt      0x00000000200001f0        0x0 /opt/st/stm32cubeide_1.8.0/plugins/com.st.stm32cube.ide.mcu.externaltools.gnu-tools-for-stm32.9-2020-q2-update.linux64_2.0.0.202105311346/tools/bin/../lib/gcc/arm-none-eabi/9.3.1/thumb/v7e-m+fp/hard/crtbegin.o
                0x00000000200001f0                . = ALIGN (0x4)

.bss            0x00000000200001f0     0x68d8 load address 0x0000000008007d04
                0x00000000200001f0                _sbss = .
                0x00000000200001f0                __bss_start__ = _sbss
 *(.bss)
 .bss           0x00000000200001f0       0x1c /opt/st/stm32cubeide_1.8.0/plugins/com.st.stm32cube.ide.mcu.externaltools.gnu-tools-for-stm32.9-2020-q2-update.linux64_2.0.0.202105311346/tools/bin/../lib/gcc/arm-none-eabi/9.3.1/thumb/v7e-m+fp/hard/crtbegin.o
 *(.bss*)
 .bss.cfgidx.14421
                0x000000002000020c        0x1 ./Middlewares/ST/STM32_USB_Device_Library/Core/Src/usbd_ctlreq.o
 *fill*         0x000000002000020d        0x3 
 .bss.Idle_Stack.12412
                0x0000000020000210      0x200 ./Middlewares/Third_Party/FreeRTOS/Source/CMSIS_RTOS_V2/cmsis_os2.o
 .bss.Idle_TCB.12411
                0x0000000020000410       0xbc ./Middlewares/Third_Party/FreeRTOS/Source/CMSIS_RTOS_V2/cmsis_os2.o
 .bss.KernelState
                0x00000000200004cc        0x4 ./Middlewares/Third_Party/FreeRTOS/Source/CMSIS_RTOS_V2/cmsis_os2.o
 .bss.Timer_Stack.12419
                0x00000000200004d0      0x400 ./Middlewares/Third_Party/FreeRTOS/Source/CMSIS_RTOS_V2/cmsis_os2.o
 .bss.Timer_TCB.12418
                0x00000000200008d0       0xbc ./Middlewares/Third_Party/FreeRTOS/Source/CMSIS_RTOS_V2/cmsis_os2.o
 .bss.pxCurrentTCB
                0x000000002000098c        0x4 ./Middlewares/Third_Party/FreeRTOS/Source/tasks.o
                0x000000002000098c                pxCurrentTCB
 .bss.pxDelayedTaskList
                0x0000000020000990        0x4 ./Middlewares/Third_Party/FreeRTOS/Source/tasks.o
 .bss.pxOverflowDelayedTaskList
                0x0000000020000994        0x4 ./Middlewares/Third_Party/FreeRTOS/Source/tasks.o
 .bss.pxReadyTasksLists
                0x0000000020000998      0x460 ./Middlewares/Third_Party/FreeRTOS/Source/tasks.o
 .bss.uxCurrentNumberOfTasks
                0x0000000020000df8        0x4 ./Middlewares/Third_Party/FreeRTOS/Source/tasks.o
 .bss.uxDeletedTasksWaitingCleanUp
                0x0000000020000dfc        0x4 ./Middlewares/Third_Party/FreeRTOS/Source/tasks.o
 .bss.uxSchedulerSuspended
                0x0000000020000e00        0x4 ./Middlewares/Third_Party/FreeRTOS/Source/tasks.o
 .bss.uxTaskNumber
                0x0000000020000e04        0x4 ./Middlewares/Third_Party/FreeRTOS/Source/tasks.o
 .bss.uxTopReadyPriority
                0x0000000020000e08        0x4 ./Middlewares/Third_Party/FreeRTOS/Source/tasks.o
 .bss.xDelayedTaskList1
                0x0000000020000e0c       0x14 ./Middlewares/Third_Party/FreeRTOS/Source/tasks.o
 .bss.xDelayedTaskList2
                0x0000000020000e20       0x14 ./Middlewares/Third_Party/FreeRTOS/Source/tasks.o
 .bss.xNextTaskUnblockTime
                0x0000000020000e34        0x4 ./Middlewares/Third_Party/FreeRTOS/Source/tasks.o
 .bss.xNumOfOverflows
                0x0000000020000e38        0x4 ./Middlewares/Third_Party/FreeRTOS/Source/tasks.o
 .bss.xPendedTicks
                0x0000000020000e3c        0x4 ./Middlewares/Third_Party/FreeRTOS/Source/tasks.o
 .bss.xPendingReadyList
                0x0000000020000e40       0x14 ./Middlewares/Third_Party/FreeRTOS/Source/tasks.o
 .bss.xSchedulerRunning
                0x0000000020000e54        0x4 ./Middlewares/Third_Party/FreeRTOS/Source/tasks.o
 .bss.xSuspendedTaskList
                0x0000000020000e58       0x14 ./Middlewares/Third_Party/FreeRTOS/Source/tasks.o
 .bss.xTasksWaitingTermination
                0x0000000020000e6c       0x14 ./Middlewares/Third_Party/FreeRTOS/Source/tasks.o
 .bss.xTickCount
                0x0000000020000e80        0x4 ./Middlewares/Third_Party/FreeRTOS/Source/tasks.o
 .bss.xYieldPending
                0x0000000020000e84        0x4 ./Middlewares/Third_Party/FreeRTOS/Source/tasks.o
 .bss.pxCurrentTimerList
                0x0000000020000e88        0x4 ./Middlewares/Third_Party/FreeRTOS/Source/timers.o
 .bss.pxOverflowTimerList
                0x0000000020000e8c        0x4 ./Middlewares/Third_Party/FreeRTOS/Source/timers.o
 .bss.ucStaticTimerQueueStorage.7061
                0x0000000020000e90       0xa0 ./Middlewares/Third_Party/FreeRTOS/Source/timers.o
 .bss.xActiveTimerList1
                0x0000000020000f30       0x14 ./Middlewares/Third_Party/FreeRTOS/Source/timers.o
 .bss.xActiveTimerList2
                0x0000000020000f44       0x14 ./Middlewares/Third_Party/FreeRTOS/Source/timers.o
 .bss.xLastTime.7010
                0x0000000020000f58        0x4 ./Middlewares/Third_Party/FreeRTOS/Source/timers.o
 .bss.xStaticTimerQueue.7060
                0x0000000020000f5c       0x50 ./Middlewares/Third_Party/FreeRTOS/Source/timers.o
 .bss.xTimerQueue
                0x0000000020000fac        0x4 ./Middlewares/Third_Party/FreeRTOS/Source/timers.o
 .bss.xTimerTaskHandle
                0x0000000020000fb0        0x4 ./Middlewares/Third_Party/FreeRTOS/Source/timers.o
 .bss.ucMaxSysCallPriority
                0x0000000020000fb4        0x1 ./Middlewares/Third_Party/FreeRTOS/Source/portable/GCC/ARM_CM4F/port.o
 *fill*         0x0000000020000fb5        0x3 
 .bss.ulMaxPRIGROUPValue
                0x0000000020000fb8        0x4 ./Middlewares/Third_Party/FreeRTOS/Source/portable/GCC/ARM_CM4F/port.o
 .bss.pxEnd     0x0000000020000fbc        0x4 ./Middlewares/Third_Party/FreeRTOS/Source/portable/MemMang/heap_4.o
 .bss.ucHeap    0x0000000020000fc0      0xbb8 ./Middlewares/Third_Party/FreeRTOS/Source/portable/MemMang/heap_4.o
 .bss.xBlockAllocatedBit
                0x0000000020001b78        0x4 ./Middlewares/Third_Party/FreeRTOS/Source/portable/MemMang/heap_4.o
 .bss.xFreeBytesRemaining
                0x0000000020001b7c        0x4 ./Middlewares/Third_Party/FreeRTOS/Source/portable/MemMang/heap_4.o
 .bss.xMinimumEverFreeBytesRemaining
                0x0000000020001b80        0x4 ./Middlewares/Third_Party/FreeRTOS/Source/portable/MemMang/heap_4.o
 .bss.xNumberOfSuccessfulAllocations
                0x0000000020001b84        0x4 ./Middlewares/Third_Party/FreeRTOS/Source/portable/MemMang/heap_4.o
 .bss.xNumberOfSuccessfulFrees
                0x0000000020001b88        0x4 ./Middlewares/Third_Party/FreeRTOS/Source/portable/MemMang/heap_4.o
 .bss.xStart    0x0000000020001b8c        0x8 ./Middlewares/Third_Party/FreeRTOS/Source/portable/MemMang/heap_4.o
 .bss.HAL_RCC_ADC_CLK_ENABLED
                0x0000000020001b94        0x4 ./Src/stm32l4xx_hal_msp.o
 .bss.HAL_RCC_OPAMP_CLK_ENABLED
                0x0000000020001b98        0x4 ./Src/stm32l4xx_hal_msp.o
 .bss.mem.14564
                0x0000000020001b9c      0x220 ./Src/usbd_conf.o
 .bss.echoOn    0x0000000020001dbc        0x4 ./Src/usbserial.o
 .bss.readyFlag
                0x0000000020001dc0        0x4 ./Src/usbserial.o
 .bss.usbHandle
                0x0000000020001dc4        0x4 ./Src/usbserial.o
 .bss.usbRxStopped
                0x0000000020001dc8        0x4 ./Src/usbserial.o
 .bss.usbserialRxBuffer
                0x0000000020001dcc      0x800 ./Src/usbserial.o
 .bss.usbserialRxBufferStruct
                0x00000000200025cc       0x24 ./Src/usbserial.o
 .bss.usbserialRxHandle