Archive member included to satisfy reference by file (symbol)

C:/ST/STM32CubeIDE_1.13.0/STM32CubeIDE/plugins/com.st.stm32cube.ide.mcu.externaltools.gnu-tools-for-stm32.11.3.rel1.win32_1.1.0.202305231506/tools/bin/../lib/gcc/arm-none-eabi/11.3.1/../../../../arm-none-eabi/lib/thumb/v7e-m+fp/hard\libc_nano.a(libc_a-exit.o)
                              C:/ST/STM32CubeIDE_1.13.0/STM32CubeIDE/plugins/com.st.stm32cube.ide.mcu.externaltools.gnu-tools-for-stm32.11.3.rel1.win32_1.1.0.202305231506/tools/bin/../lib/gcc/arm-none-eabi/11.3.1/../../../../arm-none-eabi/lib/thumb/v7e-m+fp/hard/crt0.o (exit)
C:/ST/STM32CubeIDE_1.13.0/STM32CubeIDE/plugins/com.st.stm32cube.ide.mcu.externaltools.gnu-tools-for-stm32.11.3.rel1.win32_1.1.0.202305231506/tools/bin/../lib/gcc/arm-none-eabi/11.3.1/../../../../arm-none-eabi/lib/thumb/v7e-m+fp/hard\libc_nano.a(libc_a-ctype_.o)
                              ./Src/usbserial.o (_ctype_)
C:/ST/STM32CubeIDE_1.13.0/STM32CubeIDE/plugins/com.st.stm32cube.ide.mcu.externaltools.gnu-tools-for-stm32.11.3.rel1.win32_1.1.0.202305231506/tools/bin/../lib/gcc/arm-none-eabi/11.3.1/../../../../arm-none-eabi/lib/thumb/v7e-m+fp/hard\libc_nano.a(libc_a-findfp.o)
                              ./Middlewares/Third_Party/FreeRTOS/Source/tasks.o (__sf)
C:/ST/STM32CubeIDE_1.13.0/STM32CubeIDE/plugins/com.st.stm32cube.ide.mcu.externaltools.gnu-tools-for-stm32.11.3.rel1.win32_1.1.0.202305231506/tools/bin/../lib/gcc/arm-none-eabi/11.3.1/../../../../arm-none-eabi/lib/thumb/v7e-m+fp/hard\libc_nano.a(libc_a-fwalk.o)
                              C:/ST/STM32CubeIDE_1.13.0/STM32CubeIDE/plugins/com.st.stm32cube.ide.mcu.externaltools.gnu-tools-for-stm32.11.3.rel1.win32_1.1.0.202305231506/tools/bin/../lib/gcc/arm-none-eabi/11.3.1/../../../../arm-none-eabi/lib/thumb/v7e-m+fp/hard\libc_nano.a(libc_a-findfp.o) (_fwalk_sglue)
C:/ST/STM32CubeIDE_1.13.0/STM32CubeIDE/plugins/com.st.stm32cube.ide.mcu.externaltools.gnu-tools-for-stm32.11.3.rel1.win32_1.1.0.202305231506/tools/bin/../lib/gcc/arm-none-eabi/11.3.1/../../../../arm-none-eabi/lib/thumb/v7e-m+fp/hard\libc_nano.a(libc_a-stdio.o)
                              C:/ST/STM32CubeIDE_1.13.0/STM32CubeIDE/plugins/com.st.stm32cube.ide.mcu.externaltools.gnu-tools-for-stm32.11.3.rel1.win32_1.1.0.202305231506/tools/bin/../lib/gcc/arm-none-eabi/11.3.1/../../../../arm-none-eabi/lib/thumb/v7e-m+fp/hard\libc_nano.a(libc_a-findfp.o) (__sread)
C:/ST/STM32CubeIDE_1.13.0/STM32CubeIDE/plugins/com.st.stm32cube.ide.mcu.externaltools.gnu-tools-for-stm32.11.3.rel1.win32_1.1.0.202305231506/tools/bin/../lib/gcc/arm-none-eabi/11.3.1/../../../../arm-none-eabi/lib/thumb/v7e-m+fp/hard\libc_nano.a(libc_a-vsnprintf.o)
                              ./Src/usbserial.o (vsnprintf)
C:/ST/STM32CubeIDE_1.13.0/STM32CubeIDE/plugins/com.st.stm32cube.ide.mcu.externaltools.gnu-tools-for-stm32.11.3.rel1.win32_1.1.0.202305231506/tools/bin/../lib/gcc/arm-none-eabi/11.3.1/../../../../arm-none-eabi/lib/thumb/v7e-m+fp/hard\libc_nano.a(libc_a-memset.o)
                              C:/ST/STM32CubeIDE_1.13.0/STM32CubeIDE/plugins/com.st.stm32cube.ide.mcu.externaltools.gnu-tools-for-stm32.11.3.rel1.win32_1.1.0.202305231506/tools/bin/../lib/gcc/arm-none-eabi/11.3.1/../../../../arm-none-eabi/lib/thumb/v7e-m+fp/hard/crt0.o (memset)
C:/ST/STM32CubeIDE_1.13.0/STM32CubeIDE/plugins/com.st.stm32cube.ide.mcu.externaltools.gnu-tools-for-stm32.11.3.rel1.win32_1.1.0.202305231506/tools/bin/../lib/gcc/arm-none-eabi/11.3.1/../../../../arm-none-eabi/lib/thumb/v7e-m+fp/hard\libc_nano.a(libc_a-closer.o)
                              C:/ST/STM32CubeIDE_1.13.0/STM32CubeIDE/plugins/com.st.stm32cube.ide.mcu.externaltools.gnu-tools-for-stm32.11.3.rel1.win32_1.1.0.202305231506/tools/bin/../lib/gcc/arm-none-eabi/11.3.1/../../../../arm-none-eabi/lib/thumb/v7e-m+fp/hard\libc_nano.a(libc_a-stdio.o) (_close_r)
C:/ST/STM32CubeIDE_1.13.0/STM32CubeIDE/plugins/com.st.stm32cube.ide.mcu.externaltools.gnu-tools-for-stm32.11.3.rel1.win32_1.1.0.202305231506/tools/bin/../lib/gcc/arm-none-eabi/11.3.1/../../../../arm-none-eabi/lib/thumb/v7e-m+fp/hard\libc_nano.a(libc_a-reent.o)
                              ./Middlewares/Third_Party/FreeRTOS/Source/tasks.o (_reclaim_reent)
C:/ST/STM32CubeIDE_1.13.0/STM32CubeIDE/plugins/com.st.stm32cube.ide.mcu.externaltools.gnu-tools-for-stm32.11.3.rel1.win32_1.1.0.202305231506/tools/bin/../lib/gcc/arm-none-eabi/11.3.1/../../../../arm-none-eabi/lib/thumb/v7e-m+fp/hard\libc_nano.a(libc_a-impure.o)
                              ./Middlewares/Third_Party/FreeRTOS/Source/tasks.o (_impure_ptr)
C:/ST/STM32CubeIDE_1.13.0/STM32CubeIDE/plugins/com.st.stm32cube.ide.mcu.externaltools.gnu-tools-for-stm32.11.3.rel1.win32_1.1.0.202305231506/tools/bin/../lib/gcc/arm-none-eabi/11.3.1/../../../../arm-none-eabi/lib/thumb/v7e-m+fp/hard\libc_nano.a(libc_a-lseekr.o)
[...]
Memory Configuration

Name             Origin             Length             Attributes
RAM              0x0000000020000000 0x0000000000050000 xrw
FLASH            0x0000000008000000 0x0000000000080000 xr
*default*        0x0000000000000000 0xffffffffffffffff

Linker script and memory map

LOAD C:/ST/STM32CubeIDE_1.13.0/STM32CubeIDE/plugins/com.st.stm32cube.ide.mcu.externaltools.gnu-tools-for-stm32.11.3.rel1.win32_1.1.0.202305231506/tools/bin/../lib/gcc/arm-none-eabi/11.3.1/thumb/v7e-m+fp/hard/crti.o
LOAD C:/ST/STM32CubeIDE_1.13.0/STM32CubeIDE/plugins/com.st.stm32cube.ide.mcu.externaltools.gnu-tools-for-stm32.11.3.rel1.win32_1.1.0.202305231506/tools/bin/../lib/gcc/arm-none-eabi/11.3.1/thumb/v7e-m+fp/hard/crtbegin.o
LOAD C:/ST/STM32CubeIDE_1.13.0/STM32CubeIDE/plugins/com.st.stm32cube.ide.mcu.externaltools.gnu-tools-for-stm32.11.3.rel1.win32_1.1.0.202305231506/tools/bin/../lib/gcc/arm-none-eabi/11.3.1/../../../../arm-none-eabi/lib/thumb/v7e-m+fp/hard/crt0.o
LOAD ./Drivers/STM32L4xx_HAL_Driver/Src/stm32l4xx_hal.o
LOAD ./Drivers/STM32L4xx_HAL_Driver/Src/stm32l4xx_hal_adc.o
LOAD ./Drivers/STM32L4xx_HAL_Driver/Src/stm32l4xx_hal_adc_ex.o
LOAD ./Drivers/STM32L4xx_HAL_Driver/Src/stm32l4xx_hal_comp.o
LOAD ./Drivers/STM32L4xx_HAL_Driver/Src/stm32l4xx_hal_cortex.o
LOAD ./Drivers/STM32L4xx_HAL_Driver/Src/stm32l4xx_hal_dac.o
LOAD ./Drivers/STM32L4xx_HAL_Driver/Src/stm32l4xx_hal_dac_ex.o
LOAD ./Drivers/STM32L4xx_HAL_Driver/Src/stm32l4xx_hal_dma.o
LOAD ./Drivers/STM32L4xx_HAL_Driver/Src/stm32l4xx_hal_dma_ex.o
LOAD ./Drivers/STM32L4xx_HAL_Driver/Src/stm32l4xx_hal_exti.o
LOAD ./Drivers/STM32L4xx_HAL_Driver/Src/stm32l4xx_hal_flash.o
LOAD ./Drivers/STM32L4xx_HAL_Driver/Src/stm32l4xx_hal_flash_ex.o
LOAD ./Drivers/STM32L4xx_HAL_Driver/Src/stm32l4xx_hal_flash_ramfunc.o
LOAD ./Drivers/STM32L4xx_HAL_Driver/Src/stm32l4xx_hal_gpio.o
LOAD ./Drivers/STM32L4xx_HAL_Driver/Src/stm32l4xx_hal_i2c.o
LOAD ./Drivers/STM32L4xx_HAL_Driver/Src/stm32l4xx_hal_i2c_ex.o
LOAD ./Drivers/STM32L4xx_HAL_Driver/Src/stm32l4xx_hal_lcd.o
LOAD ./Drivers/STM32L4xx_HAL_Driver/Src/stm32l4xx_hal_opamp.o
LOAD ./Drivers/STM32L4xx_HAL_Driver/Src/stm32l4xx_hal_opamp_ex.o
LOAD ./Drivers/STM32L4xx_HAL_Driver/Src/stm32l4xx_hal_pcd.o
LOAD ./Drivers/STM32L4xx_HAL_Driver/Src/stm32l4xx_hal_pcd_ex.o
LOAD ./Drivers/STM32L4xx_HAL_Driver/Src/stm32l4xx_hal_pwr.o
LOAD ./Drivers/STM32L4xx_HAL_Driver/Src/stm32l4xx_hal_pwr_ex.o
LOAD ./Drivers/STM32L4xx_HAL_Driver/Src/stm32l4xx_hal_rcc.o
LOAD ./Drivers/STM32L4xx_HAL_Driver/Src/stm32l4xx_hal_rcc_ex.o
LOAD ./Drivers/STM32L4xx_HAL_Driver/Src/stm32l4xx_hal_tim.o
LOAD ./Drivers/STM32L4xx_HAL_Driver/Src/stm32l4xx_hal_tim_ex.o
LOAD ./Drivers/STM32L4xx_HAL_Driver/Src/stm32l4xx_ll_exti.o
LOAD ./Drivers/STM32L4xx_HAL_Driver/Src/stm32l4xx_ll_gpio.o
LOAD ./Drivers/STM32L4xx_HAL_Driver/Src/stm32l4xx_ll_usb.o
LOAD ./Drivers/STM32L4xx_HAL_Driver/Src/stm32l4xx_ll_utils.o
LOAD ./Middlewares/ST/STM32_USB_Device_Library/Class/CDC/Src/usbd_cdc.o
LOAD ./Middlewares/ST/STM32_USB_Device_Library/Core/Src/usbd_core.o
LOAD ./Middlewares/ST/STM32_USB_Device_Library/Core/Src/usbd_ctlreq.o
LOAD ./Middlewares/ST/STM32_USB_Device_Library/Core/Src/usbd_ioreq.o
LOAD ./Middlewares/Third_Party/FreeRTOS/Source/CMSIS_RTOS_V2/cmsis_os2.o
LOAD ./Middlewares/Third_Party/FreeRTOS/Source/croutine.o
LOAD ./Middlewares/Third_Party/FreeRTOS/Source/event_groups.o
LOAD ./Middlewares/Third_Party/FreeRTOS/Source/list.o
LOAD ./Middlewares/Third_Party/FreeRTOS/Source/queue.o
LOAD ./Middlewares/Third_Party/FreeRTOS/Source/stream_buffer.o
LOAD ./Middlewares/Third_Party/FreeRTOS/Source/tasks.o
LOAD ./Middlewares/Third_Party/FreeRTOS/Source/timers.o
LOAD ./Middlewares/Third_Party/FreeRTOS/Source/portable/GCC/ARM_CM4F/port.o
LOAD ./Middlewares/Third_Party/FreeRTOS/Source/portable/MemMang/heap_4.o
LOAD ./Src/application.o
LOAD ./Src/freertos.o
LOAD ./Src/io.o
LOAD ./Src/main.o
LOAD ./Src/stm32l4xx_hal_msp.o
LOAD ./Src/stm32l4xx_hal_timebase_tim.o
LOAD ./Src/stm32l4xx_it.o
LOAD ./Src/syscalls.o
LOAD ./Src/sysmem.o
LOAD ./Src/system_stm32l4xx.o
LOAD ./Src/usb_device.o
LOAD ./Src/usbd_cdc_if.o
LOAD ./Src/usbd_conf.o
LOAD ./Src/usbd_desc.o
LOAD ./Src/usbserial.o
LOAD ./Startup/startup_stm32l496vetx.o
START GROUP
LOAD C:/ST/STM32CubeIDE_1.13.0/STM32CubeIDE/plugins/com.st.stm32cube.ide.mcu.externaltools.gnu-tools-for-stm32.11.3.rel1.win32_1.1.0.202305231506/tools/bin/../lib/gcc/arm-none-eabi/11.3.1/../../../../arm-none-eabi/lib/thumb/v7e-m+fp/hard\libc_nano.a
LOAD C:/ST/STM32CubeIDE_1.13.0/STM32CubeIDE/plugins/com.st.stm32cube.ide.mcu.externaltools.gnu-tools-for-stm32.11.3.rel1.win32_1.1.0.202305231506/tools/bin/../lib/gcc/arm-none-eabi/11.3.1/../../../../arm-none-eabi/lib/thumb/v7e-m+fp/hard\libm.a
END GROUP
START GROUP
LOAD C:/ST/STM32CubeIDE_1.13.0/STM32CubeIDE/plugins/com.st.stm32cube.ide.mcu.externaltools.gnu-tools-for-stm32.11.3.rel1.win32_1.1.0.202305231506/tools/bin/../lib/gcc/arm-none-eabi/11.3.1/thumb/v7e-m+fp/hard\libgcc.a
LOAD C:/ST/STM32CubeIDE_1.13.0/STM32CubeIDE/plugins/com.st.stm32cube.ide.mcu.externaltools.gnu-tools-for-stm32.11.3.rel1.win32_1.1.0.202305231506/tools/bin/../lib/gcc/arm-none-eabi/11.3.1/../../../../arm-none-eabi/lib/thumb/v7e-m+fp/hard\libc_nano.a
END GROUP
START GROUP
LOAD C:/ST/STM32CubeIDE_1.13.0/STM32CubeIDE/plugins/com.st.stm32cube.ide.mcu.externaltools.gnu-tools-for-stm32.11.3.rel1.win32_1.1.0.202305231506/tools/bin/../lib/gcc/arm-none-eabi/11.3.1/thumb/v7e-m+fp/hard\libgcc.a
LOAD C:/ST/STM32CubeIDE_1.13.0/STM32CubeIDE/plugins/com.st.stm32cube.ide.mcu.externaltools.gnu-tools-for-stm32.11.3.rel1.win32_1.1.0.202305231506/tools/bin/../lib/gcc/arm-none-eabi/11.3.1/../../../../arm-none-eabi/lib/thumb/v7e-m+fp/hard\libc_nano.a
LOAD C:/ST/STM32CubeIDE_1.13.0/STM32CubeIDE/plugins/com.st.stm32cube.ide.mcu.externaltools.gnu-tools-for-stm32.11.3.rel1.win32_1.1.0.202305231506/tools/bin/../lib/gcc/arm-none-eabi/11.3.1/../../../../arm-none-eabi/lib/thumb/v7e-m+fp/hard\libnosys.a
END GROUP
START GROUP
LOAD C:/ST/STM32CubeIDE_1.13.0/STM32CubeIDE/plugins/com.st.stm32cube.ide.mcu.externaltools.gnu-tools-for-stm32.11.3.rel1.win32_1.1.0.202305231506/tools/bin/../lib/gcc/arm-none-eabi/11.3.1/thumb/v7e-m+fp/hard\libgcc.a
LOAD C:/ST/STM32CubeIDE_1.13.0/STM32CubeIDE/plugins/com.st.stm32cube.ide.mcu.externaltools.gnu-tools-for-stm32.11.3.rel1.win32_1.1.0.202305231506/tools/bin/../lib/gcc/arm-none-eabi/11.3.1/../../../../arm-none-eabi/lib/thumb/v7e-m+fp/hard\libc_nano.a
LOAD C:/ST/STM32CubeIDE_1.13.0/STM32CubeIDE/plugins/com.st.stm32cube.ide.mcu.externaltools.gnu-tools-for-stm32.11.3.rel1.win32_1.1.0.202305231506/tools/bin/../lib/gcc/arm-none-eabi/11.3.1/../../../../arm-none-eabi/lib/thumb/v7e-m+fp/hard\libnosys.a
END GROUP
LOAD C:/ST/STM32CubeIDE_1.13.0/STM32CubeIDE/plugins/com.st.stm32cube.ide.mcu.externaltools.gnu-tools-for-stm32.11.3.rel1.win32_1.1.0.202305231506/tools/bin/../lib/gcc/arm-none-eabi/11.3.1/thumb/v7e-m+fp/hard/crtend.o
LOAD C:/ST/STM32CubeIDE_1.13.0/STM32CubeIDE/plugins/com.st.stm32cube.ide.mcu.externaltools.gnu-tools-for-stm32.11.3.rel1.win32_1.1.0.202305231506/tools/bin/../lib/gcc/arm-none-eabi/11.3.1/thumb/v7e-m+fp/hard/crtn.o
                0x0000000020050000                _estack = (ORIGIN (RAM) + LENGTH (RAM))
                0x0000000000000200                _Min_Heap_Size = 0x200
                0x0000000000000400                _Min_Stack_Size = 0x400

.isr_vector     0x0000000008000000      0x1ac
                0x0000000008000000                . = ALIGN (0x4)
 *(.isr_vector)
 .isr_vector    0x0000000008000000      0x1ac ./Startup/startup_stm32l496vetx.o
                0x0000000008000000                g_pfnVectors
                0x00000000080001ac                . = ALIGN (0x4)

.text           0x00000000080001b0     0x788c
                0x00000000080001b0                . = ALIGN (0x4)
 *(.text)
 .text          0x00000000080001b0       0x40 C:/ST/STM32CubeIDE_1.13.0/STM32CubeIDE/plugins/com.st.stm32cube.ide.mcu.externaltools.gnu-tools-for-stm32.11.3.rel1.win32_1.1.0.202305231506/tools/bin/../lib/gcc/arm-none-eabi/11.3.1/thumb/v7e-m+fp/hard/crtbegin.o
 *(.text*)
 .text.HAL_Init
                0x00000000080001f0       0x1e ./Drivers/STM32L4xx_HAL_Driver/Src/stm32l4xx_hal.o
                0x00000000080001f0                HAL_Init
 *fill*         0x000000000800020e        0x2 
 .text.HAL_IncTick
                0x0000000008000210       0x18 ./Drivers/STM32L4xx_HAL_Driver/Src/stm32l4xx_hal.o
                0x0000000008000210                HAL_IncTick
 .text.HAL_GetTick
                0x0000000008000228        0xc ./Drivers/STM32L4xx_HAL_Driver/Src/stm32l4xx_hal.o
                0x0000000008000228                HAL_GetTick
 .text.HAL_Delay
                0x0000000008000234       0x28 ./Drivers/STM32L4xx_HAL_Driver/Src/stm32l4xx_hal.o
                0x0000000008000234                HAL_Delay
 .text.HAL_SYSCFG_VREFBUF_VoltageScalingConfig
                0x000000000800025c       0x14 ./Drivers/STM32L4xx_HAL_Driver/Src/stm32l4xx_hal.o
                0x000000000800025c                HAL_SYSCFG_VREFBUF_VoltageScalingConfig
 .text.HAL_SYSCFG_VREFBUF_HighImpedanceConfig
                0x0000000008000270       0x14 ./Drivers/STM32L4xx_HAL_Driver/Src/stm32l4xx_hal.o
                0x0000000008000270                HAL_SYSCFG_VREFBUF_HighImpedanceConfig
 .text.HAL_SYSCFG_EnableVREFBUF
                0x0000000008000284       0x30 ./Drivers/STM32L4xx_HAL_Driver/Src/stm32l4xx_hal.o
                0x0000000008000284                HAL_SYSCFG_EnableVREFBUF
 .text.LL_ADC_SetChannelSamplingTime
                0x00000000080002b4       0x20 ./Drivers/STM32L4xx_HAL_Driver/Src/stm32l4xx_hal_adc.o
 .text.LL_ADC_IsEnabled
                0x00000000080002d4        0x8 ./Drivers/STM32L4xx_HAL_Driver/Src/stm32l4xx_hal_adc.o
 .text.LL_ADC_REG_IsConversionOngoing
                0x00000000080002dc        0x8 ./Drivers/STM32L4xx_HAL_Driver/Src/stm32l4xx_hal_adc.o
 .text.HAL_ADC_Init
                0x00000000080002e4      0x1c8 ./Drivers/STM32L4xx_HAL_Driver/Src/stm32l4xx_hal_adc.o
                0x00000000080002e4                HAL_ADC_Init
 .text.HAL_ADC_ConfigChannel
                0x00000000080004ac      0x394 ./Drivers/STM32L4xx_HAL_Driver/Src/stm32l4xx_hal_adc.o
                0x00000000080004ac                HAL_ADC_ConfigChannel
 .text.LL_ADC_IsEnabled
                0x0000000008000840        0x8 ./Drivers/STM32L4xx_HAL_Driver/Src/stm32l4xx_hal_adc_ex.o
 .text.LL_ADC_REG_IsConversionOngoing
                0x0000000008000848        0x8 ./Drivers/STM32L4xx_HAL_Driver/Src/stm32l4xx_hal_adc_ex.o
 .text.HAL_ADCEx_MultiModeConfigChannel
                0x0000000008000850       0xe4 ./Drivers/STM32L4xx_HAL_Driver/Src/stm32l4xx_hal_adc_ex.o
                0x0000000008000850                HAL_ADCEx_MultiModeConfigChannel
 .text.HAL_COMP_Init
                0x0000000008000934      0x134 ./Drivers/STM32L4xx_HAL_Driver/Src/stm32l4xx_hal_comp.o
                0x0000000008000934                HAL_COMP_Init
 .text.HAL_NVIC_SetPriorityGrouping
                0x0000000008000a68       0x24 ./Drivers/STM32L4xx_HAL_Driver/Src/stm32l4xx_hal_cortex.o
                0x0000000008000a68                HAL_NVIC_SetPriorityGrouping
 .text.HAL_NVIC_SetPriority
                0x0000000008000a8c       0x64 ./Drivers/STM32L4xx_HAL_Driver/Src/stm32l4xx_hal_cortex.o
                0x0000000008000a8c                HAL_NVIC_SetPriority
 .text.HAL_NVIC_EnableIRQ
                0x0000000008000af0       0x1c ./Drivers/STM32L4xx_HAL_Driver/Src/stm32l4xx_hal_cortex.o
                0x0000000008000af0                HAL_NVIC_EnableIRQ
 .text.HAL_DAC_Init
                0x0000000008000b0c       0x26 ./Drivers/STM32L4xx_HAL_Driver/Src/stm32l4xx_hal_dac.o
                0x0000000008000b0c                HAL_DAC_Init
 .text.HAL_DAC_SetValue
                0x0000000008000b32       0x24 ./Drivers/STM32L4xx_HAL_Driver/Src/stm32l4xx_hal_dac.o
                0x0000000008000b32                HAL_DAC_SetValue
 .text.HAL_DAC_ConfigChannel
                0x0000000008000b56      0x112 ./Drivers/STM32L4xx_HAL_Driver/Src/stm32l4xx_hal_dac.o
                0x0000000008000b56                HAL_DAC_ConfigChannel
 .text.HAL_GPIO_Init
                0x0000000008000c68      0x1b0 ./Drivers/STM32L4xx_HAL_Driver/Src/stm32l4xx_hal_gpio.o
                0x0000000008000c68                HAL_GPIO_Init
 .text.HAL_GPIO_WritePin
                0x0000000008000e18        0xa ./Drivers/STM32L4xx_HAL_Driver/Src/stm32l4xx_hal_gpio.o
                0x0000000008000e18                HAL_GPIO_WritePin
 .text.HAL_LCD_Write
                0x0000000008000e22       0x76 ./Drivers/STM32L4xx_HAL_Driver/Src/stm32l4xx_hal_lcd.o
                0x0000000008000e22                HAL_LCD_Write
 .text.HAL_LCD_UpdateDisplayRequest
                0x0000000008000e98       0x44 ./Drivers/STM32L4xx_HAL_Driver/Src/stm32l4xx_hal_lcd.o
                0x0000000008000e98                HAL_LCD_UpdateDisplayRequest
 .text.LCD_WaitForSynchro
                0x0000000008000edc       0x2a ./Drivers/STM32L4xx_HAL_Driver/Src/stm32l4xx_hal_lcd.o
                0x0000000008000edc                LCD_WaitForSynchro
 .text.HAL_LCD_Init
                0x0000000008000f06       0xf6 ./Drivers/STM32L4xx_HAL_Driver/Src/stm32l4xx_hal_lcd.o
                0x0000000008000f06                HAL_LCD_Init
 .text.HAL_OPAMP_Init
                0x0000000008000ffc       0xfc ./Drivers/STM32L4xx_HAL_Driver/Src/stm32l4xx_hal_opamp.o
                0x0000000008000ffc                HAL_OPAMP_Init
 .text.HAL_PCD_Init
                0x00000000080010f8      0x116 ./Drivers/STM32L4xx_HAL_Driver/Src/stm32l4xx_hal_pcd.o
                0x00000000080010f8                HAL_PCD_Init
 .text.HAL_PCD_Start
                0x000000000800120e       0x38 ./Drivers/STM32L4xx_HAL_Driver/Src/stm32l4xx_hal_pcd.o
                0x000000000800120e                HAL_PCD_Start
 *fill*         0x0000000008001246        0x2 
 .text.HAL_PCD_IRQHandler
                0x0000000008001248      0x4e4 ./Drivers/STM32L4xx_HAL_Driver/Src/stm32l4xx_hal_pcd.o
                0x0000000008001248                HAL_PCD_IRQHandler
 .text.HAL_PCD_SetAddress
                0x000000000800172c       0x28 ./Drivers/STM32L4xx_HAL_Driver/Src/stm32l4xx_hal_pcd.o
                0x000000000800172c                HAL_PCD_SetAddress
 .text.HAL_PCD_EP_Open
                0x0000000008001754       0x70 ./Drivers/STM32L4xx_HAL_Driver/Src/stm32l4xx_hal_pcd.o
                0x0000000008001754                HAL_PCD_EP_Open
 .text.HAL_PCD_EP_Close
                0x00000000080017c4       0x5e ./Drivers/STM32L4xx_HAL_Driver/Src/stm32l4xx_hal_pcd.o
                0x00000000080017c4                HAL_PCD_EP_Close
 .text.HAL_PCD_EP_Receive
                0x0000000008001822       0x3c ./Drivers/STM32L4xx_HAL_Driver/Src/stm32l4xx_hal_pcd.o
                0x0000000008001822                HAL_PCD_EP_Receive
 .text.HAL_PCD_EP_GetRxCount
                0x000000000800185e       0x10 ./Drivers/STM32L4xx_HAL_Driver/Src/stm32l4xx_hal_pcd.o
                0x000000000800185e                HAL_PCD_EP_GetRxCount
 .text.HAL_PCD_EP_Transmit
                0x000000000800186e       0x36 ./Drivers/STM32L4xx_HAL_Driver/Src/stm32l4xx_hal_pcd.o
                0x000000000800186e                HAL_PCD_EP_Transmit
 .text.HAL_PCD_EP_SetStall
                0x00000000080018a4       0x72 ./Drivers/STM32L4xx_HAL_Driver/Src/stm32l4xx_hal_pcd.o
                0x00000000080018a4                HAL_PCD_EP_SetStall
 .text.HAL_PCD_EP_ClrStall
                0x0000000008001916       0x6c ./Drivers/STM32L4xx_HAL_Driver/Src/stm32l4xx_hal_pcd.o
                0x0000000008001916                HAL_PCD_EP_ClrStall
 .text.HAL_PCDEx_SetTxFiFo
                0x0000000008001982       0x40 ./Drivers/STM32L4xx_HAL_Driver/Src/stm32l4xx_hal_pcd_ex.o
                0x0000000008001982                HAL_PCDEx_SetTxFiFo
 .text.HAL_PCDEx_SetRxFiFo
                0x00000000080019c2        0x8 ./Drivers/STM32L4xx_HAL_Driver/Src/stm32l4xx_hal_pcd_ex.o
                0x00000000080019c2                HAL_PCDEx_SetRxFiFo
 .text.HAL_PCDEx_ActivateLPM
                0x00000000080019ca       0x26 ./Drivers/STM32L4xx_HAL_Driver/Src/stm32l4xx_hal_pcd_ex.o
                0x00000000080019ca                HAL_PCDEx_ActivateLPM
 .text.HAL_PCDEx_LPM_Callback
                0x00000000080019f0        0x2 ./Drivers/STM32L4xx_HAL_Driver/Src/stm32l4xx_hal_pcd_ex.o
                0x00000000080019f0                HAL_PCDEx_LPM_Callback
 *fill*         0x00000000080019f2        0x2 
 .text.HAL_PWREx_GetVoltageRange
                0x00000000080019f4       0x10 ./Drivers/STM32L4xx_HAL_Driver/Src/stm32l4xx_hal_pwr_ex.o
                0x00000000080019f4                HAL_PWREx_GetVoltageRange
 .text.HAL_PWREx_ControlVoltageScaling
                0x0000000008001a04       0x6c ./Drivers/STM32L4xx_HAL_Driver/Src/stm32l4xx_hal_pwr_ex.o
                0x0000000008001a04                HAL_PWREx_ControlVoltageScaling
 .text.HAL_PWREx_EnableVddUSB
                0x0000000008001a70       0x10 ./Drivers/STM32L4xx_HAL_Driver/Src/stm32l4xx_hal_pwr_ex.o
                0x0000000008001a70                HAL_PWREx_EnableVddUSB
 .text.RCC_SetFlashLatencyFromMSIRange
                0x0000000008001a80       0x84 ./Drivers/STM32L4xx_HAL_Driver/Src/stm32l4xx_hal_rcc.o
 .text.HAL_RCC_GetSysClockFreq
                0x0000000008001b04       0x9c ./Drivers/STM32L4xx_HAL_Driver/Src/stm32l4xx_hal_rcc.o
                0x0000000008001b04                HAL_RCC_GetSysClockFreq
 .text.HAL_RCC_OscConfig
                0x0000000008001ba0      0x55c ./Drivers/STM32L4xx_HAL_Driver/Src/stm32l4xx_hal_rcc.o
                0x0000000008001ba0                HAL_RCC_OscConfig
 .text.HAL_RCC_ClockConfig
                0x00000000080020fc      0x128 ./Drivers/STM32L4xx_HAL_Driver/Src/stm32l4xx_hal_rcc.o
                0x00000000080020fc                HAL_RCC_ClockConfig
 .text.HAL_RCC_GetHCLKFreq
                0x0000000008002224        0xc ./Drivers/STM32L4xx_HAL_Driver/Src/stm32l4xx_hal_rcc.o
                0x0000000008002224                HAL_RCC_GetHCLKFreq
 .text.HAL_RCC_GetPCLK2Freq
                0x0000000008002230       0x24 ./Drivers/STM32L4xx_HAL_Driver/Src/stm32l4xx_hal_rcc.o
                0x0000000008002230                HAL_RCC_GetPCLK2Freq
 .text.HAL_RCC_GetClockConfig
                0x0000000008002254       0x3c ./Drivers/STM32L4xx_HAL_Driver/Src/stm32l4xx_hal_rcc.o
                0x0000000008002254                HAL_RCC_GetClockConfig
 .text.RCCEx_PLLSAI1_Config
                0x0000000008002290      0x110 ./Drivers/STM32L4xx_HAL_Driver/Src/stm32l4xx_hal_rcc_ex.o
 .text.RCCEx_PLLSAI2_Config
                0x00000000080023a0       0xf8 ./Drivers/STM32L4xx_HAL_Driver/Src/stm32l4xx_hal_rcc_ex.o
 .text.HAL_RCCEx_PeriphCLKConfig
                0x0000000008002498      0x3ec ./Drivers/STM32L4xx_HAL_Driver/Src/stm32l4xx_hal_rcc_ex.o
                0x0000000008002498                HAL_RCCEx_PeriphCLKConfig
 .text.HAL_TIM_Base_MspInit
                0x0000000008002884        0x2 ./Drivers/STM32L4xx_HAL_Driver/Src/stm32l4xx_hal_tim.o
                0x0000000008002884                HAL_TIM_Base_MspInit
 *fill*         0x0000000008002886        0x2 
 .text.HAL_TIM_Base_Start_IT
                0x0000000008002888       0x74 ./Drivers/STM32L4xx_HAL_Driver/Src/stm32l4xx_hal_tim.o
                0x0000000008002888                HAL_TIM_Base_Start_IT
 .text.HAL_TIM_OC_DelayElapsedCallback
                0x00000000080028fc        0x2 ./Drivers/STM32L4xx_HAL_Driver/Src/stm32l4xx_hal_tim.o
                0x00000000080028fc                HAL_TIM_OC_DelayElapsedCallback
 .text.HAL_TIM_IC_CaptureCallback
                0x00000000080028fe        0x2 ./Drivers/STM32L4xx_HAL_Driver/Src/stm32l4xx_hal_tim.o
                0x00000000080028fe                HAL_TIM_IC_CaptureCallback
 .text.HAL_TIM_PWM_PulseFinishedCallback
                0x0000000008002900        0x2 ./Drivers/STM32L4xx_HAL_Driver/Src/stm32l4xx_hal_tim.o
                0x0000000008002900                HAL_TIM_PWM_PulseFinishedCallback
 .text.HAL_TIM_TriggerCallback
                0x0000000008002902        0x2 ./Drivers/STM32L4xx_HAL_Driver/Src/stm32l4xx_hal_tim.o
                0x0000000008002902                HAL_TIM_TriggerCallback
 .text.HAL_TIM_IRQHandler
                0x0000000008002904      0x160 ./Drivers/STM32L4xx_HAL_Driver/Src/stm32l4xx_hal_tim.o
                0x0000000008002904                HAL_TIM_IRQHandler
 .text.TIM_Base_SetConfig
                0x0000000008002a64       0xcc ./Drivers/STM32L4xx_HAL_Driver/Src/stm32l4xx_hal_tim.o
                0x0000000008002a64                TIM_Base_SetConfig
 .text.HAL_TIM_Base_Init
                0x0000000008002b30       0x60 ./Drivers/STM32L4xx_HAL_Driver/Src/stm32l4xx_hal_tim.o
                0x0000000008002b30                HAL_TIM_Base_Init
 .text.HAL_TIMEx_CommutCallback
                0x0000000008002b90        0x2 ./Drivers/STM32L4xx_HAL_Driver/Src/stm32l4xx_hal_tim_ex.o
                0x0000000008002b90                HAL_TIMEx_CommutCallback
 .text.HAL_TIMEx_BreakCallback
                0x0000000008002b92        0x2 ./Drivers/STM32L4xx_HAL_Driver/Src/stm32l4xx_hal_tim_ex.o
                0x0000000008002b92                HAL_TIMEx_BreakCallback
 .text.HAL_TIMEx_Break2Callback
                0x0000000008002b94        0x2 ./Drivers/STM32L4xx_HAL_Driver/Src/stm32l4xx_hal_tim_ex.o
                0x0000000008002b94                HAL_TIMEx_Break2Callback
 .text.LL_GPIO_Init
                0x0000000008002b96      0x134 ./Drivers/STM32L4xx_HAL_Driver/Src/stm32l4xx_ll_gpio.o
                0x0000000008002b96                LL_GPIO_Init
 *fill*         0x0000000008002cca        0x2 
 .text.USB_CoreInit
                0x0000000008002ccc       0x70 ./Drivers/STM32L4xx_HAL_Driver/Src/stm32l4xx_ll_usb.o
                0x0000000008002ccc                USB_CoreInit
 .text.USB_SetTurnaroundTime
                0x0000000008002d3c       0xe0 ./Drivers/STM32L4xx_HAL_Driver/Src/stm32l4xx_ll_usb.o
                0x0000000008002d3c                USB_SetTurnaroundTime
 .text.USB_EnableGlobalInt
                0x0000000008002e1c        0xc ./Drivers/STM32L4xx_HAL_Driver/Src/stm32l4xx_ll_usb.o
                0x0000000008002e1c                USB_EnableGlobalInt
 .text.USB_DisableGlobalInt
                0x0000000008002e28        0xc ./Drivers/STM32L4xx_HAL_Driver/Src/stm32l4xx_ll_usb.o
                0x0000000008002e28                USB_DisableGlobalInt
 .text.USB_SetCurrentMode
                0x0000000008002e34       0x60 ./Drivers/STM32L4xx_HAL_Driver/Src/stm32l4xx_ll_usb.o
                0x0000000008002e34                USB_SetCurrentMode
 .text.USB_FlushTxFifo
                0x0000000008002e94       0x48 ./Drivers/STM32L4xx_HAL_Driver/Src/stm32l4xx_ll_usb.o
                0x0000000008002e94                USB_FlushTxFifo
 .text.USB_FlushRxFifo
                0x0000000008002edc       0x44 ./Drivers/STM32L4xx_HAL_Driver/Src/stm32l4xx_ll_usb.o
                0x0000000008002edc                USB_FlushRxFifo
 .text.USB_SetDevSpeed
                0x0000000008002f20        0xe ./Drivers/STM32L4xx_HAL_Driver/Src/stm32l4xx_ll_usb.o
                0x0000000008002f20                USB_SetDevSpeed
 *fill*         0x0000000008002f2e        0x2 
 .text.USB_DevInit
                0x0000000008002f30      0x150 ./Drivers/STM32L4xx_HAL_Driver/Src/stm32l4xx_ll_usb.o
                0x0000000008002f30                USB_DevInit
 .text.USB_GetDevSpeed
                0x0000000008003080       0x14 ./Drivers/STM32L4xx_HAL_Driver/Src/stm32l4xx_ll_usb.o
                0x0000000008003080                USB_GetDevSpeed
 .text.USB_ActivateEndpoint
                0x0000000008003094       0x7e ./Drivers/STM32L4xx_HAL_Driver/Src/stm32l4xx_ll_usb.o
                0x0000000008003094                USB_ActivateEndpoint
 *fill*         0x0000000008003112        0x2 
 .text.USB_DeactivateEndpoint
                0x0000000008003114       0xac ./Drivers/STM32L4xx_HAL_Driver/Src/stm32l4xx_ll_usb.o
                0x0000000008003114                USB_DeactivateEndpoint
 .text.USB_EP0StartXfer
                0x00000000080031c0       0xc8 ./Drivers/STM32L4xx_HAL_Driver/Src/stm32l4xx_ll_usb.o
                0x00000000080031c0                USB_EP0StartXfer
 .text.USB_WritePacket
                0x0000000008003288       0x1e ./Drivers/STM32L4xx_HAL_Driver/Src/stm32l4xx_ll_usb.o
                0x0000000008003288                USB_WritePacket
 *fill*         0x00000000080032a6        0x2 
 .text.USB_EPStartXfer
                0x00000000080032a8      0x164 ./Drivers/STM32L4xx_HAL_Driver/Src/stm32l4xx_ll_usb.o
                0x00000000080032a8                USB_EPStartXfer
 .text.USB_ReadPacket
                0x000000000800340c       0x40 ./Drivers/STM32L4xx_HAL_Driver/Src/stm32l4xx_ll_usb.o
                0x000000000800340c                USB_ReadPacket
 .text.USB_EPSetStall
                0x000000000800344c       0x56 ./Drivers/STM32L4xx_HAL_Driver/Src/stm32l4xx_ll_usb.o
                0x000000000800344c                USB_EPSetStall
 .text.USB_EPClearStall
                0x00000000080034a2       0x52 ./Drivers/STM32L4xx_HAL_Driver/Src/stm32l4xx_ll_usb.o
                0x00000000080034a2                USB_EPClearStall
 .text.USB_SetDevAddress
                0x00000000080034f4       0x20 ./Drivers/STM32L4xx_HAL_Driver/Src/stm32l4xx_ll_usb.o
                0x00000000080034f4                USB_SetDevAddress
 .text.USB_DevConnect
                0x0000000008003514       0x1c ./Drivers/STM32L4xx_HAL_Driver/Src/stm32l4xx_ll_usb.o
                0x0000000008003514                USB_DevConnect
 .text.USB_DevDisconnect
                0x0000000008003530       0x1c ./Drivers/STM32L4xx_HAL_Driver/Src/stm32l4xx_ll_usb.o
                0x0000000008003530                USB_DevDisconnect
 .text.USB_ReadInterrupts
                0x000000000800354c        0x8 ./Drivers/STM32L4xx_HAL_Driver/Src/stm32l4xx_ll_usb.o
                0x000000000800354c                USB_ReadInterrupts
 .text.USB_ReadDevAllOutEpInterrupt
                0x0000000008003554       0x10 ./Drivers/STM32L4xx_HAL_Driver/Src/stm32l4xx_ll_usb.o
                0x0000000008003554                USB_ReadDevAllOutEpInterrupt
 .text.USB_ReadDevAllInEpInterrupt
                0x0000000008003564       0x10 ./Drivers/STM32L4xx_HAL_Driver/Src/stm32l4xx_ll_usb.o
                0x0000000008003564                USB_ReadDevAllInEpInterrupt
 .text.USB_ReadDevOutEPInterrupt
                0x0000000008003574       0x12 ./Drivers/STM32L4xx_HAL_Driver/Src/stm32l4xx_ll_usb.o
                0x0000000008003574                USB_ReadDevOutEPInterrupt
 .text.USB_ReadDevInEPInterrupt
                0x0000000008003586       0x22 ./Drivers/STM32L4xx_HAL_Driver/Src/stm32l4xx_ll_usb.o
                0x0000000008003586                USB_ReadDevInEPInterrupt
 .text.USB_GetMode
                0x00000000080035a8        0x8 ./Drivers/STM32L4xx_HAL_Driver/Src/stm32l4xx_ll_usb.o
                0x00000000080035a8                USB_GetMode
 .text.USB_ActivateSetup
                0x00000000080035b0       0x20 ./Drivers/STM32L4xx_HAL_Driver/Src/stm32l4xx_ll_usb.o
                0x00000000080035b0                USB_ActivateSetup
 .text.USB_EP0_OutStart
                0x00000000080035d0       0x38 ./Drivers/STM32L4xx_HAL_Driver/Src/stm32l4xx_ll_usb.o
                0x00000000080035d0                USB_EP0_OutStart
 .text.USBD_CDC_EP0_RxReady
                0x0000000008003608       0x2e ./Middlewares/ST/STM32_USB_Device_Library/Class/CDC/Src/usbd_cdc.o
 *fill*         0x0000000008003636        0x2 
 .text.USBD_CDC_GetFSCfgDesc
                0x0000000008003638        0xc ./Middlewares/ST/STM32_USB_Device_Library/Class/CDC/Src/usbd_cdc.o
 .text.USBD_CDC_GetHSCfgDesc
                0x0000000008003644        0xc ./Middlewares/ST/STM32_USB_Device_Library/Class/CDC/Src/usbd_cdc.o
 .text.USBD_CDC_GetOtherSpeedCfgDesc
                0x0000000008003650        0xc ./Middlewares/ST/STM32_USB_Device_Library/Class/CDC/Src/usbd_cdc.o
 .text.USBD_CDC_GetDeviceQualifierDescriptor
                0x000000000800365c        0xc ./Middlewares/ST/STM32_USB_Device_Library/Class/CDC/Src/usbd_cdc.o
                0x000000000800365c                USBD_CDC_GetDeviceQualifierDescriptor
 .text.USBD_CDC_DataOut
                0x0000000008003668       0x2a ./Middlewares/ST/STM32_USB_Device_Library/Class/CDC/Src/usbd_cdc.o
 .text.USBD_CDC_DataIn
                0x0000000008003692       0x5e ./Middlewares/ST/STM32_USB_Device_Library/Class/CDC/Src/usbd_cdc.o
 .text.USBD_CDC_Setup
                0x00000000080036f0       0xf8 ./Middlewares/ST/STM32_USB_Device_Library/Class/CDC/Src/usbd_cdc.o
 .text.USBD_CDC_DeInit
                0x00000000080037e8       0x42 ./Middlewares/ST/STM32_USB_Device_Library/Class/CDC/Src/usbd_cdc.o
 .text.USBD_CDC_Init
                0x000000000800382a       0xac ./Middlewares/ST/STM32_USB_Device_Library/Class/CDC/Src/usbd_cdc.o
 .text.USBD_CDC_RegisterInterface
                0x00000000080038d6        0xe ./Middlewares/ST/STM32_USB_Device_Library/Class/CDC/Src/usbd_cdc.o
                0x00000000080038d6                USBD_CDC_RegisterInterface
 .text.USBD_CDC_SetTxBuffer
                0x00000000080038e4       0x16 ./Middlewares/ST/STM32_USB_Device_Library/Class/CDC/Src/usbd_cdc.o
                0x00000000080038e4                USBD_CDC_SetTxBuffer
 .text.USBD_CDC_SetRxBuffer
                0x00000000080038fa       0x12 ./Middlewares/ST/STM32_USB_Device_Library/Class/CDC/Src/usbd_cdc.o
                0x00000000080038fa                USBD_CDC_SetRxBuffer
 .text.USBD_CDC_TransmitPacket
                0x000000000800390c       0x30 ./Middlewares/ST/STM32_USB_Device_Library/Class/CDC/Src/usbd_cdc.o
                0x000000000800390c                USBD_CDC_TransmitPacket
 .text.USBD_CDC_ReceivePacket
                0x000000000800393c       0x2e ./Middlewares/ST/STM32_USB_Device_Library/Class/CDC/Src/usbd_cdc.o
                0x000000000800393c                USBD_CDC_ReceivePacket
 .text.USBD_Init
                0x000000000800396a       0x26 ./Middlewares/ST/STM32_USB_Device_Library/Core/Src/usbd_core.o
                0x000000000800396a                USBD_Init
 .text.USBD_RegisterClass
                0x0000000008003990       0x2c ./Middlewares/ST/STM32_USB_Device_Library/Core/Src/usbd_core.o
                0x0000000008003990                USBD_RegisterClass
 .text.USBD_Start
                0x00000000080039bc        0x4 ./Middlewares/ST/STM32_USB_Device_Library/Core/Src/usbd_core.o
                0x00000000080039bc                USBD_Start
 .text.USBD_SetClassConfig
                0x00000000080039c0        0xe ./Middlewares/ST/STM32_USB_Device_Library/Core/Src/usbd_core.o
                0x00000000080039c0                USBD_SetClassConfig
 .text.USBD_ClrClassConfig
                0x00000000080039ce       0x10 ./Middlewares/ST/STM32_USB_Device_Library/Core/Src/usbd_core.o
                0x00000000080039ce                USBD_ClrClassConfig
 .text.USBD_LL_SetupStage
                0x00000000080039de       0x60 ./Middlewares/ST/STM32_USB_Device_Library/Core/Src/usbd_core.o
                0x00000000080039de                USBD_LL_SetupStage
 .text.USBD_LL_DataOutStage
                0x0000000008003a3e       0x60 ./Middlewares/ST/STM32_USB_Device_Library/Core/Src/usbd_core.o
                0x0000000008003a3e                USBD_LL_DataOutStage
 .text.USBD_LL_DataInStage
                0x0000000008003a9e       0xa4 ./Middlewares/ST/STM32_USB_Device_Library/Core/Src/usbd_core.o
                0x0000000008003a9e                USBD_LL_DataInStage
 .text.USBD_LL_Reset
                0x0000000008003b42       0x58 ./Middlewares/ST/STM32_USB_Device_Library/Core/Src/usbd_core.o
                0x0000000008003b42                USBD_LL_Reset
 .text.USBD_LL_SetSpeed
                0x0000000008003b9a        0x6 ./Middlewares/ST/STM32_USB_Device_Library/Core/Src/usbd_core.o
                0x0000000008003b9a                USBD_LL_SetSpeed
 .text.USBD_LL_Suspend
                0x0000000008003ba0       0x14 ./Middlewares/ST/STM32_USB_Device_Library/Core/Src/usbd_core.o
                0x0000000008003ba0                USBD_LL_Suspend
 .text.USBD_LL_Resume
                0x0000000008003bb4       0x16 ./Middlewares/ST/STM32_USB_Device_Library/Core/Src/usbd_core.o
                0x0000000008003bb4                USBD_LL_Resume
 .text.USBD_LL_SOF
                0x0000000008003bca       0x22 ./Middlewares/ST/STM32_USB_Device_Library/Core/Src/usbd_core.o
                0x0000000008003bca                USBD_LL_SOF
 .text.USBD_LL_IsoINIncomplete
                0x0000000008003bec       0x22 ./Middlewares/ST/STM32_USB_Device_Library/Core/Src/usbd_core.o
                0x0000000008003bec                USBD_LL_IsoINIncomplete
 .text.USBD_LL_IsoOUTIncomplete
                0x0000000008003c0e       0x22 ./Middlewares/ST/STM32_USB_Device_Library/Core/Src/usbd_core.o
                0x0000000008003c0e                USBD_LL_IsoOUTIncomplete
 .text.USBD_LL_DevConnected
                0x0000000008003c30        0x4 ./Middlewares/ST/STM32_USB_Device_Library/Core/Src/usbd_core.o
                0x0000000008003c30                USBD_LL_DevConnected
 .text.USBD_LL_DevDisconnected
                0x0000000008003c34       0x18 ./Middlewares/ST/STM32_USB_Device_Library/Core/Src/usbd_core.o
                0x0000000008003c34                USBD_LL_DevDisconnected
 .text.USBD_CtlError.constprop.0
                0x0000000008003c4c       0x16 ./Middlewares/ST/STM32_USB_Device_Library/Core/Src/usbd_ctlreq.o
 *fill*         0x0000000008003c62        0x2 
 .text.USBD_StdDevReq
                0x0000000008003c64      0x284 ./Middlewares/ST/STM32_USB_Device_Library/Core/Src/usbd_ctlreq.o
                0x0000000008003c64                USBD_StdDevReq
 .text.USBD_StdItfReq
                0x0000000008003ee8       0x4c ./Middlewares/ST/STM32_USB_Device_Library/Core/Src/usbd_ctlreq.o
                0x0000000008003ee8                USBD_StdItfReq
 .text.USBD_StdEPReq
                0x0000000008003f34      0x11c ./Middlewares/ST/STM32_USB_Device_Library/Core/Src/usbd_ctlreq.o
                0x0000000008003f34                USBD_StdEPReq
 .text.USBD_ParseSetupRequest
                0x0000000008004050       0x16 ./Middlewares/ST/STM32_USB_Device_Library/Core/Src/usbd_ctlreq.o
                0x0000000008004050                USBD_ParseSetupRequest
 .text.USBD_CtlError
                0x0000000008004066       0x16 ./Middlewares/ST/STM32_USB_Device_Library/Core/Src/usbd_ctlreq.o
                0x0000000008004066                USBD_CtlError
 .text.USBD_GetString
                0x000000000800407c       0x38 ./Middlewares/ST/STM32_USB_Device_Library/Core/Src/usbd_ctlreq.o
                0x000000000800407c                USBD_GetString
 .text.USBD_CtlSendData
                0x00000000080040b4       0x1a ./Middlewares/ST/STM32_USB_Device_Library/Core/Src/usbd_ioreq.o
                0x00000000080040b4                USBD_CtlSendData
 .text.USBD_CtlContinueSendData
                0x00000000080040ce       0x10 ./Middlewares/ST/STM32_USB_Device_Library/Core/Src/usbd_ioreq.o
                0x00000000080040ce                USBD_CtlContinueSendData
 .text.USBD_CtlPrepareRx
                0x00000000080040de       0x1a ./Middlewares/ST/STM32_USB_Device_Library/Core/Src/usbd_ioreq.o
                0x00000000080040de                USBD_CtlPrepareRx
 .text.USBD_CtlContinueRx
                0x00000000080040f8       0x10 ./Middlewares/ST/STM32_USB_Device_Library/Core/Src/usbd_ioreq.o
                0x00000000080040f8                USBD_CtlContinueRx
 .text.USBD_CtlSendStatus
                0x0000000008004108       0x16 ./Middlewares/ST/STM32_USB_Device_Library/Core/Src/usbd_ioreq.o
                0x0000000008004108                USBD_CtlSendStatus
 .text.USBD_CtlReceiveStatus
                0x000000000800411e       0x16 ./Middlewares/ST/STM32_USB_Device_Library/Core/Src/usbd_ioreq.o
                0x000000000800411e                USBD_CtlReceiveStatus
 .text.SysTick_Handler
                0x0000000008004134       0x1a ./Middlewares/Third_Party/FreeRTOS/Source/CMSIS_RTOS_V2/cmsis_os2.o
                0x0000000008004134                SysTick_Handler
 *fill*         0x000000000800414e        0x2 
 .text.osKernelInitialize
                0x0000000008004150       0x24 ./Middlewares/Third_Party/FreeRTOS/Source/CMSIS_RTOS_V2/cmsis_os2.o
                0x0000000008004150                osKernelInitialize
 .text.osKernelStart
                0x0000000008004174       0x34 ./Middlewares/Third_Party/FreeRTOS/Source/CMSIS_RTOS_V2/cmsis_os2.o
                0x0000000008004174                osKernelStart
 .text.osThreadNew
                0x00000000080041a8       0x8e ./Middlewares/Third_Party/FreeRTOS/Source/CMSIS_RTOS_V2/cmsis_os2.o
                0x00000000080041a8                osThreadNew
 .text.osThreadSetPriority
                0x0000000008004236       0x24 ./Middlewares/Third_Party/FreeRTOS/Source/CMSIS_RTOS_V2/cmsis_os2.o
                0x0000000008004236                osThreadSetPriority
 .text.osThreadGetPriority
                0x000000000800425a       0x12 ./Middlewares/Third_Party/FreeRTOS/Source/CMSIS_RTOS_V2/cmsis_os2.o
                0x000000000800425a                osThreadGetPriority
 .text.osThreadFlagsSet
                0x000000000800426c       0x74 ./Middlewares/Third_Party/FreeRTOS/Source/CMSIS_RTOS_V2/cmsis_os2.o
                0x000000000800426c                osThreadFlagsSet
 .text.osThreadFlagsWait
                0x00000000080042e0       0x98 ./Middlewares/Third_Party/FreeRTOS/Source/CMSIS_RTOS_V2/cmsis_os2.o
                0x00000000080042e0                osThreadFlagsWait
 .text.osDelay  0x0000000008004378       0x18 ./Middlewares/Third_Party/FreeRTOS/Source/CMSIS_RTOS_V2/cmsis_os2.o
                0x0000000008004378                osDelay
 .text.vApplicationGetIdleTaskMemory
                0x0000000008004390       0x18 ./Middlewares/Third_Party/FreeRTOS/Source/CMSIS_RTOS_V2/cmsis_os2.o
                0x0000000008004390                vApplicationGetIdleTaskMemory
 .text.vApplicationGetTimerTaskMemory
                0x00000000080043a8       0x18 ./Middlewares/Third_Party/FreeRTOS/Source/CMSIS_RTOS_V2/cmsis_os2.o
                0x00000000080043a8                vApplicationGetTimerTaskMemory
 .text.vListInitialise
                0x00000000080043c0       0x16 ./Middlewares/Third_Party/FreeRTOS/Source/list.o
                0x00000000080043c0                vListInitialise
 .text.vListInitialiseItem
                0x00000000080043d6        0x6 ./Middlewares/Third_Party/FreeRTOS/Source/list.o
                0x00000000080043d6                vListInitialiseItem
 .text.vListInsertEnd
                0x00000000080043dc       0x18 ./Middlewares/Third_Party/FreeRTOS/Source/list.o
                0x00000000080043dc                vListInsertEnd
 .text.vListInsert
                0x00000000080043f4       0x2e ./Middlewares/Third_Party/FreeRTOS/Source/list.o
                0x00000000080043f4                vListInsert
 .text.uxListRemove
                0x0000000008004422       0x20 ./Middlewares/Third_Party/FreeRTOS/Source/list.o
                0x0000000008004422                uxListRemove
 .text.prvIsQueueEmpty
                0x0000000008004442       0x16 ./Middlewares/Third_Party/FreeRTOS/Source/queue.o
 .text.prvCopyDataToQueue
                0x0000000008004458       0x6a ./Middlewares/Third_Party/FreeRTOS/Source/queue.o
 .text.prvCopyDataFromQueue
                0x00000000080044c2       0x2c ./Middlewares/Third_Party/FreeRTOS/Source/queue.o
 .text.prvUnlockQueue
                0x00000000080044ee       0x70 ./Middlewares/Third_Party/FreeRTOS/Source/queue.o
 .text.xQueueGenericReset
                0x000000000800455e       0x7e ./Middlewares/Third_Party/FreeRTOS/Source/queue.o
                0x000000000800455e                xQueueGenericReset
 .text.xQueueGenericCreateStatic
                0x00000000080045dc       0x9c ./Middlewares/Third_Party/FreeRTOS/Source/queue.o
                0x00000000080045dc                xQueueGenericCreateStatic
 .text.xQueueGenericSend
                0x0000000008004678      0x166 ./Middlewares/Third_Party/FreeRTOS/Source/queue.o
                0x0000000008004678                xQueueGenericSend
 .text.xQueueGenericSendFromISR
                0x00000000080047de       0xc4 ./Middlewares/Third_Party/FreeRTOS/Source/queue.o
                0x00000000080047de                xQueueGenericSendFromISR
 .text.xQueueReceive
                0x00000000080048a2      0x13e ./Middlewares/Third_Party/FreeRTOS/Source/queue.o
                0x00000000080048a2                xQueueReceive
 .text.vQueueAddToRegistry
                0x00000000080049e0       0x24 ./Middlewares/Third_Party/FreeRTOS/Source/queue.o
                0x00000000080049e0                vQueueAddToRegistry
 .text.vQueueWaitForMessageRestricted
                0x0000000008004a04       0x46 ./Middlewares/Third_Party/FreeRTOS/Source/queue.o
                0x0000000008004a04                vQueueWaitForMessageRestricted
 .text.prvBytesInBuffer
                0x0000000008004a4a       0x12 ./Middlewares/Third_Party/FreeRTOS/Source/stream_buffer.o
 .text.prvReadBytesFromBuffer
                0x0000000008004a5c       0x7a ./Middlewares/Third_Party/FreeRTOS/Source/stream_buffer.o
 .text.prvInitialiseNewStreamBuffer
                0x0000000008004ad6       0x46 ./Middlewares/Third_Party/FreeRTOS/Source/stream_buffer.o
 .text.prvWriteBytesToBuffer.part.0
                0x0000000008004b1c       0x72 ./Middlewares/Third_Party/FreeRTOS/Source/stream_buffer.o
 .text.prvWriteMessageToBuffer
                0x0000000008004b8e       0x54 ./Middlewares/Third_Party/FreeRTOS/Source/stream_buffer.o
 .text.xStreamBufferGenericCreateStatic
                0x0000000008004be2       0xa2 ./Middlewares/Third_Party/FreeRTOS/Source/stream_buffer.o
                0x0000000008004be2                xStreamBufferGenericCreateStatic
 .text.xStreamBufferSpacesAvailable
                0x0000000008004c84       0x28 ./Middlewares/Third_Party/FreeRTOS/Source/stream_buffer.o
                0x0000000008004c84                xStreamBufferSpacesAvailable
 .text.xStreamBufferSend
                0x0000000008004cac      0x10a ./Middlewares/Third_Party/FreeRTOS/Source/stream_buffer.o
                0x0000000008004cac                xStreamBufferSend
 .text.xStreamBufferSendFromISR
                0x0000000008004db6       0x9a ./Middlewares/Third_Party/FreeRTOS/Source/stream_buffer.o
                0x0000000008004db6                xStreamBufferSendFromISR
 .text.xStreamBufferReceive
                0x0000000008004e50       0xf2 ./Middlewares/Third_Party/FreeRTOS/Source/stream_buffer.o
                0x0000000008004e50                xStreamBufferReceive
 *fill*         0x0000000008004f42        0x2 
 .text.prvAddNewTaskToReadyList
                0x0000000008004f44      0x100 ./Middlewares/Third_Party/FreeRTOS/Source/tasks.o
 .text.prvAddCurrentTaskToDelayedList
                0x0000000008005044       0x70 ./Middlewares/Third_Party/FreeRTOS/Source/tasks.o
 .text.prvResetNextTaskUnblockTime
                0x00000000080050b4       0x24 ./Middlewares/Third_Party/FreeRTOS/Source/tasks.o
 .text.prvDeleteTCB
                0x00000000080050d8       0x3c ./Middlewares/Third_Party/FreeRTOS/Source/tasks.o
 .text.prvIdleTask
                0x0000000008005114       0x60 ./Middlewares/Third_Party/FreeRTOS/Source/tasks.o
 .text.prvInitialiseNewTask.constprop.0
                0x0000000008005174       0xbc ./Middlewares/Third_Party/FreeRTOS/Source/tasks.o
 .text.xTaskCreateStatic
                0x0000000008005230       0x70 ./Middlewares/Third_Party/FreeRTOS/Source/tasks.o
                0x0000000008005230                xTaskCreateStatic
 .text.xTaskCreate
                0x00000000080052a0       0x5a ./Middlewares/Third_Party/FreeRTOS/Source/tasks.o
                0x00000000080052a0                xTaskCreate
 *fill*         0x00000000080052fa        0x2 
 .text.uxTaskPriorityGet
                0x00000000080052fc       0x20 ./Middlewares/Third_Party/FreeRTOS/Source/tasks.o
                0x00000000080052fc                uxTaskPriorityGet
 .text.vTaskPrioritySet
                0x000000000800531c       0xc4 ./Middlewares/Third_Party/FreeRTOS/Source/tasks.o
                0x000000000800531c                vTaskPrioritySet
 .text.vTaskStartScheduler
                0x00000000080053e0       0xa0 ./Middlewares/Third_Party/FreeRTOS/Source/tasks.o
                0x00000000080053e0                vTaskStartScheduler
 .text.vTaskSuspendAll
                0x0000000008005480       0x10 ./Middlewares/Third_Party/FreeRTOS/Source/tasks.o
                0x0000000008005480                vTaskSuspendAll
 .text.xTaskGetTickCount
                0x0000000008005490        0xc ./Middlewares/Third_Party/FreeRTOS/Source/tasks.o
                0x0000000008005490                xTaskGetTickCount
 .text.xTaskIncrementTick
                0x000000000800549c      0x12c ./Middlewares/Third_Party/FreeRTOS/Source/tasks.o
                0x000000000800549c                xTaskIncrementTick
 .text.xTaskResumeAll
                0x00000000080055c8       0xe8 ./Middlewares/Third_Party/FreeRTOS/Source/tasks.o
                0x00000000080055c8                xTaskResumeAll
 .text.vTaskDelay
                0x00000000080056b0       0x48 ./Middlewares/Third_Party/FreeRTOS/Source/tasks.o
                0x00000000080056b0                vTaskDelay
 .text.vTaskSwitchContext
                0x00000000080056f8       0x80 ./Middlewares/Third_Party/FreeRTOS/Source/tasks.o
                0x00000000080056f8                vTaskSwitchContext
 .text.vTaskPlaceOnEventList
                0x0000000008005778       0x34 ./Middlewares/Third_Party/FreeRTOS/Source/tasks.o
                0x0000000008005778                vTaskPlaceOnEventList
 .text.vTaskPlaceOnEventListRestricted
                0x00000000080057ac       0x3c ./Middlewares/Third_Party/FreeRTOS/Source/tasks.o
                0x00000000080057ac                vTaskPlaceOnEventListRestricted
 .text.xTaskRemoveFromEventList
                0x00000000080057e8       0x88 ./Middlewares/Third_Party/FreeRTOS/Source/tasks.o
                0x00000000080057e8                xTaskRemoveFromEventList
 .text.vTaskSetTimeOutState
                0x0000000008005870       0x38 ./Middlewares/Third_Party/FreeRTOS/Source/tasks.o
                0x0000000008005870                vTaskSetTimeOutState
 .text.vTaskInternalSetTimeOutState
                0x00000000080058a8       0x18 ./Middlewares/Third_Party/FreeRTOS/Source/tasks.o
                0x00000000080058a8                vTaskInternalSetTimeOutState
 .text.xTaskCheckForTimeOut
                0x00000000080058c0       0x78 ./Middlewares/Third_Party/FreeRTOS/Source/tasks.o
                0x00000000080058c0                xTaskCheckForTimeOut
 .text.vTaskMissedYield
                0x0000000008005938        0xc ./Middlewares/Third_Party/FreeRTOS/Source/tasks.o
                0x0000000008005938                vTaskMissedYield
 .text.xTaskGetCurrentTaskHandle
                0x0000000008005944        0xc ./Middlewares/Third_Party/FreeRTOS/Source/tasks.o
                0x0000000008005944                xTaskGetCurrentTaskHandle
 .text.xTaskGetSchedulerState
                0x0000000008005950       0x20 ./Middlewares/Third_Party/FreeRTOS/Source/tasks.o
                0x0000000008005950                xTaskGetSchedulerState
 .text.xTaskPriorityDisinherit
                0x0000000008005970       0x88 ./Middlewares/Third_Party/FreeRTOS/Source/tasks.o
                0x0000000008005970                xTaskPriorityDisinherit
 .text.xTaskNotifyWait
                0x00000000080059f8       0x94 ./Middlewares/Third_Party/FreeRTOS/Source/tasks.o
                0x00000000080059f8                xTaskNotifyWait
 .text.xTaskGenericNotify
                0x0000000008005a8c       0xf8 ./Middlewares/Third_Party/FreeRTOS/Source/tasks.o
                0x0000000008005a8c                xTaskGenericNotify
 .text.xTaskGenericNotifyFromISR
                0x0000000008005b84      0x128 ./Middlewares/Third_Party/FreeRTOS/Source/tasks.o
                0x0000000008005b84                xTaskGenericNotifyFromISR
 .text.xTaskNotifyStateClear
                0x0000000008005cac       0x2c ./Middlewares/Third_Party/FreeRTOS/Source/tasks.o
                0x0000000008005cac                xTaskNotifyStateClear
 .text.prvCheckForValidListAndQueue
                0x0000000008005cd8       0x68 ./Middlewares/Third_Party/FreeRTOS/Source/timers.o
 .text.prvInsertTimerInActiveList
                0x0000000008005d40       0x3c ./Middlewares/Third_Party/FreeRTOS/Source/timers.o
 .text.xTimerCreateTimerTask
                0x0000000008005d7c       0x64 ./Middlewares/Third_Party/FreeRTOS/Source/timers.o
                0x0000000008005d7c                xTimerCreateTimerTask
 .text.xTimerGenericCommand
                0x0000000008005de0       0x58 ./Middlewares/Third_Party/FreeRTOS/Source/timers.o
                0x0000000008005de0                xTimerGenericCommand
 .text.prvSampleTimeNow
                0x0000000008005e38       0xac ./Middlewares/Third_Party/FreeRTOS/Source/timers.o
 .text.prvTimerTask
                0x0000000008005ee4      0x1cc ./Middlewares/Third_Party/FreeRTOS/Source/timers.o
 .text.prvPortStartFirstTask
                0x00000000080060b0       0x28 ./Middlewares/Third_Party/FreeRTOS/Source/portable/GCC/ARM_CM4F/port.o
 .text.vPortEnableVFP
                0x00000000080060d8       0x14 ./Middlewares/Third_Party/FreeRTOS/Source/portable/GCC/ARM_CM4F/port.o
 .text.prvTaskExitError
                0x00000000080060ec       0x40 ./Middlewares/Third_Party/FreeRTOS/Source/portable/GCC/ARM_CM4F/port.o
 .text.pxPortInitialiseStack
                0x000000000800612c       0x2c ./Middlewares/Third_Party/FreeRTOS/Source/portable/GCC/ARM_CM4F/port.o
                0x000000000800612c                pxPortInitialiseStack
 *fill*         0x0000000008006158        0x8 
 .text.SVC_Handler
                0x0000000008006160       0x24 ./Middlewares/Third_Party/FreeRTOS/Source/portable/GCC/ARM_CM4F/port.o
                0x0000000008006160                SVC_Handler
 .text.vPortEnterCritical
                0x0000000008006184       0x40 ./Middlewares/Third_Party/FreeRTOS/Source/portable/GCC/ARM_CM4F/port.o
                0x0000000008006184                vPortEnterCritical
 .text.vPortExitCritical
                0x00000000080061c4       0x28 ./Middlewares/Third_Party/FreeRTOS/Source/portable/GCC/ARM_CM4F/port.o
                0x00000000080061c4                vPortExitCritical
 *fill*         0x00000000080061ec        0x4 
 .text.PendSV_Handler
                0x00000000080061f0       0x64 ./Middlewares/Third_Party/FreeRTOS/Source/portable/GCC/ARM_CM4F/port.o
                0x00000000080061f0                PendSV_Handler
 .text.xPortSysTickHandler
                0x0000000008006254       0x2c ./Middlewares/Third_Party/FreeRTOS/Source/portable/GCC/ARM_CM4F/port.o
                0x0000000008006254                xPortSysTickHandler
 .text.vPortSetupTimerInterrupt
                0x0000000008006280       0x24 ./Middlewares/Third_Party/FreeRTOS/Source/portable/GCC/ARM_CM4F/port.o
                0x0000000008006280                vPortSetupTimerInterrupt
 .text.xPortStartScheduler
                0x00000000080062a4      0x10c ./Middlewares/Third_Party/FreeRTOS/Source/portable/GCC/ARM_CM4F/port.o
                0x00000000080062a4                xPortStartScheduler
 .text.vPortValidateInterruptPriority
                0x00000000080063b0       0x5c ./Middlewares/Third_Party/FreeRTOS/Source/portable/GCC/ARM_CM4F/port.o
                0x00000000080063b0                vPortValidateInterruptPriority
 .text.prvInsertBlockIntoFreeList
                0x000000000800640c       0x4c ./Middlewares/Third_Party/FreeRTOS/Source/portable/MemMang/heap_4.o
 .text.pvPortMalloc
                0x0000000008006458      0x130 ./Middlewares/Third_Party/FreeRTOS/Source/portable/MemMang/heap_4.o
                0x0000000008006458                pvPortMalloc
 .text.vPortFree
                0x0000000008006588       0x7c ./Middlewares/Third_Party/FreeRTOS/Source/portable/MemMang/heap_4.o
                0x0000000008006588                vPortFree
 .text.StartDefaultTask
                0x0000000008006604      0x154 ./Src/application.o
                0x0000000008006604                StartDefaultTask
 .text.led0     0x0000000008006758       0x1c ./Src/io.o
                0x0000000008006758                led0
 .text.led1     0x0000000008006774       0x1c ./Src/io.o
                0x0000000008006774                led1
 .text.led2     0x0000000008006790       0x1c ./Src/io.o
                0x0000000008006790                led2
 .text.led3     0x00000000080067ac       0x1c ./Src/io.o
                0x00000000080067ac                led3
 .text.lcdWriteDigit
                0x00000000080067c8       0xa0 ./Src/io.o
                0x00000000080067c8                lcdWriteDigit
 .text.lcdUpdateDisplay
                0x0000000008006868        0xc ./Src/io.o
                0x0000000008006868                lcdUpdateDisplay
 .text.lcdWriteHexDigit
                0x0000000008006874       0x14 ./Src/io.o
                0x0000000008006874                lcdWriteHexDigit
 .text.LL_AHB2_GRP1_EnableClock
                0x0000000008006888       0x1c ./Src/main.o
 .text.StartTask1
                0x00000000080068a4       0x30 ./Src/main.o
                0x00000000080068a4                StartTask1
 .text.StartTask2
                0x00000000080068d4       0x30 ./Src/main.o
                0x00000000080068d4                StartTask2
 .text.SystemClock_Config
                0x0000000008006904       0x66 ./Src/main.o
                0x0000000008006904                SystemClock_Config
 .text.PeriphCommonClock_Config
                0x000000000800696a       0x44 ./Src/main.o
                0x000000000800696a                PeriphCommonClock_Config
 *fill*         0x00000000080069ae        0x2 
 .text.startup.main
                0x00000000080069b0      0x330 ./Src/main.o
                0x00000000080069b0                main
 .text.HAL_TIM_PeriodElapsedCallback
                0x0000000008006ce0       0x14 ./Src/main.o
                0x0000000008006ce0                HAL_TIM_PeriodElapsedCallback
 .text.Error_Handler
                0x0000000008006cf4        0x2 ./Src/main.o
                0x0000000008006cf4                Error_Handler
 *fill*         0x0000000008006cf6        0x2 
 .text.HAL_MspInit
                0x0000000008006cf8       0x50 ./Src/stm32l4xx_hal_msp.o
                0x0000000008006cf8                HAL_MspInit
 .text.HAL_ADC_MspInit
                0x0000000008006d48       0xc4 ./Src/stm32l4xx_hal_msp.o
                0x0000000008006d48                HAL_ADC_MspInit
 .text.HAL_COMP_MspInit
                0x0000000008006e0c       0x4c ./Src/stm32l4xx_hal_msp.o
                0x0000000008006e0c                HAL_COMP_MspInit
 .text.HAL_DAC_MspInit
                0x0000000008006e58       0x5c ./Src/stm32l4xx_hal_msp.o
                0x0000000008006e58                HAL_DAC_MspInit
 .text.HAL_LCD_MspInit
                0x0000000008006eb4       0xe4 ./Src/stm32l4xx_hal_msp.o
                0x0000000008006eb4                HAL_LCD_MspInit
 .text.HAL_OPAMP_MspInit
                0x0000000008006f98      0x100 ./Src/stm32l4xx_hal_msp.o
                0x0000000008006f98                HAL_OPAMP_MspInit
 .text.HAL_InitTick
                0x0000000008007098       0x78 ./Src/stm32l4xx_hal_timebase_tim.o
                0x0000000008007098                HAL_InitTick
 .text.NMI_Handler
                0x0000000008007110        0x2 ./Src/stm32l4xx_it.o
                0x0000000008007110                NMI_Handler
 .text.HardFault_Handler
                0x0000000008007112        0x2 ./Src/stm32l4xx_it.o
                0x0000000008007112                HardFault_Handler
 .text.MemManage_Handler
                0x0000000008007114        0x2 ./Src/stm32l4xx_it.o
                0x0000000008007114                MemManage_Handler
 .text.BusFault_Handler
                0x0000000008007116        0x2 ./Src/stm32l4xx_it.o
                0x0000000008007116                BusFault_Handler
 .text.UsageFault_Handler
                0x0000000008007118        0x2 ./Src/stm32l4xx_it.o
                0x0000000008007118                UsageFault_Handler
 .text.DebugMon_Handler
                0x000000000800711a        0x2 ./Src/stm32l4xx_it.o
                0x000000000800711a                DebugMon_Handler
 .text.TIM1_UP_TIM16_IRQHandler
                0x000000000800711c        0xc ./Src/stm32l4xx_it.o
                0x000000000800711c                TIM1_UP_TIM16_IRQHandler
 .text.OTG_FS_IRQHandler
                0x0000000008007128        0xc ./Src/stm32l4xx_it.o
                0x0000000008007128                OTG_FS_IRQHandler
 .text.SystemInit
                0x0000000008007134       0x48 ./Src/system_stm32l4xx.o
                0x0000000008007134                SystemInit
 .text.MX_USB_DEVICE_Init
                0x000000000800717c       0x50 ./Src/usb_device.o
                0x000000000800717c                MX_USB_DEVICE_Init
 .text.CDC_DeInit_FS
                0x00000000080071cc        0x4 ./Src/usbd_cdc_if.o
 .text.CDC_TransmitCplt_FS
                0x00000000080071d0        0xa ./Src/usbd_cdc_if.o
 *fill*         0x00000000080071da        0x2 
 .text.CDC_Receive_FS
                0x00000000080071dc       0x28 ./Src/usbd_cdc_if.o
 .text.CDC_Init_FS
                0x0000000008007204       0x28 ./Src/usbd_cdc_if.o
 .text.CDC_Control_FS
                0x000000000800722c       0x30 ./Src/usbd_cdc_if.o
 .text.CDC_Transmit_FS
                0x000000000800725c       0x2c ./Src/usbd_cdc_if.o
                0x000000000800725c                CDC_Transmit_FS
 .text.HAL_PCD_MspInit
                0x0000000008007288       0xbc ./Src/usbd_conf.o
                0x0000000008007288                HAL_PCD_MspInit
 .text.HAL_PCD_SetupStageCallback
                0x0000000008007344        0xc ./Src/usbd_conf.o
                0x0000000008007344                HAL_PCD_SetupStageCallback
 .text.HAL_PCD_DataOutStageCallback
                0x0000000008007350       0x12 ./Src/usbd_conf.o
                0x0000000008007350                HAL_PCD_DataOutStageCallback
 .text.HAL_PCD_DataInStageCallback
                0x0000000008007362       0x10 ./Src/usbd_conf.o
                0x0000000008007362                HAL_PCD_DataInStageCallback
 .text.HAL_PCD_SOFCallback
                0x0000000008007372        0x8 ./Src/usbd_conf.o
                0x0000000008007372                HAL_PCD_SOFCallback
 .text.HAL_PCD_ResetCallback
                0x000000000800737a       0x24 ./Src/usbd_conf.o
                0x000000000800737a                HAL_PCD_ResetCallback
 *fill*         0x000000000800739e        0x2 
 .text.HAL_PCD_SuspendCallback
                0x00000000080073a0       0x30 ./Src/usbd_conf.o
                0x00000000080073a0                HAL_PCD_SuspendCallback
 .text.HAL_PCD_ResumeCallback
                0x00000000080073d0       0x34 ./Src/usbd_conf.o
                0x00000000080073d0                HAL_PCD_ResumeCallback
 .text.HAL_PCD_ISOOUTIncompleteCallback
                0x0000000008007404        0x8 ./Src/usbd_conf.o
                0x0000000008007404                HAL_PCD_ISOOUTIncompleteCallback
 .text.HAL_PCD_ISOINIncompleteCallback
                0x000000000800740c        0x8 ./Src/usbd_conf.o
                0x000000000800740c                HAL_PCD_ISOINIncompleteCallback
 .text.HAL_PCD_ConnectCallback
                0x0000000008007414        0x8 ./Src/usbd_conf.o
                0x0000000008007414                HAL_PCD_ConnectCallback
 .text.HAL_PCD_DisconnectCallback
                0x000000000800741c        0x8 ./Src/usbd_conf.o
                0x000000000800741c                HAL_PCD_DisconnectCallback
 .text.USBD_LL_Init
                0x0000000008007424       0x5c ./Src/usbd_conf.o
                0x0000000008007424                USBD_LL_Init
 .text.USBD_LL_Start
                0x0000000008007480       0x1c ./Src/usbd_conf.o
                0x0000000008007480                USBD_LL_Start
 .text.USBD_LL_OpenEP
                0x000000000800749c       0x20 ./Src/usbd_conf.o
                0x000000000800749c                USBD_LL_OpenEP
 .text.USBD_LL_CloseEP
                0x00000000080074bc       0x1c ./Src/usbd_conf.o
                0x00000000080074bc                USBD_LL_CloseEP
 .text.USBD_LL_StallEP
                0x00000000080074d8       0x1c ./Src/usbd_conf.o
                0x00000000080074d8                USBD_LL_StallEP
 .text.USBD_LL_ClearStallEP
                0x00000000080074f4       0x1c ./Src/usbd_conf.o
                0x00000000080074f4                USBD_LL_ClearStallEP
 .text.USBD_LL_IsStallEP
                0x0000000008007510       0x26 ./Src/usbd_conf.o
                0x0000000008007510                USBD_LL_IsStallEP
 *fill*         0x0000000008007536        0x2 
 .text.USBD_LL_SetUSBAddress
                0x0000000008007538       0x1c ./Src/usbd_conf.o
                0x0000000008007538                USBD_LL_SetUSBAddress
 .text.USBD_LL_Transmit
                0x0000000008007554       0x1c ./Src/usbd_conf.o
                0x0000000008007554                USBD_LL_Transmit
 .text.USBD_LL_PrepareReceive
                0x0000000008007570       0x1c ./Src/usbd_conf.o
                0x0000000008007570                USBD_LL_PrepareReceive
 .text.USBD_LL_GetRxDataSize
                0x000000000800758c        0x8 ./Src/usbd_conf.o
                0x000000000800758c                USBD_LL_GetRxDataSize
 .text.USBD_static_malloc
                0x0000000008007594        0x8 ./Src/usbd_conf.o
                0x0000000008007594                USBD_static_malloc
 .text.USBD_static_free
                0x000000000800759c        0x2 ./Src/usbd_conf.o
                0x000000000800759c                USBD_static_free
 *fill*         0x000000000800759e        0x2 
 .text.USBD_FS_DeviceDescriptor
                0x00000000080075a0        0xc ./Src/usbd_desc.o
                0x00000000080075a0                USBD_FS_DeviceDescriptor
 .text.USBD_FS_LangIDStrDescriptor
                0x00000000080075ac        0xc ./Src/usbd_desc.o
                0x00000000080075ac                USBD_FS_LangIDStrDescriptor
 .text.IntToUnicode
                0x00000000080075b8       0x2a ./Src/usbd_desc.o
 *fill*         0x00000000080075e2        0x2 
 .text.USBD_FS_SerialStrDescriptor
                0x00000000080075e4       0x3c ./Src/usbd_desc.o
                0x00000000080075e4                USBD_FS_SerialStrDescriptor
 .text.USBD_FS_ManufacturerStrDescriptor
                0x0000000008007620       0x1c ./Src/usbd_desc.o
                0x0000000008007620                USBD_FS_ManufacturerStrDescriptor
 .text.USBD_FS_ProductStrDescriptor
                0x000000000800763c       0x1c ./Src/usbd_desc.o
                0x000000000800763c                USBD_FS_ProductStrDescriptor
 .text.USBD_FS_ConfigStrDescriptor
                0x0000000008007658       0x1c ./Src/usbd_desc.o
                0x0000000008007658                USBD_FS_ConfigStrDescriptor
 .text.USBD_FS_InterfaceStrDescriptor
                0x0000000008007674       0x1c ./Src/usbd_desc.o
                0x0000000008007674                USBD_FS_InterfaceStrDescriptor
 .text.usbserialInit
                0x0000000008007690       0x58 ./Src/usbserial.o
                0x0000000008007690                usbserialInit
 .text.usbserialQueue
                0x00000000080076e8       0x3c ./Src/usbserial.o
                0x00000000080076e8                usbserialQueue
 .text.usbserialGetByte
                0x0000000008007724       0x40 ./Src/usbserial.o
                0x0000000008007724                usbserialGetByte
 .text.usbserialPutByte
                0x0000000008007764       0x24 ./Src/usbserial.o
                0x0000000008007764                usbserialPutByte
 .text.usbserialWriteChar
                0x0000000008007788        0x4 ./Src/usbserial.o
                0x0000000008007788                usbserialWriteChar
 .text.usbserialReadChar
                0x000000000800778c       0x1c ./Src/usbserial.o
                0x000000000800778c                usbserialReadChar
 .text.usbserialTxWakeup
                0x00000000080077a8       0x10 ./Src/usbserial.o
                0x00000000080077a8                usbserialTxWakeup
 .text.StartUsbTxTask
                0x00000000080077b8       0x44 ./Src/usbserial.o
                0x00000000080077b8                StartUsbTxTask
 .text.Reset_Handler
                0x00000000080077fc       0x50 ./Startup/startup_stm32l496vetx.o
                0x00000000080077fc                Reset_Handler
 .text.Default_Handler
                0x000000000800784c        0x2 ./Startup/startup_stm32l496vetx.o
                0x000000000800784c                RTC_Alarm_IRQHandler
                0x000000000800784c                EXTI2_IRQHandler
                0x000000000800784c                TIM8_TRG_COM_IRQHandler
                0x000000000800784c                TIM8_CC_IRQHandler
                0x000000000800784c                TIM1_CC_IRQHandler
                0x000000000800784c                TSC_IRQHandler
                0x000000000800784c                TAMP_STAMP_IRQHandler
                0x000000000800784c                CAN2_RX1_IRQHandler
                0x000000000800784c                EXTI3_IRQHandler
                0x000000000800784c                LPTIM2_IRQHandler
                0x000000000800784c                DFSDM1_FLT1_IRQHandler
                0x000000000800784c                I2C3_ER_IRQHandler
                0x000000000800784c                DFSDM1_FLT2_IRQHandler
                0x000000000800784c                EXTI0_IRQHandler
                0x000000000800784c                I2C2_EV_IRQHandler
                0x000000000800784c                CAN1_RX0_IRQHandler
                0x000000000800784c                FPU_IRQHandler
                0x000000000800784c                CAN2_SCE_IRQHandler
                0x000000000800784c                ADC1_2_IRQHandler
                0x000000000800784c                SPI1_IRQHandler
                0x000000000800784c                TIM6_DAC_IRQHandler
                0x000000000800784c                DCMI_IRQHandler
                0x000000000800784c                CAN2_RX0_IRQHandler
                0x000000000800784c                TIM8_UP_IRQHandler
                0x000000000800784c                DMA2_Channel2_IRQHandler
                0x000000000800784c                DMA1_Channel4_IRQHandler
                0x000000000800784c                SAI2_IRQHandler
                0x000000000800784c                DFSDM1_FLT3_IRQHandler
                0x000000000800784c                USART3_IRQHandler
                0x000000000800784c                DMA1_Channel7_IRQHandler
                0x000000000800784c                CAN1_RX1_IRQHandler
                0x000000000800784c                LCD_IRQHandler
                0x000000000800784c                UART5_IRQHandler
                0x000000000800784c                ADC3_IRQHandler
                0x000000000800784c                TIM4_IRQHandler
                0x000000000800784c                DMA2_Channel1_IRQHandler
                0x000000000800784c                QUADSPI_IRQHandler
                0x000000000800784c                I2C1_EV_IRQHandler
                0x000000000800784c                DMA1_Channel6_IRQHandler
                0x000000000800784c                UART4_IRQHandler
                0x000000000800784c                DMA2_Channel4_IRQHandler
                0x000000000800784c                TIM3_IRQHandler
                0x000000000800784c                RCC_IRQHandler
                0x000000000800784c                DMA1_Channel1_IRQHandler
                0x000000000800784c                Default_Handler
                0x000000000800784c                DMA2_Channel7_IRQHandler
                0x000000000800784c                EXTI15_10_IRQHandler
                0x000000000800784c                TIM7_IRQHandler
                0x000000000800784c                SDMMC1_IRQHandler
                0x000000000800784c                CAN2_TX_IRQHandler
                0x000000000800784c                TIM5_IRQHandler
                0x000000000800784c                I2C3_EV_IRQHandler
                0x000000000800784c                EXTI9_5_IRQHandler
                0x000000000800784c                RTC_WKUP_IRQHandler
                0x000000000800784c                PVD_PVM_IRQHandler
                0x000000000800784c                SPI2_IRQHandler
                0x000000000800784c                CAN1_TX_IRQHandler
                0x000000000800784c                DMA2_Channel5_IRQHandler
                0x000000000800784c                CRS_IRQHandler
                0x000000000800784c                DMA1_Channel5_IRQHandler
                0x000000000800784c                EXTI4_IRQHandler
                0x000000000800784c                RNG_IRQHandler
                0x000000000800784c                TIM1_TRG_COM_TIM17_IRQHandler
                0x000000000800784c                DMA1_Channel3_IRQHandler
                0x000000000800784c                COMP_IRQHandler
                0x000000000800784c                WWDG_IRQHandler
                0x000000000800784c                I2C4_EV_IRQHandler
                0x000000000800784c                LPUART1_IRQHandler
                0x000000000800784c                DMA2_Channel6_IRQHandler
                0x000000000800784c                TIM2_IRQHandler
                0x000000000800784c                EXTI1_IRQHandler
                0x000000000800784c                USART2_IRQHandler
                0x000000000800784c                DFSDM1_FLT0_IRQHandler
                0x000000000800784c                I2C2_ER_IRQHandler
                0x000000000800784c                DMA1_Channel2_IRQHandler
                0x000000000800784c                TIM8_BRK_IRQHandler
                0x000000000800784c                CAN1_SCE_IRQHandler
                0x000000000800784c                FLASH_IRQHandler
                0x000000000800784c                USART1_IRQHandler
                0x000000000800784c                SPI3_IRQHandler
                0x000000000800784c                I2C1_ER_IRQHandler
                0x000000000800784c                FMC_IRQHandler
                0x000000000800784c                SWPMI1_IRQHandler
                0x000000000800784c                LPTIM1_IRQHandler
                0x000000000800784c                I2C4_ER_IRQHandler
                0x000000000800784c                SAI1_IRQHandler
                0x000000000800784c                DMA2_Channel3_IRQHandler
                0x000000000800784c                TIM1_BRK_TIM15_IRQHandler
 .text.memset   0x000000000800784e       0x10 C:/ST/STM32CubeIDE_1.13.0/STM32CubeIDE/plugins/com.st.stm32cube.ide.mcu.externaltools.gnu-tools-for-stm32.11.3.rel1.win32_1.1.0.202305231506/tools/bin/../lib/gcc/arm-none-eabi/11.3.1/../../../../arm-none-eabi/lib/thumb/v7e-m+fp/hard\libc_nano.a(libc_a-memset.o)
                0x000000000800784e                memset
 *fill*         0x000000000800785e        0x2 
 .text._reclaim_reent
                0x0000000008007860       0xac C:/ST/STM32CubeIDE_1.13.0/STM32CubeIDE/plugins/com.st.stm32cube.ide.mcu.externaltools.gnu-tools-for-stm32.11.3.rel1.win32_1.1.0.202305231506/tools/bin/../lib/gcc/arm-none-eabi/11.3.1/../../../../arm-none-eabi/lib/thumb/v7e-m+fp/hard\libc_nano.a(libc_a-reent.o)
                0x0000000008007860                _reclaim_reent
 .text.__libc_init_array
                0x000000000800790c       0x48 C:/ST/STM32CubeIDE_1.13.0/STM32CubeIDE/plugins/com.st.stm32cube.ide.mcu.externaltools.gnu-tools-for-stm32.11.3.rel1.win32_1.1.0.202305231506/tools/bin/../lib/gcc/arm-none-eabi/11.3.1/../../../../arm-none-eabi/lib/thumb/v7e-m+fp/hard\libc_nano.a(libc_a-init.o)
                0x000000000800790c                __libc_init_array
 .text.__retarget_lock_acquire_recursive
                0x0000000008007954        0x2 C:/ST/STM32CubeIDE_1.13.0/STM32CubeIDE/plugins/com.st.stm32cube.ide.mcu.externaltools.gnu-tools-for-stm32.11.3.rel1.win32_1.1.0.202305231506/tools/bin/../lib/gcc/arm-none-eabi/11.3.1/../../../../arm-none-eabi/lib/thumb/v7e-m+fp/hard\libc_nano.a(libc_a-lock.o)
                0x0000000008007954                __retarget_lock_acquire_recursive
 .text.__retarget_lock_release_recursive
                0x0000000008007956        0x2 C:/ST/STM32CubeIDE_1.13.0/STM32CubeIDE/plugins/com.st.stm32cube.ide.mcu.externaltools.gnu-tools-for-stm32.11.3.rel1.win32_1.1.0.202305231506/tools/bin/../lib/gcc/arm-none-eabi/11.3.1/../../../../arm-none-eabi/lib/thumb/v7e-m+fp/hard\libc_nano.a(libc_a-lock.o)
                0x0000000008007956                __retarget_lock_release_recursive
 .text.memcpy   0x0000000008007958       0x1c C:/ST/STM32CubeIDE_1.13.0/STM32CubeIDE/plugins/com.st.stm32cube.ide.mcu.externaltools.gnu-tools-for-stm32.11.3.rel1.win32_1.1.0.202305231506/tools/bin/../lib/gcc/arm-none-eabi/11.3.1/../../../../arm-none-eabi/lib/thumb/v7e-m+fp/hard\libc_nano.a(libc_a-memcpy-stub.o)
                0x0000000008007958                memcpy
 .text._free_r  0x0000000008007974       0x98 C:/ST/STM32CubeIDE_1.13.0/STM32CubeIDE/plugins/com.st.stm32cube.ide.mcu.externaltools.gnu-tools-for-stm32.11.3.rel1.win32_1.1.0.202305231506/tools/bin/../lib/gcc/arm-none-eabi/11.3.1/../../../../arm-none-eabi/lib/thumb/v7e-m+fp/hard\libc_nano.a(libc_a-freer.o)
                0x0000000008007974                _free_r
 .text.__malloc_lock
                0x0000000008007a0c        0xc C:/ST/STM32CubeIDE_1.13.0/STM32CubeIDE/plugins/com.st.stm32cube.ide.mcu.externaltools.gnu-tools-for-stm32.11.3.rel1.win32_1.1.0.202305231506/tools/bin/../lib/gcc/arm-none-eabi/11.3.1/../../../../arm-none-eabi/lib/thumb/v7e-m+fp/hard\libc_nano.a(libc_a-mlock.o)
                0x0000000008007a0c                __malloc_lock
 .text.__malloc_unlock
                0x0000000008007a18        0xc C:/ST/STM32CubeIDE_1.13.0/STM32CubeIDE/plugins/com.st.stm32cube.ide.mcu.externaltools.gnu-tools-for-stm32.11.3.rel1.win32_1.1.0.202305231506/tools/bin/../lib/gcc/arm-none-eabi/11.3.1/../../../../arm-none-eabi/lib/thumb/v7e-m+fp/hard\libc_nano.a(libc_a-mlock.o)
                0x0000000008007a18                __malloc_unlock
 *(.glue_7)
 .glue_7        0x0000000008007a24        0x0 linker stubs
 *(.glue_7t)
 .glue_7t       0x0000000008007a24        0x0 linker stubs
 *(.eh_frame)
 .eh_frame      0x0000000008007a24        0x0 C:/ST/STM32CubeIDE_1.13.0/STM32CubeIDE/plugins/com.st.stm32cube.ide.mcu.externaltools.gnu-tools-for-stm32.11.3.rel1.win32_1.1.0.202305231506/tools/bin/../lib/gcc/arm-none-eabi/11.3.1/thumb/v7e-m+fp/hard/crtbegin.o
 *(.init)
 .init          0x0000000008007a24        0x4 C:/ST/STM32CubeIDE_1.13.0/STM32CubeIDE/plugins/com.st.stm32cube.ide.mcu.externaltools.gnu-tools-for-stm32.11.3.rel1.win32_1.1.0.202305231506/tools/bin/../lib/gcc/arm-none-eabi/11.3.1/thumb/v7e-m+fp/hard/crti.o
                0x0000000008007a24                _init
 .init          0x0000000008007a28        0x8 C:/ST/STM32CubeIDE_1.13.0/STM32CubeIDE/plugins/com.st.stm32cube.ide.mcu.externaltools.gnu-tools-for-stm32.11.3.rel1.win32_1.1.0.202305231506/tools/bin/../lib/gcc/arm-none-eabi/11.3.1/thumb/v7e-m+fp/hard/crtn.o
 *(.fini)
 .fini          0x0000000008007a30        0x4 C:/ST/STM32CubeIDE_1.13.0/STM32CubeIDE/plugins/com.st.stm32cube.ide.mcu.externaltools.gnu-tools-for-stm32.11.3.rel1.win32_1.1.0.202305231506/tools/bin/../lib/gcc/arm-none-eabi/11.3.1/thumb/v7e-m+fp/hard/crti.o
                0x0000000008007a30                _fini
 .fini          0x0000000008007a34        0x8 C:/ST/STM32CubeIDE_1.13.0/STM32CubeIDE/plugins/com.st.stm32cube.ide.mcu.externaltools.gnu-tools-for-stm32.11.3.rel1.win32_1.1.0.202305231506/tools/bin/../lib/gcc/arm-none-eabi/11.3.1/thumb/v7e-m+fp/hard/crtn.o
                0x0000000008007a3c                . = ALIGN (0x4)
                0x0000000008007a3c                _etext = .

.vfp11_veneer   0x0000000008007a3c        0x0
 .vfp11_veneer  0x0000000008007a3c        0x0 linker stubs

.v4_bx          0x0000000008007a3c        0x0
 .v4_bx         0x0000000008007a3c        0x0 linker stubs

.iplt           0x0000000008007a3c        0x0
 .iplt          0x0000000008007a3c        0x0 C:/ST/STM32CubeIDE_1.13.0/STM32CubeIDE/plugins/com.st.stm32cube.ide.mcu.externaltools.gnu-tools-for-stm32.11.3.rel1.win32_1.1.0.202305231506/tools/bin/../lib/gcc/arm-none-eabi/11.3.1/thumb/v7e-m+fp/hard/crtbegin.o

.rodata         0x0000000008007a3c      0x248
                0x0000000008007a3c                . = ALIGN (0x4)
 *(.rodata)
 *(.rodata*)
 .rodata.vTaskStartScheduler.str1.1
                0x0000000008007a3c        0x5 ./Middlewares/Third_Party/FreeRTOS/Source/tasks.o
 .rodata.prvCheckForValidListAndQueue.str1.1
                0x0000000008007a41        0x5 ./Middlewares/Third_Party/FreeRTOS/Source/timers.o
 .rodata.xTimerCreateTimerTask.str1.1
                0x0000000008007a46        0x8 ./Middlewares/Third_Party/FreeRTOS/Source/timers.o
 *fill*         0x0000000008007a4e        0x2 
 .rodata.CSWTCH.19
                0x0000000008007a50       0xb4 ./Src/io.o
 .rodata.lcdPattern0
                0x0000000008007b04        0x4 ./Src/io.o
 .rodata.lcdPattern1
                0x0000000008007b08        0x4 ./Src/io.o
 .rodata.lcdPattern2
                0x0000000008007b0c        0x4 ./Src/io.o
 .rodata.lcdPattern3
                0x0000000008007b10        0x4 ./Src/io.o
 .rodata.lcdPattern4
                0x0000000008007b14        0x4 ./Src/io.o
 .rodata.lcdPattern5
                0x0000000008007b18        0x4 ./Src/io.o
 .rodata.lcdPattern6
                0x0000000008007b1c        0x4 ./Src/io.o
 .rodata.lcdPattern7
                0x0000000008007b20        0x4 ./Src/io.o
 .rodata.lcdPattern8
                0x0000000008007b24        0x4 ./Src/io.o
 .rodata.lcdPattern9
                0x0000000008007b28        0x4 ./Src/io.o
 .rodata.lcdPatternA
                0x0000000008007b2c        0x4 ./Src/io.o
 .rodata.lcdPatternB
                0x0000000008007b30        0x4 ./Src/io.o
 .rodata.lcdPatternC
                0x0000000008007b34        0x4 ./Src/io.o
 .rodata.lcdPatternD
                0x0000000008007b38        0x4 ./Src/io.o
 .rodata.lcdPatternE
                0x0000000008007b3c        0x4 ./Src/io.o
 .rodata.lcdPatternEmpty
                0x0000000008007b40        0x4 ./Src/io.o
 .rodata.lcdPatternF
                0x0000000008007b44        0x4 ./Src/io.o
 .rodata.lcdPatternL
                0x0000000008007b48        0x4 ./Src/io.o
 .rodata.lcdPatternMinus
                0x0000000008007b4c        0x4 ./Src/io.o
 .rodata.str1.1
                0x0000000008007b50       0x26 ./Src/main.o
 *fill*         0x0000000008007b76        0x2 
 .rodata.defaultTask_attributes
                0x0000000008007b78       0x24 ./Src/main.o
                0x0000000008007b78                defaultTask_attributes
 .rodata.myTask1_attributes
                0x0000000008007b9c       0x24 ./Src/main.o
                0x0000000008007b9c                myTask1_attributes
 .rodata.myTask2_attributes
                0x0000000008007bc0       0x24 ./Src/main.o
                0x0000000008007bc0                myTask2_attributes
 .rodata.usbTxTask_attributes
                0x0000000008007be4       0x24 ./Src/main.o
                0x0000000008007be4                usbTxTask_attributes
 .rodata.AHBPrescTable
                0x0000000008007c08       0x10 ./Src/system_stm32l4xx.o
                0x0000000008007c08                AHBPrescTable
 .rodata.APBPrescTable
                0x0000000008007c18        0x8 ./Src/system_stm32l4xx.o
                0x0000000008007c18                APBPrescTable
 .rodata.MSIRangeTable
                0x0000000008007c20       0x30 ./Src/system_stm32l4xx.o
                0x0000000008007c20                MSIRangeTable
 .rodata.CSWTCH.21
                0x0000000008007c50        0x4 ./Src/usbd_conf.o
 .rodata.USBD_FS_ManufacturerStrDescriptor.str1.1
                0x0000000008007c54        0x4 ./Src/usbd_desc.o
 .rodata.USBD_FS_ProductStrDescriptor.str1.1
                0x0000000008007c58       0x10 ./Src/usbd_desc.o
 .rodata.USBD_FS_ConfigStrDescriptor.str1.1
                0x0000000008007c68        0xb ./Src/usbd_desc.o
 .rodata.USBD_FS_InterfaceStrDescriptor.str1.1
                0x0000000008007c73        0xe ./Src/usbd_desc.o
                0x0000000008007c84                . = ALIGN (0x4)
 *fill*         0x0000000008007c81        0x3 

.rel.dyn        0x0000000008007c84        0x0
 .rel.iplt      0x0000000008007c84        0x0 C:/ST/STM32CubeIDE_1.13.0/STM32CubeIDE/plugins/com.st.stm32cube.ide.mcu.externaltools.gnu-tools-for-stm32.11.3.rel1.win32_1.1.0.202305231506/tools/bin/../lib/gcc/arm-none-eabi/11.3.1/thumb/v7e-m+fp/hard/crtbegin.o

.ARM.extab      0x0000000008007c84        0x0
                0x0000000008007c84                . = ALIGN (0x4)
 *(.ARM.extab* .gnu.linkonce.armextab.*)
                0x0000000008007c84                . = ALIGN (0x4)

.ARM            0x0000000008007c84        0x0
                0x0000000008007c84                . = ALIGN (0x4)
                0x0000000008007c84                __exidx_start = .
 *(.ARM.exidx*)
                0x0000000008007c84                __exidx_end = .
                0x0000000008007c84                . = ALIGN (0x4)

.preinit_array  0x0000000008007c84        0x0
                0x0000000008007c84                . = ALIGN (0x4)
                0x0000000008007c84                PROVIDE (__preinit_array_start = .)
 *(.preinit_array*)
                0x0000000008007c84                PROVIDE (__preinit_array_end = .)
                0x0000000008007c84                . = ALIGN (0x4)

.init_array     0x0000000008007c84        0x4
                0x0000000008007c84                . = ALIGN (0x4)
                0x0000000008007c84                PROVIDE (__init_array_start = .)
 *(SORT_BY_NAME(.init_array.*))
 *(.init_array*)
 .init_array    0x0000000008007c84        0x4 C:/ST/STM32CubeIDE_1.13.0/STM32CubeIDE/plugins/com.st.stm32cube.ide.mcu.externaltools.gnu-tools-for-stm32.11.3.rel1.win32_1.1.0.202305231506/tools/bin/../lib/gcc/arm-none-eabi/11.3.1/thumb/v7e-m+fp/hard/crtbegin.o
                0x0000000008007c88                PROVIDE (__init_array_end = .)
                0x0000000008007c88                . = ALIGN (0x4)

.fini_array     0x0000000008007c88        0x4
                0x0000000008007c88                . = ALIGN (0x4)
                [!provide]                        PROVIDE (__fini_array_start = .)
 *(SORT_BY_NAME(.fini_array.*))
 *(.fini_array*)
 .fini_array    0x0000000008007c88        0x4 C:/ST/STM32CubeIDE_1.13.0/STM32CubeIDE/plugins/com.st.stm32cube.ide.mcu.externaltools.gnu-tools-for-stm32.11.3.rel1.win32_1.1.0.202305231506/tools/bin/../lib/gcc/arm-none-eabi/11.3.1/thumb/v7e-m+fp/hard/crtbegin.o
                [!provide]                        PROVIDE (__fini_array_end = .)
                0x0000000008007c8c                . = ALIGN (0x4)
                0x0000000008007c8c                _sidata = LOADADDR (.data)

.data           0x0000000020000000      0x1dc load address 0x0000000008007c8c
                0x0000000020000000                . = ALIGN (0x4)
                0x0000000020000000                _sdata = .
 *(.data)
 *(.data*)
 .data.uwTickFreq
                0x0000000020000000        0x1 ./Drivers/STM32L4xx_HAL_Driver/Src/stm32l4xx_hal.o
                0x0000000020000000                uwTickFreq
 *fill*         0x0000000020000001        0x3 
 .data.uwTickPrio
                0x0000000020000004        0x4 ./Drivers/STM32L4xx_HAL_Driver/Src/stm32l4xx_hal.o
                0x0000000020000004                uwTickPrio
 .data.USBD_CDC
                0x0000000020000008       0x38 ./Middlewares/ST/STM32_USB_Device_Library/Class/CDC/Src/usbd_cdc.o
                0x0000000020000008                USBD_CDC
 .data.USBD_CDC_CfgFSDesc
                0x0000000020000040       0x43 ./Middlewares/ST/STM32_USB_Device_Library/Class/CDC/Src/usbd_cdc.o
 *fill*         0x0000000020000083        0x1 
 .data.USBD_CDC_CfgHSDesc
                0x0000000020000084       0x43 ./Middlewares/ST/STM32_USB_Device_Library/Class/CDC/Src/usbd_cdc.o
 *fill*         0x00000000200000c7        0x1 
 .data.USBD_CDC_DeviceQualifierDesc
                0x00000000200000c8        0xa ./Middlewares/ST/STM32_USB_Device_Library/Class/CDC/Src/usbd_cdc.o
 *fill*         0x00000000200000d2        0x2 
 .data.USBD_CDC_OtherSpeedCfgDesc
                0x00000000200000d4       0x43 ./Middlewares/ST/STM32_USB_Device_Library/Class/CDC/Src/usbd_cdc.o
 *fill*         0x0000000020000117        0x1 
 .data.uxCriticalNesting
                0x0000000020000118        0x4 ./Middlewares/Third_Party/FreeRTOS/Source/portable/GCC/ARM_CM4F/port.o
 .data.SystemCoreClock
                0x000000002000011c        0x4 ./Src/system_stm32l4xx.o
                0x000000002000011c                SystemCoreClock
 .data.USBD_Interface_fops_FS
                0x0000000020000120       0x14 ./Src/usbd_cdc_if.o
                0x0000000020000120                USBD_Interface_fops_FS
 .data.lineCoding
                0x0000000020000134        0x7 ./Src/usbd_cdc_if.o
 *fill*         0x000000002000013b        0x1 
 .data.FS_Desc  0x000000002000013c       0x1c ./Src/usbd_desc.o
                0x000000002000013c                FS_Desc
 .data.USBD_FS_DeviceDesc
                0x0000000020000158       0x12 ./Src/usbd_desc.o
                0x0000000020000158                USBD_FS_DeviceDesc
 *fill*         0x000000002000016a        0x2 
 .data.USBD_LangIDDesc
                0x000000002000016c        0x4 ./Src/usbd_desc.o
                0x000000002000016c                USBD_LangIDDesc
 .data.USBD_StringSerial
                0x0000000020000170       0x1a ./Src/usbd_desc.o
                0x0000000020000170                USBD_StringSerial
 *fill*         0x000000002000018a        0x2 
 .data._impure_data
                0x000000002000018c       0x4c C:/ST/STM32CubeIDE_1.13.0/STM32CubeIDE/plugins/com.st.stm32cube.ide.mcu.externaltools.gnu-tools-for-stm32.11.3.rel1.win32_1.1.0.202305231506/tools/bin/../lib/gcc/arm-none-eabi/11.3.1/../../../../arm-none-eabi/lib/thumb/v7e-m+fp/hard\libc_nano.a(libc_a-impure.o)
                0x000000002000018c                _impure_data
 .data._impure_ptr
                0x00000000200001d8        0x4 C:/ST/STM32CubeIDE_1.13.0/STM32CubeIDE/plugins/com.st.stm32cube.ide.mcu.externaltools.gnu-tools-for-stm32.11.3.rel1.win32_1.1.0.202305231506/tools/bin/../lib/gcc/arm-none-eabi/11.3.1/../../../../arm-none-eabi/lib/thumb/v7e-m+fp/hard\libc_nano.a(libc_a-impure.o)
                0x00000000200001d8                _impure_ptr
                0x00000000200001dc                . = ALIGN (0x4)
                0x00000000200001dc                _edata = .

.igot.plt       0x00000000200001dc        0x0 load address 0x0000000008007e68
 .igot.plt      0x00000000200001dc        0x0 C:/ST/STM32CubeIDE_1.13.0/STM32CubeIDE/plugins/com.st.stm32cube.ide.mcu.externaltools.gnu-tools-for-stm32.11.3.rel1.win32_1.1.0.202305231506/tools/bin/../lib/gcc/arm-none-eabi/11.3.1/thumb/v7e-m+fp/hard/crtbegin.o
                0x00000000200001dc                . = ALIGN (0x4)

.bss            0x00000000200001dc     0x69c0 load address 0x0000000008007e68
                0x00000000200001dc                _sbss = .
                0x00000000200001dc                __bss_start__ = _sbss
 *(.bss)
 .bss           0x00000000200001dc       0x1c C:/ST/STM32CubeIDE_1.13.0/STM32CubeIDE/plugins/com.st.stm32cube.ide.mcu.externaltools.gnu-tools-for-stm32.11.3.rel1.win32_1.1.0.202305231506/tools/bin/../lib/gcc/arm-none-eabi/11.3.1/thumb/v7e-m+fp/hard/crtbegin.o
 *(.bss*)
 .bss.uwTick    0x00000000200001f8        0x4 ./Drivers/STM32L4xx_HAL_Driver/Src/stm32l4xx_hal.o
                0x00000000200001f8                uwTick
 .bss.cfgidx.0  0x00000000200001fc        0x1 ./Middlewares/ST/STM32_USB_Device_Library/Core/Src/usbd_ctlreq.o
 *fill*         0x00000000200001fd        0x3 
 .bss.Idle_Stack.2
                0x0000000020000200      0x200 ./Middlewares/Third_Party/FreeRTOS/Source/CMSIS_RTOS_V2/cmsis_os2.o
 .bss.Idle_TCB.3
                0x0000000020000400       0xa8 ./Middlewares/Third_Party/FreeRTOS/Source/CMSIS_RTOS_V2/cmsis_os2.o
 .bss.KernelState
                0x00000000200004a8        0x4 ./Middlewares/Third_Party/FreeRTOS/Source/CMSIS_RTOS_V2/cmsis_os2.o
 .bss.Timer_Stack.0
                0x00000000200004ac      0x400 ./Middlewares/Third_Party/FreeRTOS/Source/CMSIS_RTOS_V2/cmsis_os2.o
 .bss.Timer_TCB.1
                0x00000000200008ac       0xa8 ./Middlewares/Third_Party/FreeRTOS/Source/CMSIS_RTOS_V2/cmsis_os2.o
 .bss.xQueueRegistry
                0x0000000020000954       0x40 ./Middlewares/Third_Party/FreeRTOS/Source/queue.o
                0x0000000020000954                xQueueRegistry
 .bss.pxCurrentTCB
                0x0000000020000994        0x4 ./Middlewares/Third_Party/FreeRTOS/Source/tasks.o
                0x0000000020000994                pxCurrentTCB
 .bss.pxDelayedTaskList
                0x0000000020000998        0x4 ./Middlewares/Third_Party/FreeRTOS/Source/tasks.o
 .bss.pxOverflowDelayedTaskList
                0x000000002000099c        0x4 ./Middlewares/Third_Party/FreeRTOS/Source/tasks.o
 .bss.pxReadyTasksLists
                0x00000000200009a0      0x460 ./Middlewares/Third_Party/FreeRTOS/Source/tasks.o
 .bss.uxCurrentNumberOfTasks
                0x0000000020000e00        0x4 ./Middlewares/Third_Party/FreeRTOS/Source/tasks.o
 .bss.uxDeletedTasksWaitingCleanUp
                0x0000000020000e04        0x4 ./Middlewares/Third_Party/FreeRTOS/Source/tasks.o
 .bss.uxSchedulerSuspended
                0x0000000020000e08        0x4 ./Middlewares/Third_Party/FreeRTOS/Source/tasks.o
 .bss.uxTaskNumber
                0x0000000020000e0c        0x4 ./Middlewares/Third_Party/FreeRTOS/Source/tasks.o
 .bss.uxTopReadyPriority
                0x0000000020000e10        0x4 ./Middlewares/Third_Party/FreeRTOS/Source/tasks.o
 .bss.xDelayedTaskList1
                0x0000000020000e14       0x14 ./Middlewares/Third_Party/FreeRTOS/Source/tasks.o
 .bss.xDelayedTaskList2
                0x0000000020000e28       0x14 ./Middlewares/Third_Party/FreeRTOS/Source/tasks.o
 .bss.xNextTaskUnblockTime
                0x0000000020000e3c        0x4 ./Middlewares/Third_Party/FreeRTOS/Source/tasks.o
 .bss.xNumOfOverflows
                0x0000000020000e40        0x4 ./Middlewares/Third_Party/FreeRTOS/Source/tasks.o
 .bss.xPendedTicks
                0x0000000020000e44        0x4 ./Middlewares/Third_Party/FreeRTOS/Source/tasks.o
 .bss.xPendingReadyList
                0x0000000020000e48       0x14 ./Middlewares/Third_Party/FreeRTOS/Source/tasks.o
 .bss.xSchedulerRunning
                0x0000000020000e5c        0x4 ./Middlewares/Third_Party/FreeRTOS/Source/tasks.o
 .bss.xSuspendedTaskList
                0x0000000020000e60       0x14 ./Middlewares/Third_Party/FreeRTOS/Source/tasks.o
 .bss.xTasksWaitingTermination
                0x0000000020000e74       0x14 ./Middlewares/Third_Party/FreeRTOS/Source/tasks.o
 .bss.xTickCount
                0x0000000020000e88        0x4 ./Middlewares/Third_Party/FreeRTOS/Source/tasks.o
 .bss.xYieldPending
                0x0000000020000e8c        0x4 ./Middlewares/Third_Party/FreeRTOS/Source/tasks.o
 .bss.pxCurrentTimerList
                0x0000000020000e90        0x4 ./Middlewares/Third_Party/FreeRTOS/Source/timers.o
 .bss.pxOverflowTimerList
                0x0000000020000e94        0x4 ./Middlewares/Third_Party/FreeRTOS/Source/timers.o
 .bss.ucStaticTimerQueueStorage.1
                0x0000000020000e98       0xa0 ./Middlewares/Third_Party/FreeRTOS/Source/timers.o
 .bss.xActiveTimerList1
                0x0000000020000f38       0x14 ./Middlewares/Third_Party/FreeRTOS/Source/timers.o
 .bss.xActiveTimerList2
                0x0000000020000f4c       0x14 ./Middlewares/Third_Party/FreeRTOS/Source/timers.o
 .bss.xLastTime.2
                0x0000000020000f60        0x4 ./Middlewares/Third_Party/FreeRTOS/Source/timers.o
 .bss.xStaticTimerQueue.0
                0x0000000020000f64       0x50 ./Middlewares/Third_Party/FreeRTOS/Source/timers.o
 .bss.xTimerQueue
                0x0000000020000fb4        0x4 ./Middlewares/Third_Party/FreeRTOS/Source/timers.o
 .bss.xTimerTaskHandle
                0x0000000020000fb8        0x4 ./Middlewares/Third_Party/FreeRTOS/Source/timers.o
 .bss.ucMaxSysCallPriority
                0x0000000020000fbc        0x1 ./Middlewares/Third_Party/FreeRTOS/Source/portable/GCC/ARM_CM4F/port.o
 *fill*         0x0000000020000fbd        0x3 